[    0.000000] Linux version 5.19.0-41-generic (buildd@lcy02-amd64-045) (x86_64-linux-gnu-gcc (Ubuntu 11.3.0-1ubuntu1~22.04.1) 11.3.0, GNU ld (GNU Binutils for Ubuntu) 2.38) #42~22.04.1-Ubuntu SMP PREEMPT_DYNAMIC Tue Apr 18 17:40:00 UTC 2 (Ubuntu 5.19.0-41.42~22.04.1-generic 5.19.17)
[    0.000000] Command line: BOOT_IMAGE=/vmlinuz-5.19.0-41-generic root=/dev/mapper/storage--root-root--new ro quiet splash vt.handoff=7
[    0.000000] KERNEL supported cpus:
[    0.000000]   Intel GenuineIntel
[    0.000000]   AMD AuthenticAMD
[    0.000000]   Hygon HygonGenuine
[    0.000000]   Centaur CentaurHauls
[    0.000000]   zhaoxin   Shanghai  
[    0.000000] x86/fpu: Supporting XSAVE feature 0x001: 'x87 floating point registers'
[    0.000000] x86/fpu: Supporting XSAVE feature 0x002: 'SSE registers'
[    0.000000] x86/fpu: Supporting XSAVE feature 0x004: 'AVX registers'
[    0.000000] x86/fpu: Supporting XSAVE feature 0x008: 'MPX bounds registers'
[    0.000000] x86/fpu: Supporting XSAVE feature 0x010: 'MPX CSR'
[    0.000000] x86/fpu: Supporting XSAVE feature 0x020: 'AVX-512 opmask'
[    0.000000] x86/fpu: Supporting XSAVE feature 0x040: 'AVX-512 Hi256'
[    0.000000] x86/fpu: Supporting XSAVE feature 0x080: 'AVX-512 ZMM_Hi256'
[    0.000000] x86/fpu: Supporting XSAVE feature 0x200: 'Protection Keys User registers'
[    0.000000] x86/fpu: xstate_offset[2]:  576, xstate_sizes[2]:  256
[    0.000000] x86/fpu: xstate_offset[3]:  832, xstate_sizes[3]:   64
[    0.000000] x86/fpu: xstate_offset[4]:  896, xstate_sizes[4]:   64
[    0.000000] x86/fpu: xstate_offset[5]:  960, xstate_sizes[5]:   64
[    0.000000] x86/fpu: xstate_offset[6]: 1024, xstate_sizes[6]:  512
[    0.000000] x86/fpu: xstate_offset[7]: 1536, xstate_sizes[7]: 1024
[    0.000000] x86/fpu: xstate_offset[9]: 2560, xstate_sizes[9]:    8
[    0.000000] x86/fpu: Enabled xstate features 0x2ff, context size is 2568 bytes, using 'compacted' format.
[    0.000000] signal: max sigframe size: 3632
[    0.000000] BIOS-provided physical RAM map:
[    0.000000] BIOS-e820: [mem 0x0000000000000000-0x000000000009ffff] usable
[    0.000000] BIOS-e820: [mem 0x00000000000a0000-0x00000000000fffff] reserved
[    0.000000] BIOS-e820: [mem 0x0000000000100000-0x0000000069babfff] usable
[    0.000000] BIOS-e820: [mem 0x0000000069bac000-0x000000006bcabfff] reserved
[    0.000000] BIOS-e820: [mem 0x000000006bcac000-0x000000006c63ffff] usable
[    0.000000] BIOS-e820: [mem 0x000000006c640000-0x000000006d521fff] ACPI NVS
[    0.000000] BIOS-e820: [mem 0x000000006d522000-0x000000006fae1fff] reserved
[    0.000000] BIOS-e820: [mem 0x000000006fae2000-0x000000006fffffff] usable
[    0.000000] BIOS-e820: [mem 0x0000000070000000-0x000000008fffffff] reserved
[    0.000000] BIOS-e820: [mem 0x00000000fd000000-0x00000000fe7fffff] reserved
[    0.000000] BIOS-e820: [mem 0x00000000fed20000-0x00000000fed44fff] reserved
[    0.000000] BIOS-e820: [mem 0x00000000ff000000-0x00000000ffffffff] reserved
[    0.000000] BIOS-e820: [mem 0x0000000100000000-0x000000807fffffff] usable
[    0.000000] NX (Execute Disable) protection: active
[    0.000000] e820: update [mem 0x59ac7018-0x59acf057] usable ==> usable
[    0.000000] e820: update [mem 0x59ac7018-0x59acf057] usable ==> usable
[    0.000000] e820: update [mem 0x59abf018-0x59ac6257] usable ==> usable
[    0.000000] e820: update [mem 0x59abf018-0x59ac6257] usable ==> usable
[    0.000000] e820: update [mem 0x59ab7018-0x59abe257] usable ==> usable
[    0.000000] e820: update [mem 0x59ab7018-0x59abe257] usable ==> usable
[    0.000000] e820: update [mem 0x59a71018-0x59ab6e57] usable ==> usable
[    0.000000] e820: update [mem 0x59a71018-0x59ab6e57] usable ==> usable
[    0.000000] e820: update [mem 0x59a39018-0x59a70c57] usable ==> usable
[    0.000000] e820: update [mem 0x59a39018-0x59a70c57] usable ==> usable
[    0.000000] e820: update [mem 0x59a01018-0x59a38c57] usable ==> usable
[    0.000000] e820: update [mem 0x59a01018-0x59a38c57] usable ==> usable
[    0.000000] e820: update [mem 0x599a4018-0x59a00257] usable ==> usable
[    0.000000] e820: update [mem 0x599a4018-0x59a00257] usable ==> usable
[    0.000000] e820: update [mem 0x59947018-0x599a3257] usable ==> usable
[    0.000000] e820: update [mem 0x59947018-0x599a3257] usable ==> usable
[    0.000000] e820: update [mem 0x5993f018-0x59946257] usable ==> usable
[    0.000000] e820: update [mem 0x5993f018-0x59946257] usable ==> usable
[    0.000000] e820: update [mem 0x59937018-0x5993e257] usable ==> usable
[    0.000000] e820: update [mem 0x59937018-0x5993e257] usable ==> usable
[    0.000000] extended physical RAM map:
[    0.000000] reserve setup_data: [mem 0x0000000000000000-0x000000000009ffff] usable
[    0.000000] reserve setup_data: [mem 0x00000000000a0000-0x00000000000fffff] reserved
[    0.000000] reserve setup_data: [mem 0x0000000000100000-0x0000000059937017] usable
[    0.000000] reserve setup_data: [mem 0x0000000059937018-0x000000005993e257] usable
[    0.000000] reserve setup_data: [mem 0x000000005993e258-0x000000005993f017] usable
[    0.000000] reserve setup_data: [mem 0x000000005993f018-0x0000000059946257] usable
[    0.000000] reserve setup_data: [mem 0x0000000059946258-0x0000000059947017] usable
[    0.000000] reserve setup_data: [mem 0x0000000059947018-0x00000000599a3257] usable
[    0.000000] reserve setup_data: [mem 0x00000000599a3258-0x00000000599a4017] usable
[    0.000000] reserve setup_data: [mem 0x00000000599a4018-0x0000000059a00257] usable
[    0.000000] reserve setup_data: [mem 0x0000000059a00258-0x0000000059a01017] usable
[    0.000000] reserve setup_data: [mem 0x0000000059a01018-0x0000000059a38c57] usable
[    0.000000] reserve setup_data: [mem 0x0000000059a38c58-0x0000000059a39017] usable
[    0.000000] reserve setup_data: [mem 0x0000000059a39018-0x0000000059a70c57] usable
[    0.000000] reserve setup_data: [mem 0x0000000059a70c58-0x0000000059a71017] usable
[    0.000000] reserve setup_data: [mem 0x0000000059a71018-0x0000000059ab6e57] usable
[    0.000000] reserve setup_data: [mem 0x0000000059ab6e58-0x0000000059ab7017] usable
[    0.000000] reserve setup_data: [mem 0x0000000059ab7018-0x0000000059abe257] usable
[    0.000000] reserve setup_data: [mem 0x0000000059abe258-0x0000000059abf017] usable
[    0.000000] reserve setup_data: [mem 0x0000000059abf018-0x0000000059ac6257] usable
[    0.000000] reserve setup_data: [mem 0x0000000059ac6258-0x0000000059ac7017] usable
[    0.000000] reserve setup_data: [mem 0x0000000059ac7018-0x0000000059acf057] usable
[    0.000000] reserve setup_data: [mem 0x0000000059acf058-0x0000000069babfff] usable
[    0.000000] reserve setup_data: [mem 0x0000000069bac000-0x000000006bcabfff] reserved
[    0.000000] reserve setup_data: [mem 0x000000006bcac000-0x000000006c63ffff] usable
[    0.000000] reserve setup_data: [mem 0x000000006c640000-0x000000006d521fff] ACPI NVS
[    0.000000] reserve setup_data: [mem 0x000000006d522000-0x000000006fae1fff] reserved
[    0.000000] reserve setup_data: [mem 0x000000006fae2000-0x000000006fffffff] usable
[    0.000000] reserve setup_data: [mem 0x0000000070000000-0x000000008fffffff] reserved
[    0.000000] reserve setup_data: [mem 0x00000000fd000000-0x00000000fe7fffff] reserved
[    0.000000] reserve setup_data: [mem 0x00000000fed20000-0x00000000fed44fff] reserved
[    0.000000] reserve setup_data: [mem 0x00000000ff000000-0x00000000ffffffff] reserved
[    0.000000] reserve setup_data: [mem 0x0000000100000000-0x000000807fffffff] usable
[    0.000000] efi: EFI v2.70 by American Megatrends
[    0.000000] efi: ACPI 2.0=0x6cc43000 ACPI=0x6cc43000 TPMFinalLog=0x6d4ae000 SMBIOS=0x6f3c0000 SMBIOS 3.0=0x6f3bf000 MEMATTR=0x6681a018 ESRT=0x66830f98 MOKvar=0x6f3f7000 TPMEventLog=0x59ad1018 
[    0.000000] secureboot: Secure boot disabled
[    0.000000] SMBIOS 3.2.1 present.
[    0.000000] DMI: Supermicro SSG-6049P-E1CR60L/X11DSC+, BIOS 3.8b 01/06/2023
[    0.000000] tsc: Detected 2100.000 MHz processor
[    0.000018] e820: update [mem 0x00000000-0x00000fff] usable ==> reserved
[    0.000022] e820: remove [mem 0x000a0000-0x000fffff] usable
[    0.000042] last_pfn = 0x8080000 max_arch_pfn = 0x400000000
[    0.000332] x86/PAT: Configuration [0-7]: WB  WC  UC- UC  WB  WP  UC- WT  
[    0.001417] total RAM covered: 524224M
[    0.001591]  gran_size: 64K 	chunk_size: 64K 	num_reg: 10  	lose cover RAM: 386G
[    0.001595]  gran_size: 64K 	chunk_size: 128K 	num_reg: 10  	lose cover RAM: 386G
[    0.001597]  gran_size: 64K 	chunk_size: 256K 	num_reg: 10  	lose cover RAM: 386G
[    0.001599]  gran_size: 64K 	chunk_size: 512K 	num_reg: 10  	lose cover RAM: 386G
[    0.001601]  gran_size: 64K 	chunk_size: 1M 	num_reg: 10  	lose cover RAM: 386G
[    0.001603]  gran_size: 64K 	chunk_size: 2M 	num_reg: 10  	lose cover RAM: 386G
[    0.001605]  gran_size: 64K 	chunk_size: 4M 	num_reg: 10  	lose cover RAM: 386G
[    0.001606]  gran_size: 64K 	chunk_size: 8M 	num_reg: 10  	lose cover RAM: 386G
[    0.001608]  gran_size: 64K 	chunk_size: 16M 	num_reg: 10  	lose cover RAM: 386G
[    0.001610]  gran_size: 64K 	chunk_size: 32M 	num_reg: 10  	lose cover RAM: 386G
[    0.001612]  gran_size: 64K 	chunk_size: 64M 	num_reg: 10  	lose cover RAM: 386G
[    0.001614]  gran_size: 64K 	chunk_size: 128M 	num_reg: 10  	lose cover RAM: 482G
[    0.001616]  gran_size: 64K 	chunk_size: 256M 	num_reg: 10  	lose cover RAM: 482G
[    0.001617]  gran_size: 64K 	chunk_size: 512M 	num_reg: 10  	lose cover RAM: 0G
[    0.001619]  gran_size: 64K 	chunk_size: 1G 	num_reg: 10  	lose cover RAM: 0G
[    0.001621]  gran_size: 64K 	chunk_size: 2G 	num_reg: 10  	lose cover RAM: 0G
[    0.001623]  gran_size: 128K 	chunk_size: 128K 	num_reg: 10  	lose cover RAM: 386G
[    0.001625]  gran_size: 128K 	chunk_size: 256K 	num_reg: 10  	lose cover RAM: 386G
[    0.001627]  gran_size: 128K 	chunk_size: 512K 	num_reg: 10  	lose cover RAM: 386G
[    0.001629]  gran_size: 128K 	chunk_size: 1M 	num_reg: 10  	lose cover RAM: 386G
[    0.001631]  gran_size: 128K 	chunk_size: 2M 	num_reg: 10  	lose cover RAM: 386G
[    0.001633]  gran_size: 128K 	chunk_size: 4M 	num_reg: 10  	lose cover RAM: 386G
[    0.001635]  gran_size: 128K 	chunk_size: 8M 	num_reg: 10  	lose cover RAM: 386G
[    0.001636]  gran_size: 128K 	chunk_size: 16M 	num_reg: 10  	lose cover RAM: 386G
[    0.001638]  gran_size: 128K 	chunk_size: 32M 	num_reg: 10  	lose cover RAM: 386G
[    0.001640]  gran_size: 128K 	chunk_size: 64M 	num_reg: 10  	lose cover RAM: 386G
[    0.001642]  gran_size: 128K 	chunk_size: 128M 	num_reg: 10  	lose cover RAM: 482G
[    0.001644]  gran_size: 128K 	chunk_size: 256M 	num_reg: 10  	lose cover RAM: 482G
[    0.001645]  gran_size: 128K 	chunk_size: 512M 	num_reg: 10  	lose cover RAM: 0G
[    0.001647]  gran_size: 128K 	chunk_size: 1G 	num_reg: 10  	lose cover RAM: 0G
[    0.001649]  gran_size: 128K 	chunk_size: 2G 	num_reg: 10  	lose cover RAM: 0G
[    0.001651]  gran_size: 256K 	chunk_size: 256K 	num_reg: 10  	lose cover RAM: 386G
[    0.001653]  gran_size: 256K 	chunk_size: 512K 	num_reg: 10  	lose cover RAM: 386G
[    0.001654]  gran_size: 256K 	chunk_size: 1M 	num_reg: 10  	lose cover RAM: 386G
[    0.001656]  gran_size: 256K 	chunk_size: 2M 	num_reg: 10  	lose cover RAM: 386G
[    0.001658]  gran_size: 256K 	chunk_size: 4M 	num_reg: 10  	lose cover RAM: 386G
[    0.001660]  gran_size: 256K 	chunk_size: 8M 	num_reg: 10  	lose cover RAM: 386G
[    0.001662]  gran_size: 256K 	chunk_size: 16M 	num_reg: 10  	lose cover RAM: 386G
[    0.001663]  gran_size: 256K 	chunk_size: 32M 	num_reg: 10  	lose cover RAM: 386G
[    0.001665]  gran_size: 256K 	chunk_size: 64M 	num_reg: 10  	lose cover RAM: 386G
[    0.001667]  gran_size: 256K 	chunk_size: 128M 	num_reg: 10  	lose cover RAM: 482G
[    0.001669]  gran_size: 256K 	chunk_size: 256M 	num_reg: 10  	lose cover RAM: 482G
[    0.001671]  gran_size: 256K 	chunk_size: 512M 	num_reg: 10  	lose cover RAM: 0G
[    0.001672]  gran_size: 256K 	chunk_size: 1G 	num_reg: 10  	lose cover RAM: 0G
[    0.001674]  gran_size: 256K 	chunk_size: 2G 	num_reg: 10  	lose cover RAM: 0G
[    0.001676]  gran_size: 512K 	chunk_size: 512K 	num_reg: 10  	lose cover RAM: 386G
[    0.001678]  gran_size: 512K 	chunk_size: 1M 	num_reg: 10  	lose cover RAM: 386G
[    0.001680]  gran_size: 512K 	chunk_size: 2M 	num_reg: 10  	lose cover RAM: 386G
[    0.001681]  gran_size: 512K 	chunk_size: 4M 	num_reg: 10  	lose cover RAM: 386G
[    0.001683]  gran_size: 512K 	chunk_size: 8M 	num_reg: 10  	lose cover RAM: 386G
[    0.001685]  gran_size: 512K 	chunk_size: 16M 	num_reg: 10  	lose cover RAM: 386G
[    0.001687]  gran_size: 512K 	chunk_size: 32M 	num_reg: 10  	lose cover RAM: 386G
[    0.001689]  gran_size: 512K 	chunk_size: 64M 	num_reg: 10  	lose cover RAM: 386G
[    0.001690]  gran_size: 512K 	chunk_size: 128M 	num_reg: 10  	lose cover RAM: 482G
[    0.001692]  gran_size: 512K 	chunk_size: 256M 	num_reg: 10  	lose cover RAM: 482G
[    0.001694]  gran_size: 512K 	chunk_size: 512M 	num_reg: 10  	lose cover RAM: 0G
[    0.001696]  gran_size: 512K 	chunk_size: 1G 	num_reg: 10  	lose cover RAM: 0G
[    0.001698]  gran_size: 512K 	chunk_size: 2G 	num_reg: 10  	lose cover RAM: 0G
[    0.001699]  gran_size: 1M 	chunk_size: 1M 	num_reg: 10  	lose cover RAM: 386G
[    0.001701]  gran_size: 1M 	chunk_size: 2M 	num_reg: 10  	lose cover RAM: 386G
[    0.001703]  gran_size: 1M 	chunk_size: 4M 	num_reg: 10  	lose cover RAM: 386G
[    0.001705]  gran_size: 1M 	chunk_size: 8M 	num_reg: 10  	lose cover RAM: 386G
[    0.001707]  gran_size: 1M 	chunk_size: 16M 	num_reg: 10  	lose cover RAM: 386G
[    0.001709]  gran_size: 1M 	chunk_size: 32M 	num_reg: 10  	lose cover RAM: 386G
[    0.001711]  gran_size: 1M 	chunk_size: 64M 	num_reg: 10  	lose cover RAM: 386G
[    0.001713]  gran_size: 1M 	chunk_size: 128M 	num_reg: 10  	lose cover RAM: 482G
[    0.001715]  gran_size: 1M 	chunk_size: 256M 	num_reg: 10  	lose cover RAM: 482G
[    0.001717]  gran_size: 1M 	chunk_size: 512M 	num_reg: 10  	lose cover RAM: 0G
[    0.001719]  gran_size: 1M 	chunk_size: 1G 	num_reg: 10  	lose cover RAM: 0G
[    0.001720]  gran_size: 1M 	chunk_size: 2G 	num_reg: 10  	lose cover RAM: 0G
[    0.001722]  gran_size: 2M 	chunk_size: 2M 	num_reg: 10  	lose cover RAM: 386G
[    0.001724]  gran_size: 2M 	chunk_size: 4M 	num_reg: 10  	lose cover RAM: 386G
[    0.001726]  gran_size: 2M 	chunk_size: 8M 	num_reg: 10  	lose cover RAM: 386G
[    0.001727]  gran_size: 2M 	chunk_size: 16M 	num_reg: 10  	lose cover RAM: 386G
[    0.001729]  gran_size: 2M 	chunk_size: 32M 	num_reg: 10  	lose cover RAM: 386G
[    0.001731]  gran_size: 2M 	chunk_size: 64M 	num_reg: 10  	lose cover RAM: 386G
[    0.001733]  gran_size: 2M 	chunk_size: 128M 	num_reg: 10  	lose cover RAM: 482G
[    0.001734]  gran_size: 2M 	chunk_size: 256M 	num_reg: 10  	lose cover RAM: 482G
[    0.001736]  gran_size: 2M 	chunk_size: 512M 	num_reg: 10  	lose cover RAM: 0G
[    0.001738]  gran_size: 2M 	chunk_size: 1G 	num_reg: 10  	lose cover RAM: 0G
[    0.001740]  gran_size: 2M 	chunk_size: 2G 	num_reg: 10  	lose cover RAM: 0G
[    0.001742]  gran_size: 4M 	chunk_size: 4M 	num_reg: 10  	lose cover RAM: 386G
[    0.001743]  gran_size: 4M 	chunk_size: 8M 	num_reg: 10  	lose cover RAM: 386G
[    0.001745]  gran_size: 4M 	chunk_size: 16M 	num_reg: 10  	lose cover RAM: 386G
[    0.001747]  gran_size: 4M 	chunk_size: 32M 	num_reg: 10  	lose cover RAM: 386G
[    0.001749]  gran_size: 4M 	chunk_size: 64M 	num_reg: 10  	lose cover RAM: 386G
[    0.001750]  gran_size: 4M 	chunk_size: 128M 	num_reg: 10  	lose cover RAM: 482G
[    0.001752]  gran_size: 4M 	chunk_size: 256M 	num_reg: 10  	lose cover RAM: 482G
[    0.001754]  gran_size: 4M 	chunk_size: 512M 	num_reg: 10  	lose cover RAM: 0G
[    0.001756]  gran_size: 4M 	chunk_size: 1G 	num_reg: 10  	lose cover RAM: 0G
[    0.001758]  gran_size: 4M 	chunk_size: 2G 	num_reg: 10  	lose cover RAM: 0G
[    0.001759]  gran_size: 8M 	chunk_size: 8M 	num_reg: 10  	lose cover RAM: 386G
[    0.001761]  gran_size: 8M 	chunk_size: 16M 	num_reg: 10  	lose cover RAM: 386G
[    0.001763]  gran_size: 8M 	chunk_size: 32M 	num_reg: 10  	lose cover RAM: 386G
[    0.001765]  gran_size: 8M 	chunk_size: 64M 	num_reg: 10  	lose cover RAM: 386G
[    0.001766]  gran_size: 8M 	chunk_size: 128M 	num_reg: 10  	lose cover RAM: 482G
[    0.001768]  gran_size: 8M 	chunk_size: 256M 	num_reg: 10  	lose cover RAM: 482G
[    0.001770]  gran_size: 8M 	chunk_size: 512M 	num_reg: 10  	lose cover RAM: 0G
[    0.001772]  gran_size: 8M 	chunk_size: 1G 	num_reg: 10  	lose cover RAM: 0G
[    0.001774]  gran_size: 8M 	chunk_size: 2G 	num_reg: 10  	lose cover RAM: 0G
[    0.001775]  gran_size: 16M 	chunk_size: 16M 	num_reg: 10  	lose cover RAM: 386G
[    0.001777]  gran_size: 16M 	chunk_size: 32M 	num_reg: 10  	lose cover RAM: 386G
[    0.001779]  gran_size: 16M 	chunk_size: 64M 	num_reg: 10  	lose cover RAM: 386G
[    0.001781]  gran_size: 16M 	chunk_size: 128M 	num_reg: 10  	lose cover RAM: 482G
[    0.001783]  gran_size: 16M 	chunk_size: 256M 	num_reg: 10  	lose cover RAM: 482G
[    0.001785]  gran_size: 16M 	chunk_size: 512M 	num_reg: 10  	lose cover RAM: 0G
[    0.001786]  gran_size: 16M 	chunk_size: 1G 	num_reg: 10  	lose cover RAM: 0G
[    0.001788]  gran_size: 16M 	chunk_size: 2G 	num_reg: 10  	lose cover RAM: 0G
[    0.001790]  gran_size: 32M 	chunk_size: 32M 	num_reg: 10  	lose cover RAM: 386G
[    0.001792]  gran_size: 32M 	chunk_size: 64M 	num_reg: 10  	lose cover RAM: 386G
[    0.001794]  gran_size: 32M 	chunk_size: 128M 	num_reg: 10  	lose cover RAM: 482G
[    0.001796]  gran_size: 32M 	chunk_size: 256M 	num_reg: 10  	lose cover RAM: 482G
[    0.001798]  gran_size: 32M 	chunk_size: 512M 	num_reg: 10  	lose cover RAM: 0G
[    0.001800]  gran_size: 32M 	chunk_size: 1G 	num_reg: 10  	lose cover RAM: 0G
[    0.001802]  gran_size: 32M 	chunk_size: 2G 	num_reg: 10  	lose cover RAM: 0G
[    0.001804]  gran_size: 64M 	chunk_size: 64M 	num_reg: 10  	lose cover RAM: 386G
[    0.001806]  gran_size: 64M 	chunk_size: 128M 	num_reg: 10  	lose cover RAM: 482G
[    0.001807]  gran_size: 64M 	chunk_size: 256M 	num_reg: 10  	lose cover RAM: 482G
[    0.001809]  gran_size: 64M 	chunk_size: 512M 	num_reg: 10  	lose cover RAM: 0G
[    0.001811]  gran_size: 64M 	chunk_size: 1G 	num_reg: 10  	lose cover RAM: 0G
[    0.001813]  gran_size: 64M 	chunk_size: 2G 	num_reg: 10  	lose cover RAM: 0G
[    0.001814]  gran_size: 128M 	chunk_size: 128M 	num_reg: 10  	lose cover RAM: 395328M
[    0.001817]  gran_size: 128M 	chunk_size: 256M 	num_reg: 10  	lose cover RAM: 395328M
[    0.001818]  gran_size: 128M 	chunk_size: 512M 	num_reg: 10  	lose cover RAM: 0G
[    0.001820]  gran_size: 128M 	chunk_size: 1G 	num_reg: 10  	lose cover RAM: 0G
[    0.001822]  gran_size: 128M 	chunk_size: 2G 	num_reg: 10  	lose cover RAM: 0G
[    0.001824]  gran_size: 256M 	chunk_size: 256M 	num_reg: 10  	lose cover RAM: 2240M
[    0.001826]  gran_size: 256M 	chunk_size: 512M 	num_reg: 10  	lose cover RAM: 0G
[    0.001828]  gran_size: 256M 	chunk_size: 1G 	num_reg: 10  	lose cover RAM: 0G
[    0.001829]  gran_size: 256M 	chunk_size: 2G 	num_reg: 10  	lose cover RAM: 0G
[    0.001831]  gran_size: 512M 	chunk_size: 512M 	num_reg: 10  	lose cover RAM: 448M
[    0.001833]  gran_size: 512M 	chunk_size: 1G 	num_reg: 10  	lose cover RAM: 2304M
[    0.001835]  gran_size: 512M 	chunk_size: 2G 	num_reg: 10  	lose cover RAM: 2304M
[    0.001837]  gran_size: 1G 	chunk_size: 1G 	num_reg: 9  	lose cover RAM: 960M
[    0.001839]  gran_size: 1G 	chunk_size: 2G 	num_reg: 10  	lose cover RAM: 264960M
[    0.001841]  gran_size: 2G 	chunk_size: 2G 	num_reg: 8  	lose cover RAM: 1984M
[    0.001843] mtrr_cleanup: can not find optimal value
[    0.001844] please specify mtrr_gran_size/mtrr_chunk_size
[    0.001847] e820: update [mem 0x70000000-0x73ffffff] usable ==> reserved
[    0.001851] e820: update [mem 0x80000000-0xffffffff] usable ==> reserved
[    0.001855] x2apic: enabled by BIOS, switching to x2apic ops
[    0.001859] last_pfn = 0x70000 max_arch_pfn = 0x400000000
[    0.013714] esrt: Reserving ESRT space from 0x0000000066830f98 to 0x0000000066830fd0.
[    0.013721] e820: update [mem 0x66830000-0x66830fff] usable ==> reserved
[    0.013759] Using GB pages for direct mapping
[    0.014531] secureboot: Secure boot disabled
[    0.014531] RAMDISK: [mem 0x59ad5000-0x5e53bfff]
[    0.014539] ACPI: Early table checksum verification disabled
[    0.014543] ACPI: RSDP 0x000000006CC43000 000024 (v02 SUPERM)
[    0.014548] ACPI: XSDT 0x000000006CC430D0 000124 (v01 SUPERM SUPERM   01072009 AMI  00010013)
[    0.014556] ACPI: FACP 0x000000006CF40308 000114 (v06 SUPERM SMCI--MB 01072009 INTL 20091013)
[    0.014565] ACPI: DSDT 0x000000006CC43290 2FD078 (v02 SUPERM SMCI--MB 01072009 INTL 20091013)
[    0.014569] ACPI: FACS 0x000000006D4DE080 000040
[    0.014573] ACPI: FPDT 0x000000006CF40420 000044 (v01                 01072009 AMI  00010013)
[    0.014577] ACPI: FIDT 0x000000006CF40468 00009C (v01 SUPERM SMCI--MB 01072009 AMI  00010013)
[    0.014581] ACPI: SPMI 0x000000006CF40508 000041 (v05 SUPERM SMCI--MB 00000000 AMI. 00000000)
[    0.014586] ACPI: UEFI 0x000000006CF40550 00005C (v01 INTEL  RstUefiV 00000000      00000000)
[    0.014590] ACPI: SSDT 0x000000006CF405B0 00046C (v02 INTEL  ADDRXLAT 00000001 INTL 20140828)
[    0.014594] ACPI: MCFG 0x000000006CF40A20 00003C (v01 SUPERM SMCI--MB 01072009 MSFT 00000097)
[    0.014598] ACPI: HPET 0x000000006CF40A60 000038 (v01 SUPERM SMCI--MB 00000001 INTL 20091013)
[    0.014602] ACPI: APIC 0x000000006CF40A98 0016DE (v04 SUPERM SMCI--MB 00000000 INTL 20091013)
[    0.014606] ACPI: MIGT 0x000000006CF42178 000040 (v01 SUPERM SMCI--MB 00000000 INTL 20091013)
[    0.014610] ACPI: MSCT 0x000000006CF421B8 000090 (v01 SUPERM SMCI--MB 00000001 INTL 20091013)
[    0.014614] ACPI: PCAT 0x000000006CF42248 000088 (v02 SUPERM SMCI--MB 00000002 INTL 20091013)
[    0.014618] ACPI: PCCT 0x000000006CF422D0 00006E (v01 SUPERM SMCI--MB 00000002 INTL 20091013)
[    0.014622] ACPI: RASF 0x000000006CF42340 000030 (v01 SUPERM SMCI--MB 00000001 INTL 20091013)
[    0.014626] ACPI: SLIT 0x000000006CF42370 00042C (v01 SUPERM SMCI--MB 00000001 INTL 20091013)
[    0.014630] ACPI: SRAT 0x000000006CF427A0 002D30 (v03 SUPERM SMCI--MB 00000002 INTL 20091013)
[    0.014635] ACPI: SVOS 0x000000006CF454D0 000032 (v01 SUPERM SMCI--MB 00000000 INTL 20091013)
[    0.014639] ACPI: WDDT 0x000000006CF45508 000040 (v01 SUPERM SMCI--MB 00000000 INTL 20091013)
[    0.014643] ACPI: OEM4 0x000000006CF45548 0A27C4 (v02 INTEL  CPU  CST 00003000 INTL 20140828)
[    0.014647] ACPI: OEM1 0x000000006CFE7D10 02A2C4 (v02 INTEL  CPU EIST 00003000 INTL 20140828)
[    0.014651] ACPI: SSDT 0x000000006D011FD8 033990 (v02 INTEL  SSDT  PM 00004000 INTL 20140828)
[    0.014655] ACPI: OEM3 0x000000006D045968 026664 (v02 INTEL  CPU  TST 00003000 INTL 20140828)
[    0.014659] ACPI: SSDT 0x000000006D06BFD0 00065B (v02 SUPERM SMCI--MB 00000000 INTL 20091013)
[    0.014663] ACPI: BGRT 0x000000006D06C630 000038 (v01 SUPERM SMCI--MB 01072009 AMI  00010013)
[    0.014668] ACPI: TPM2 0x000000006D06C668 000034 (v04 SUPERM SMCI--MB 00000001 AMI  00000000)
[    0.014672] ACPI: SSDT 0x000000006D06C6A0 002B10 (v02 INTEL  SpsNm    00000002 INTL 20140828)
[    0.014676] ACPI: DMAR 0x000000006D06F1B0 0002A0 (v01 SUPERM SMCI--MB 00000001 INTL 20091013)
[    0.014680] ACPI: HEST 0x000000006D06F450 0000A8 (v01 SUPERM SMCI--MB 00000001 INTL 00000001)
[    0.014684] ACPI: BERT 0x000000006D06F4F8 000030 (v01 SUPERM SMCI--MB 00000001 INTL 00000001)
[    0.014688] ACPI: ERST 0x000000006D06F528 000230 (v01 SUPERM SMCI--MB 00000001 INTL 00000001)
[    0.014692] ACPI: EINJ 0x000000006D06F758 000150 (v01 SUPERM SMCI--MB 00000001 INTL 00000001)
[    0.014696] ACPI: WSMT 0x000000006D06F8A8 000028 (v01 SUPERM SMCI--MB 01072009 AMI  00010013)
[    0.014699] ACPI: Reserving FACP table memory at [mem 0x6cf40308-0x6cf4041b]
[    0.014702] ACPI: Reserving DSDT table memory at [mem 0x6cc43290-0x6cf40307]
[    0.014703] ACPI: Reserving FACS table memory at [mem 0x6d4de080-0x6d4de0bf]
[    0.014705] ACPI: Reserving FPDT table memory at [mem 0x6cf40420-0x6cf40463]
[    0.014706] ACPI: Reserving FIDT table memory at [mem 0x6cf40468-0x6cf40503]
[    0.014707] ACPI: Reserving SPMI table memory at [mem 0x6cf40508-0x6cf40548]
[    0.014709] ACPI: Reserving UEFI table memory at [mem 0x6cf40550-0x6cf405ab]
[    0.014710] ACPI: Reserving SSDT table memory at [mem 0x6cf405b0-0x6cf40a1b]
[    0.014711] ACPI: Reserving MCFG table memory at [mem 0x6cf40a20-0x6cf40a5b]
[    0.014713] ACPI: Reserving HPET table memory at [mem 0x6cf40a60-0x6cf40a97]
[    0.014714] ACPI: Reserving APIC table memory at [mem 0x6cf40a98-0x6cf42175]
[    0.014715] ACPI: Reserving MIGT table memory at [mem 0x6cf42178-0x6cf421b7]
[    0.014717] ACPI: Reserving MSCT table memory at [mem 0x6cf421b8-0x6cf42247]
[    0.014718] ACPI: Reserving PCAT table memory at [mem 0x6cf42248-0x6cf422cf]
[    0.014719] ACPI: Reserving PCCT table memory at [mem 0x6cf422d0-0x6cf4233d]
[    0.014721] ACPI: Reserving RASF table memory at [mem 0x6cf42340-0x6cf4236f]
[    0.014722] ACPI: Reserving SLIT table memory at [mem 0x6cf42370-0x6cf4279b]
[    0.014723] ACPI: Reserving SRAT table memory at [mem 0x6cf427a0-0x6cf454cf]
[    0.014725] ACPI: Reserving SVOS table memory at [mem 0x6cf454d0-0x6cf45501]
[    0.014726] ACPI: Reserving WDDT table memory at [mem 0x6cf45508-0x6cf45547]
[    0.014728] ACPI: Reserving OEM4 table memory at [mem 0x6cf45548-0x6cfe7d0b]
[    0.014729] ACPI: Reserving OEM1 table memory at [mem 0x6cfe7d10-0x6d011fd3]
[    0.014730] ACPI: Reserving SSDT table memory at [mem 0x6d011fd8-0x6d045967]
[    0.014732] ACPI: Reserving OEM3 table memory at [mem 0x6d045968-0x6d06bfcb]
[    0.014733] ACPI: Reserving SSDT table memory at [mem 0x6d06bfd0-0x6d06c62a]
[    0.014735] ACPI: Reserving BGRT table memory at [mem 0x6d06c630-0x6d06c667]
[    0.014736] ACPI: Reserving TPM2 table memory at [mem 0x6d06c668-0x6d06c69b]
[    0.014737] ACPI: Reserving SSDT table memory at [mem 0x6d06c6a0-0x6d06f1af]
[    0.014739] ACPI: Reserving DMAR table memory at [mem 0x6d06f1b0-0x6d06f44f]
[    0.014740] ACPI: Reserving HEST table memory at [mem 0x6d06f450-0x6d06f4f7]
[    0.014742] ACPI: Reserving BERT table memory at [mem 0x6d06f4f8-0x6d06f527]
[    0.014743] ACPI: Reserving ERST table memory at [mem 0x6d06f528-0x6d06f757]
[    0.014744] ACPI: Reserving EINJ table memory at [mem 0x6d06f758-0x6d06f8a7]
[    0.014746] ACPI: Reserving WSMT table memory at [mem 0x6d06f8a8-0x6d06f8cf]
[    0.014759] Setting APIC routing to cluster x2apic.
[    0.014912] SRAT: PXM 0 -> APIC 0x0000 -> Node 0
[    0.014914] SRAT: PXM 0 -> APIC 0x0002 -> Node 0
[    0.014915] SRAT: PXM 0 -> APIC 0x0004 -> Node 0
[    0.014916] SRAT: PXM 0 -> APIC 0x0006 -> Node 0
[    0.014917] SRAT: PXM 0 -> APIC 0x0008 -> Node 0
[    0.014918] SRAT: PXM 0 -> APIC 0x000a -> Node 0
[    0.014919] SRAT: PXM 0 -> APIC 0x0010 -> Node 0
[    0.014920] SRAT: PXM 0 -> APIC 0x0012 -> Node 0
[    0.014921] SRAT: PXM 0 -> APIC 0x0014 -> Node 0
[    0.014922] SRAT: PXM 0 -> APIC 0x0016 -> Node 0
[    0.014923] SRAT: PXM 0 -> APIC 0x0018 -> Node 0
[    0.014924] SRAT: PXM 0 -> APIC 0x0020 -> Node 0
[    0.014925] SRAT: PXM 0 -> APIC 0x0022 -> Node 0
[    0.014926] SRAT: PXM 0 -> APIC 0x0024 -> Node 0
[    0.014927] SRAT: PXM 0 -> APIC 0x0026 -> Node 0
[    0.014928] SRAT: PXM 0 -> APIC 0x0028 -> Node 0
[    0.014929] SRAT: PXM 0 -> APIC 0x002a -> Node 0
[    0.014930] SRAT: PXM 0 -> APIC 0x0030 -> Node 0
[    0.014931] SRAT: PXM 0 -> APIC 0x0032 -> Node 0
[    0.014932] SRAT: PXM 0 -> APIC 0x0034 -> Node 0
[    0.014933] SRAT: PXM 0 -> APIC 0x0036 -> Node 0
[    0.014934] SRAT: PXM 0 -> APIC 0x0038 -> Node 0
[    0.014935] SRAT: PXM 1 -> APIC 0x0040 -> Node 1
[    0.014936] SRAT: PXM 1 -> APIC 0x0042 -> Node 1
[    0.014937] SRAT: PXM 1 -> APIC 0x0044 -> Node 1
[    0.014938] SRAT: PXM 1 -> APIC 0x0046 -> Node 1
[    0.014940] SRAT: PXM 1 -> APIC 0x0048 -> Node 1
[    0.014941] SRAT: PXM 1 -> APIC 0x004a -> Node 1
[    0.014942] SRAT: PXM 1 -> APIC 0x0050 -> Node 1
[    0.014943] SRAT: PXM 1 -> APIC 0x0052 -> Node 1
[    0.014944] SRAT: PXM 1 -> APIC 0x0054 -> Node 1
[    0.014945] SRAT: PXM 1 -> APIC 0x0056 -> Node 1
[    0.014946] SRAT: PXM 1 -> APIC 0x0058 -> Node 1
[    0.014947] SRAT: PXM 1 -> APIC 0x0060 -> Node 1
[    0.014948] SRAT: PXM 1 -> APIC 0x0062 -> Node 1
[    0.014948] SRAT: PXM 1 -> APIC 0x0064 -> Node 1
[    0.014949] SRAT: PXM 1 -> APIC 0x0066 -> Node 1
[    0.014950] SRAT: PXM 1 -> APIC 0x0068 -> Node 1
[    0.014951] SRAT: PXM 1 -> APIC 0x006a -> Node 1
[    0.014952] SRAT: PXM 1 -> APIC 0x0070 -> Node 1
[    0.014953] SRAT: PXM 1 -> APIC 0x0072 -> Node 1
[    0.014954] SRAT: PXM 1 -> APIC 0x0074 -> Node 1
[    0.014955] SRAT: PXM 1 -> APIC 0x0076 -> Node 1
[    0.014956] SRAT: PXM 1 -> APIC 0x0078 -> Node 1
[    0.014957] SRAT: PXM 0 -> APIC 0x0001 -> Node 0
[    0.014958] SRAT: PXM 0 -> APIC 0x0003 -> Node 0
[    0.014959] SRAT: PXM 0 -> APIC 0x0005 -> Node 0
[    0.014959] SRAT: PXM 0 -> APIC 0x0007 -> Node 0
[    0.014960] SRAT: PXM 0 -> APIC 0x0009 -> Node 0
[    0.014961] SRAT: PXM 0 -> APIC 0x000b -> Node 0
[    0.014962] SRAT: PXM 0 -> APIC 0x0011 -> Node 0
[    0.014963] SRAT: PXM 0 -> APIC 0x0013 -> Node 0
[    0.014964] SRAT: PXM 0 -> APIC 0x0015 -> Node 0
[    0.014965] SRAT: PXM 0 -> APIC 0x0017 -> Node 0
[    0.014966] SRAT: PXM 0 -> APIC 0x0019 -> Node 0
[    0.014967] SRAT: PXM 0 -> APIC 0x0021 -> Node 0
[    0.014968] SRAT: PXM 0 -> APIC 0x0023 -> Node 0
[    0.014969] SRAT: PXM 0 -> APIC 0x0025 -> Node 0
[    0.014970] SRAT: PXM 0 -> APIC 0x0027 -> Node 0
[    0.014970] SRAT: PXM 0 -> APIC 0x0029 -> Node 0
[    0.014971] SRAT: PXM 0 -> APIC 0x002b -> Node 0
[    0.014972] SRAT: PXM 0 -> APIC 0x0031 -> Node 0
[    0.014973] SRAT: PXM 0 -> APIC 0x0033 -> Node 0
[    0.014974] SRAT: PXM 0 -> APIC 0x0035 -> Node 0
[    0.014975] SRAT: PXM 0 -> APIC 0x0037 -> Node 0
[    0.014976] SRAT: PXM 0 -> APIC 0x0039 -> Node 0
[    0.014977] SRAT: PXM 1 -> APIC 0x0041 -> Node 1
[    0.014978] SRAT: PXM 1 -> APIC 0x0043 -> Node 1
[    0.014979] SRAT: PXM 1 -> APIC 0x0045 -> Node 1
[    0.014980] SRAT: PXM 1 -> APIC 0x0047 -> Node 1
[    0.014981] SRAT: PXM 1 -> APIC 0x0049 -> Node 1
[    0.014981] SRAT: PXM 1 -> APIC 0x004b -> Node 1
[    0.014982] SRAT: PXM 1 -> APIC 0x0051 -> Node 1
[    0.014983] SRAT: PXM 1 -> APIC 0x0053 -> Node 1
[    0.014984] SRAT: PXM 1 -> APIC 0x0055 -> Node 1
[    0.014985] SRAT: PXM 1 -> APIC 0x0057 -> Node 1
[    0.014986] SRAT: PXM 1 -> APIC 0x0059 -> Node 1
[    0.014987] SRAT: PXM 1 -> APIC 0x0061 -> Node 1
[    0.014988] SRAT: PXM 1 -> APIC 0x0063 -> Node 1
[    0.014989] SRAT: PXM 1 -> APIC 0x0065 -> Node 1
[    0.014990] SRAT: PXM 1 -> APIC 0x0067 -> Node 1
[    0.014991] SRAT: PXM 1 -> APIC 0x0069 -> Node 1
[    0.014992] SRAT: PXM 1 -> APIC 0x006b -> Node 1
[    0.014993] SRAT: PXM 1 -> APIC 0x0071 -> Node 1
[    0.014993] SRAT: PXM 1 -> APIC 0x0073 -> Node 1
[    0.014994] SRAT: PXM 1 -> APIC 0x0075 -> Node 1
[    0.014995] SRAT: PXM 1 -> APIC 0x0077 -> Node 1
[    0.014996] SRAT: PXM 1 -> APIC 0x0079 -> Node 1
[    0.015008] ACPI: SRAT: Node 0 PXM 0 [mem 0x00000000-0x7fffffff]
[    0.015011] ACPI: SRAT: Node 0 PXM 0 [mem 0x100000000-0x407fffffff]
[    0.015013] ACPI: SRAT: Node 1 PXM 1 [mem 0x4080000000-0x807fffffff]
[    0.015026] NUMA: Initialized distance table, cnt=2
[    0.015030] NUMA: Node 0 [mem 0x00000000-0x7fffffff] + [mem 0x100000000-0x407fffffff] -> [mem 0x00000000-0x407fffffff]
[    0.015045] NODE_DATA(0) allocated [mem 0x407ffd5000-0x407fffffff]
[    0.015073] NODE_DATA(1) allocated [mem 0x807ffd4000-0x807fffefff]
[    0.016369] Zone ranges:
[    0.016370]   DMA      [mem 0x0000000000001000-0x0000000000ffffff]
[    0.016373]   DMA32    [mem 0x0000000001000000-0x00000000ffffffff]
[    0.016375]   Normal   [mem 0x0000000100000000-0x000000807fffffff]
[    0.016377]   Device   empty
[    0.016379] Movable zone start for each node
[    0.016382] Early memory node ranges
[    0.016383]   node   0: [mem 0x0000000000001000-0x000000000009ffff]
[    0.016385]   node   0: [mem 0x0000000000100000-0x0000000069babfff]
[    0.016386]   node   0: [mem 0x000000006bcac000-0x000000006c63ffff]
[    0.016387]   node   0: [mem 0x000000006fae2000-0x000000006fffffff]
[    0.016388]   node   0: [mem 0x0000000100000000-0x000000407fffffff]
[    0.016422]   node   1: [mem 0x0000004080000000-0x000000807fffffff]
[    0.016458] Initmem setup node 0 [mem 0x0000000000001000-0x000000407fffffff]
[    0.016463] Initmem setup node 1 [mem 0x0000004080000000-0x000000807fffffff]
[    0.016467] On node 0, zone DMA: 1 pages in unavailable ranges
[    0.016513] On node 0, zone DMA: 96 pages in unavailable ranges
[    0.021258] On node 0, zone DMA32: 8448 pages in unavailable ranges
[    0.021506] On node 0, zone DMA32: 13474 pages in unavailable ranges
[    1.577559] ACPI: PM-Timer IO Port: 0x508
[    1.577605] ACPI: X2APIC_NMI (uid[0xffffffff] high level lint[0x1])
[    1.577611] ACPI: LAPIC_NMI (acpi_id[0xff] dfl edge lint[0x1])
[    1.577632] IOAPIC[0]: apic_id 8, version 32, address 0xfec00000, GSI 0-23
[    1.577639] IOAPIC[1]: apic_id 9, version 32, address 0xfec01000, GSI 24-31
[    1.577644] IOAPIC[2]: apic_id 10, version 32, address 0xfec08000, GSI 32-39
[    1.577649] IOAPIC[3]: apic_id 11, version 32, address 0xfec10000, GSI 40-47
[    1.577653] IOAPIC[4]: apic_id 12, version 32, address 0xfec18000, GSI 48-55
[    1.577658] IOAPIC[5]: apic_id 15, version 32, address 0xfec20000, GSI 72-79
[    1.577663] IOAPIC[6]: apic_id 16, version 32, address 0xfec28000, GSI 80-87
[    1.577669] IOAPIC[7]: apic_id 17, version 32, address 0xfec30000, GSI 88-95
[    1.577674] IOAPIC[8]: apic_id 18, version 32, address 0xfec38000, GSI 96-103
[    1.577681] ACPI: INT_SRC_OVR (bus 0 bus_irq 0 global_irq 2 dfl dfl)
[    1.577684] ACPI: INT_SRC_OVR (bus 0 bus_irq 9 global_irq 9 high level)
[    1.577698] ACPI: Using ACPI (MADT) for SMP configuration information
[    1.577699] ACPI: HPET id: 0x8086a701 base: 0xfed00000
[    1.577709] e820: update [mem 0x62f40000-0x63180fff] usable ==> reserved
[    1.577736] TSC deadline timer available
[    1.577738] smpboot: Allowing 88 CPUs, 0 hotplug CPUs
[    1.577770] PM: hibernation: Registered nosave memory: [mem 0x00000000-0x00000fff]
[    1.577773] PM: hibernation: Registered nosave memory: [mem 0x000a0000-0x000fffff]
[    1.577776] PM: hibernation: Registered nosave memory: [mem 0x59937000-0x59937fff]
[    1.577778] PM: hibernation: Registered nosave memory: [mem 0x5993e000-0x5993efff]
[    1.577780] PM: hibernation: Registered nosave memory: [mem 0x5993f000-0x5993ffff]
[    1.577782] PM: hibernation: Registered nosave memory: [mem 0x59946000-0x59946fff]
[    1.577783] PM: hibernation: Registered nosave memory: [mem 0x59947000-0x59947fff]
[    1.577786] PM: hibernation: Registered nosave memory: [mem 0x599a3000-0x599a3fff]
[    1.577787] PM: hibernation: Registered nosave memory: [mem 0x599a4000-0x599a4fff]
[    1.577789] PM: hibernation: Registered nosave memory: [mem 0x59a00000-0x59a00fff]
[    1.577790] PM: hibernation: Registered nosave memory: [mem 0x59a01000-0x59a01fff]
[    1.577793] PM: hibernation: Registered nosave memory: [mem 0x59a38000-0x59a38fff]
[    1.577794] PM: hibernation: Registered nosave memory: [mem 0x59a39000-0x59a39fff]
[    1.577797] PM: hibernation: Registered nosave memory: [mem 0x59a70000-0x59a70fff]
[    1.577798] PM: hibernation: Registered nosave memory: [mem 0x59a71000-0x59a71fff]
[    1.577800] PM: hibernation: Registered nosave memory: [mem 0x59ab6000-0x59ab6fff]
[    1.577801] PM: hibernation: Registered nosave memory: [mem 0x59ab7000-0x59ab7fff]
[    1.577804] PM: hibernation: Registered nosave memory: [mem 0x59abe000-0x59abefff]
[    1.577805] PM: hibernation: Registered nosave memory: [mem 0x59abf000-0x59abffff]
[    1.577808] PM: hibernation: Registered nosave memory: [mem 0x59ac6000-0x59ac6fff]
[    1.577809] PM: hibernation: Registered nosave memory: [mem 0x59ac7000-0x59ac7fff]
[    1.577812] PM: hibernation: Registered nosave memory: [mem 0x59acf000-0x59acffff]
[    1.577815] PM: hibernation: Registered nosave memory: [mem 0x62f40000-0x63180fff]
[    1.577817] PM: hibernation: Registered nosave memory: [mem 0x66830000-0x66830fff]
[    1.577820] PM: hibernation: Registered nosave memory: [mem 0x69bac000-0x6bcabfff]
[    1.577823] PM: hibernation: Registered nosave memory: [mem 0x6c640000-0x6d521fff]
[    1.577824] PM: hibernation: Registered nosave memory: [mem 0x6d522000-0x6fae1fff]
[    1.577827] PM: hibernation: Registered nosave memory: [mem 0x70000000-0x8fffffff]
[    1.577828] PM: hibernation: Registered nosave memory: [mem 0x90000000-0xfcffffff]
[    1.577829] PM: hibernation: Registered nosave memory: [mem 0xfd000000-0xfe7fffff]
[    1.577830] PM: hibernation: Registered nosave memory: [mem 0xfe800000-0xfed1ffff]
[    1.577831] PM: hibernation: Registered nosave memory: [mem 0xfed20000-0xfed44fff]
[    1.577832] PM: hibernation: Registered nosave memory: [mem 0xfed45000-0xfeffffff]
[    1.577833] PM: hibernation: Registered nosave memory: [mem 0xff000000-0xffffffff]
[    1.577835] [mem 0x90000000-0xfcffffff] available for PCI devices
[    1.577837] Booting paravirtualized kernel on bare hardware
[    1.577840] clocksource: refined-jiffies: mask: 0xffffffff max_cycles: 0xffffffff, max_idle_ns: 7645519600211568 ns
[    1.577850] setup_percpu: NR_CPUS:8192 nr_cpumask_bits:88 nr_cpu_ids:88 nr_node_ids:2
[    1.585018] percpu: Embedded 61 pages/cpu s212992 r8192 d28672 u262144
[    1.585035] pcpu-alloc: s212992 r8192 d28672 u262144 alloc=1*2097152
[    1.585039] pcpu-alloc: [0] 00 01 02 03 04 05 06 07 [0] 08 09 10 11 12 13 14 15 
[    1.585051] pcpu-alloc: [0] 16 17 18 19 20 21 44 45 [0] 46 47 48 49 50 51 52 53 
[    1.585063] pcpu-alloc: [0] 54 55 56 57 58 59 60 61 [0] 62 63 64 65 -- -- -- -- 
[    1.585075] pcpu-alloc: [1] 22 23 24 25 26 27 28 29 [1] 30 31 32 33 34 35 36 37 
[    1.585087] pcpu-alloc: [1] 38 39 40 41 42 43 66 67 [1] 68 69 70 71 72 73 74 75 
[    1.585099] pcpu-alloc: [1] 76 77 78 79 80 81 82 83 [1] 84 85 86 87 -- -- -- -- 
[    1.585170] Fallback order for Node 0: 0 1 
[    1.585174] Fallback order for Node 1: 1 0 
[    1.585185] Built 2 zonelists, mobility grouping on.  Total pages: 132034228
[    1.585187] Policy zone: Normal
[    1.585188] Kernel command line: BOOT_IMAGE=/vmlinuz-5.19.0-41-generic root=/dev/mapper/storage--root-root--new ro quiet splash vt.handoff=7
[    1.585299] Unknown kernel command line parameters "splash BOOT_IMAGE=/vmlinuz-5.19.0-41-generic", will be passed to user space.
[    1.585302] printk: log_buf_len individual max cpu contribution: 4096 bytes
[    1.585303] printk: log_buf_len total cpu_extra contributions: 356352 bytes
[    1.585304] printk: log_buf_len min size: 262144 bytes
[    1.586820] printk: log_buf_len: 1048576 bytes
[    1.586821] printk: early log buf free: 225648(86%)
[    1.588681] mem auto-init: stack:off, heap alloc:on, heap free:off
[    2.973083] Memory: 527822584K/536520692K available (18440K kernel code, 4052K rwdata, 11300K rodata, 3164K init, 4908K bss, 8697848K reserved, 0K cma-reserved)
[    2.974587] SLUB: HWalign=64, Order=0-3, MinObjects=0, CPUs=88, Nodes=2
[    2.974652] Kernel/User page tables isolation: enabled
[    2.974753] ftrace: allocating 52226 entries in 205 pages
[    2.989720] ftrace: allocated 205 pages with 5 groups
[    2.991123] Dynamic Preempt: voluntary
[    2.991495] rcu: Preemptible hierarchical RCU implementation.
[    2.991497] rcu: 	RCU restricting CPUs from NR_CPUS=8192 to nr_cpu_ids=88.
[    2.991499] 	Trampoline variant of Tasks RCU enabled.
[    2.991500] 	Rude variant of Tasks RCU enabled.
[    2.991500] 	Tracing variant of Tasks RCU enabled.
[    2.991501] rcu: RCU calculated value of scheduler-enlistment delay is 25 jiffies.
[    2.991503] rcu: Adjusting geometry for rcu_fanout_leaf=16, nr_cpu_ids=88
[    2.997960] NR_IRQS: 524544, nr_irqs: 2488, preallocated irqs: 16
[    2.998331] rcu: srcu_init: Setting srcu_struct sizes based on contention.
[    2.998421] random: crng init done
[    2.998686] Console: colour dummy device 80x25
[    2.998748] printk: console [tty0] enabled
[    2.999026] mempolicy: Enabling automatic NUMA balancing. Configure with numa_balancing= or the kernel.numa_balancing sysctl
[    2.999031] ACPI: Core revision 20220331
[    3.002680] clocksource: hpet: mask: 0xffffffff max_cycles: 0xffffffff, max_idle_ns: 79635855245 ns
[    3.002733] APIC: Switch to symmetric I/O mode setup
[    3.002737] DMAR: Host address width 46
[    3.002738] DMAR: DRHD base: 0x000000d37fc000 flags: 0x0
[    3.002747] DMAR: dmar0: reg_base_addr d37fc000 ver 1:0 cap 8d2078c106f0466 ecap f020df
[    3.002751] DMAR: DRHD base: 0x000000e0ffc000 flags: 0x0
[    3.002756] DMAR: dmar1: reg_base_addr e0ffc000 ver 1:0 cap 8d2078c106f0466 ecap f020df
[    3.002759] DMAR: DRHD base: 0x000000ee7fc000 flags: 0x0
[    3.002764] DMAR: dmar2: reg_base_addr ee7fc000 ver 1:0 cap 8d2078c106f0466 ecap f020df
[    3.002767] DMAR: DRHD base: 0x000000fbffc000 flags: 0x0
[    3.002771] DMAR: dmar3: reg_base_addr fbffc000 ver 1:0 cap 8d2078c106f0466 ecap f020df
[    3.002773] DMAR: DRHD base: 0x000000aaffc000 flags: 0x0
[    3.002779] DMAR: dmar4: reg_base_addr aaffc000 ver 1:0 cap 8d2078c106f0466 ecap f020df
[    3.002781] DMAR: DRHD base: 0x000000b87fc000 flags: 0x0
[    3.002792] DMAR: dmar5: reg_base_addr b87fc000 ver 1:0 cap 8d2078c106f0466 ecap f020df
[    3.002794] DMAR: DRHD base: 0x000000c5ffc000 flags: 0x0
[    3.002798] DMAR: dmar6: reg_base_addr c5ffc000 ver 1:0 cap 8d2078c106f0466 ecap f020df
[    3.002800] DMAR: DRHD base: 0x0000009d7fc000 flags: 0x1
[    3.002804] DMAR: dmar7: reg_base_addr 9d7fc000 ver 1:0 cap 8d2078c106f0466 ecap f020df
[    3.002806] DMAR: RMRR base: 0x0000006f3fb000 end: 0x0000006f40bfff
[    3.002809] DMAR: ATSR flags: 0x0
[    3.002811] DMAR: ATSR flags: 0x0
[    3.002812] DMAR: RHSA base: 0x0000009d7fc000 proximity domain: 0x0
[    3.002814] DMAR: RHSA base: 0x000000aaffc000 proximity domain: 0x0
[    3.002815] DMAR: RHSA base: 0x000000b87fc000 proximity domain: 0x0
[    3.002817] DMAR: RHSA base: 0x000000c5ffc000 proximity domain: 0x0
[    3.002818] DMAR: RHSA base: 0x000000d37fc000 proximity domain: 0x1
[    3.002819] DMAR: RHSA base: 0x000000e0ffc000 proximity domain: 0x1
[    3.002820] DMAR: RHSA base: 0x000000ee7fc000 proximity domain: 0x1
[    3.002821] DMAR: RHSA base: 0x000000fbffc000 proximity domain: 0x1
[    3.002824] DMAR-IR: IOAPIC id 12 under DRHD base  0xc5ffc000 IOMMU 6
[    3.002826] DMAR-IR: IOAPIC id 11 under DRHD base  0xb87fc000 IOMMU 5
[    3.002828] DMAR-IR: IOAPIC id 10 under DRHD base  0xaaffc000 IOMMU 4
[    3.002829] DMAR-IR: IOAPIC id 18 under DRHD base  0xfbffc000 IOMMU 3
[    3.002831] DMAR-IR: IOAPIC id 17 under DRHD base  0xee7fc000 IOMMU 2
[    3.002832] DMAR-IR: IOAPIC id 16 under DRHD base  0xe0ffc000 IOMMU 1
[    3.002834] DMAR-IR: IOAPIC id 15 under DRHD base  0xd37fc000 IOMMU 0
[    3.002835] DMAR-IR: IOAPIC id 8 under DRHD base  0x9d7fc000 IOMMU 7
[    3.002837] DMAR-IR: IOAPIC id 9 under DRHD base  0x9d7fc000 IOMMU 7
[    3.002838] DMAR-IR: HPET id 0 under DRHD base 0x9d7fc000
[    3.002840] DMAR-IR: Queued invalidation will be enabled to support x2apic and Intr-remapping.
[    3.005271] DMAR-IR: Enabled IRQ remapping in x2apic mode
[    3.006445] ..TIMER: vector=0x30 apic1=0 pin1=2 apic2=-1 pin2=-1
[    3.022675] clocksource: tsc-early: mask: 0xffffffffffffffff max_cycles: 0x1e4530a99b6, max_idle_ns: 440795257976 ns
[    3.022684] Calibrating delay loop (skipped), value calculated using timer frequency.. 4200.00 BogoMIPS (lpj=8400000)
[    3.022688] pid_max: default: 90112 minimum: 704
[    3.027422] LSM: Security Framework initializing
[    3.027458] landlock: Up and running.
[    3.027459] Yama: becoming mindful.
[    3.027505] AppArmor: AppArmor initialized
[    3.046279] Dentry cache hash table entries: 16777216 (order: 15, 134217728 bytes, vmalloc hugepage)
[    3.055714] Inode-cache hash table entries: 8388608 (order: 14, 67108864 bytes, vmalloc hugepage)
[    3.056125] Mount-cache hash table entries: 262144 (order: 9, 2097152 bytes, vmalloc)
[    3.056440] Mountpoint-cache hash table entries: 262144 (order: 9, 2097152 bytes, vmalloc)
[    3.057502] CPU0: Thermal monitoring enabled (TM1)
[    3.057584] process: using mwait in idle threads
[    3.057587] Last level iTLB entries: 4KB 64, 2MB 8, 4MB 8
[    3.057589] Last level dTLB entries: 4KB 64, 2MB 0, 4MB 0, 1GB 4
[    3.057597] Spectre V1 : Mitigation: usercopy/swapgs barriers and __user pointer sanitization
[    3.057600] Spectre V2 : Mitigation: IBRS
[    3.057601] Spectre V2 : Spectre v2 / SpectreRSB mitigation: Filling RSB on context switch
[    3.057603] Spectre V2 : Spectre v2 / SpectreRSB : Filling RSB on VMEXIT
[    3.057604] RETBleed: Mitigation: IBRS
[    3.057607] Spectre V2 : mitigation: Enabling conditional Indirect Branch Prediction Barrier
[    3.057609] Speculative Store Bypass: Mitigation: Speculative Store Bypass disabled via prctl
[    3.057622] MDS: Mitigation: Clear CPU buffers
[    3.057623] TAA: Mitigation: Clear CPU buffers
[    3.057625] MMIO Stale Data: Mitigation: Clear CPU buffers
[    3.097517] Freeing SMP alternatives memory: 44K
[    3.098897] smpboot: CPU0: Intel(R) Xeon(R) Gold 6152 CPU @ 2.10GHz (family: 0x6, model: 0x55, stepping: 0x4)
[    3.099222] cblist_init_generic: Setting adjustable number of callback queues.
[    3.099239] cblist_init_generic: Setting shift to 7 and lim to 1.
[    3.099275] cblist_init_generic: Setting shift to 7 and lim to 1.
[    3.099316] cblist_init_generic: Setting shift to 7 and lim to 1.
[    3.099336] Performance Events: PEBS fmt3+, Skylake events, 32-deep LBR, full-width counters, Intel PMU driver.
[    3.099407] ... version:                4
[    3.099409] ... bit width:              48
[    3.099410] ... generic registers:      4
[    3.099411] ... value mask:             0000ffffffffffff
[    3.099413] ... max period:             00007fffffffffff
[    3.099415] ... fixed-purpose events:   3
[    3.099416] ... event mask:             000000070000000f
[    3.099646] Estimated ratio of average max frequency by base frequency (times 1024): 1706
[    3.099674] rcu: Hierarchical SRCU implementation.
[    3.099676] rcu: 	Max phase no-delay instances is 1000.
[    3.109874] NMI watchdog: Enabled. Permanently consumes one hw-PMU counter.
[    3.111043] smp: Bringing up secondary CPUs ...
[    3.111221] x86: Booting SMP configuration:
[    3.111223] .... node  #0, CPUs:        #1  #2  #3  #4  #5  #6  #7  #8  #9 #10 #11 #12 #13 #14 #15 #16 #17 #18 #19 #20 #21
[    3.203845] .... node  #1, CPUs:   #22
[    0.004284] smpboot: CPU 22 Converting physical 0 to logical die 1
[    3.290942]  #23 #24 #25 #26 #27 #28 #29 #30 #31 #32 #33 #34 #35 #36 #37 #38 #39 #40 #41 #42 #43
[    3.382928] .... node  #0, CPUs:   #44
[    3.388063] MDS CPU bug present and SMT on, data leak possible. See https://www.kernel.org/doc/html/latest/admin-guide/hw-vuln/mds.html for more details.
[    3.388063] TAA CPU bug present and SMT on, data leak possible. See https://www.kernel.org/doc/html/latest/admin-guide/hw-vuln/tsx_async_abort.html for more details.
[    3.388063] MMIO Stale Data CPU bug present and SMT on, data leak possible. See https://www.kernel.org/doc/html/latest/admin-guide/hw-vuln/processor_mmio_stale_data.html for more details.
[    3.388063]  #45 #46 #47 #48 #49 #50 #51 #52 #53 #54 #55 #56 #57 #58 #59 #60 #61 #62 #63 #64 #65
[    3.481721] .... node  #1, CPUs:   #66 #67 #68 #69 #70 #71 #72 #73 #74 #75 #76 #77 #78 #79 #80 #81 #82 #83 #84 #85 #86 #87
[    3.579361] smp: Brought up 2 nodes, 88 CPUs
[    3.579361] smpboot: Max logical packages: 2
[    3.579361] smpboot: Total of 88 processors activated (369691.74 BogoMIPS)
[    3.612184] devtmpfs: initialized
[    3.612184] x86/mm: Memory block size: 2048MB
[    3.616554] ACPI: PM: Registering ACPI NVS region [mem 0x6c640000-0x6d521fff] (15605760 bytes)
[    3.616554] clocksource: jiffies: mask: 0xffffffff max_cycles: 0xffffffff, max_idle_ns: 7645041785100000 ns
[    3.616554] futex hash table entries: 32768 (order: 9, 2097152 bytes, vmalloc)
[    3.616554] pinctrl core: initialized pinctrl subsystem
[    3.616554] PM: RTC time: 03:57:58, date: 2023-05-27
[    3.619909] NET: Registered PF_NETLINK/PF_ROUTE protocol family
[    3.621428] DMA: preallocated 4096 KiB GFP_KERNEL pool for atomic allocations
[    3.622148] DMA: preallocated 4096 KiB GFP_KERNEL|GFP_DMA pool for atomic allocations
[    3.622869] DMA: preallocated 4096 KiB GFP_KERNEL|GFP_DMA32 pool for atomic allocations
[    3.622880] audit: initializing netlink subsys (disabled)
[    3.622889] audit: type=2000 audit(1685159877.624:1): state=initialized audit_enabled=0 res=1
[    3.623061] thermal_sys: Registered thermal governor 'fair_share'
[    3.623063] thermal_sys: Registered thermal governor 'bang_bang'
[    3.623065] thermal_sys: Registered thermal governor 'step_wise'
[    3.623066] thermal_sys: Registered thermal governor 'user_space'
[    3.623068] thermal_sys: Registered thermal governor 'power_allocator'
[    3.623077] EISA bus registered
[    3.623112] cpuidle: using governor ladder
[    3.623112] cpuidle: using governor menu
[    3.623112] Detected 1 PCC Subspaces
[    3.623112] Registering PCC driver as Mailbox controller
[    3.623112] HugeTLB: can optimize 4095 vmemmap pages for hugepages-1048576kB
[    3.623112] ACPI FADT declares the system doesn't support PCIe ASPM, so disable it
[    3.623112] acpiphp: ACPI Hot Plug PCI Controller Driver version: 0.5
[    3.623112] PCI: MMCONFIG for domain 0000 [bus 00-ff] at [mem 0x80000000-0x8fffffff] (base 0x80000000)
[    3.623112] PCI: MMCONFIG at [mem 0x80000000-0x8fffffff] reserved in E820
[    3.623112] pmd_set_huge: Cannot satisfy [mem 0x80000000-0x80200000] with a huge-page mapping due to MTRR override.
[    3.623696] PCI: Using configuration type 1 for base access
[    3.628604] ENERGY_PERF_BIAS: Set to 'normal', was 'performance'
[    3.633052] kprobes: kprobe jump-optimization is enabled. All kprobes are optimized if possible.
[    3.633080] HugeTLB: can optimize 7 vmemmap pages for hugepages-2048kB
[    3.633080] HugeTLB registered 1.00 GiB page size, pre-allocated 0 pages
[    3.633080] HugeTLB registered 2.00 MiB page size, pre-allocated 0 pages
[    3.634979] ACPI: Added _OSI(Module Device)
[    3.634982] ACPI: Added _OSI(Processor Device)
[    3.634984] ACPI: Added _OSI(3.0 _SCP Extensions)
[    3.634986] ACPI: Added _OSI(Processor Aggregator Device)
[    3.634988] ACPI: Added _OSI(Linux-Dell-Video)
[    3.634990] ACPI: Added _OSI(Linux-Lenovo-NV-HDMI-Audio)
[    3.634991] ACPI: Added _OSI(Linux-HPI-Hybrid-Graphics)
[    3.883159] ACPI: 5 ACPI AML tables successfully acquired and loaded
[    3.896264] ACPI: [Firmware Bug]: BIOS _OSI(Linux) query ignored
[    3.915353] ACPI: Dynamic OEM Table Load:
[    4.006600] ACPI: Dynamic OEM Table Load:
[    4.127809] ACPI: Dynamic OEM Table Load:
[    4.607738] ACPI: Interpreter enabled
[    4.607776] ACPI: PM: (supports S0 S4 S5)
[    4.607778] ACPI: Using IOAPIC for interrupt routing
[    4.607921] HEST: Table parsing has been initialized.
[    4.608752] GHES: APEI firmware first mode is enabled by APEI bit and WHEA _OSC.
[    4.608757] PCI: Using host bridge windows from ACPI; if necessary, use "pci=nocrs" and report a bug
[    4.608759] PCI: Ignoring E820 reservations for host bridge windows
[    4.653036] ACPI: Enabled 6 GPEs in block 00 to 7F
[    4.845630] ACPI: PCI Root Bridge [PC00] (domain 0000 [bus 00-16])
[    4.845641] acpi PNP0A08:00: _OSC: OS supports [ExtendedConfig ASPM ClockPM Segments MSI EDR HPX-Type3]
[    4.845837] acpi PNP0A08:00: _OSC: platform does not support [SHPCHotplug AER LTR DPC]
[    4.846193] acpi PNP0A08:00: _OSC: OS now controls [PCIeHotplug PME PCIeCapability]
[    4.846196] acpi PNP0A08:00: FADT indicates ASPM is unsupported, using BIOS configuration
[    4.847448] PCI host bridge to bus 0000:00
[    4.847451] pci_bus 0000:00: root bus resource [io  0x0000-0x03af window]
[    4.847454] pci_bus 0000:00: root bus resource [io  0x03e0-0x0cf7 window]
[    4.847457] pci_bus 0000:00: root bus resource [io  0x03b0-0x03bb window]
[    4.847459] pci_bus 0000:00: root bus resource [io  0x03c0-0x03df window]
[    4.847461] pci_bus 0000:00: root bus resource [io  0x1000-0x3fff window]
[    4.847463] pci_bus 0000:00: root bus resource [mem 0x000a0000-0x000bffff window]
[    4.847465] pci_bus 0000:00: root bus resource [mem 0x000c4000-0x000c7fff window]
[    4.847468] pci_bus 0000:00: root bus resource [mem 0xfe010000-0xfe010fff window]
[    4.847470] pci_bus 0000:00: root bus resource [mem 0x90000000-0x9d7fffff window]
[    4.847472] pci_bus 0000:00: root bus resource [mem 0x380000000000-0x383fffffffff window]
[    4.847475] pci_bus 0000:00: root bus resource [bus 00-16]
[    4.847507] pci 0000:00:00.0: [8086:2020] type 00 class 0x060000
[    4.847728] pci 0000:00:04.0: [8086:2021] type 00 class 0x088000
[    4.847753] pci 0000:00:04.0: reg 0x10: [mem 0x383ffff1c000-0x383ffff1ffff 64bit]
[    4.847906] pci 0000:00:04.1: [8086:2021] type 00 class 0x088000
[    4.847930] pci 0000:00:04.1: reg 0x10: [mem 0x383ffff18000-0x383ffff1bfff 64bit]
[    4.848079] pci 0000:00:04.2: [8086:2021] type 00 class 0x088000
[    4.848102] pci 0000:00:04.2: reg 0x10: [mem 0x383ffff14000-0x383ffff17fff 64bit]
[    4.848248] pci 0000:00:04.3: [8086:2021] type 00 class 0x088000
[    4.848271] pci 0000:00:04.3: reg 0x10: [mem 0x383ffff10000-0x383ffff13fff 64bit]
[    4.848419] pci 0000:00:04.4: [8086:2021] type 00 class 0x088000
[    4.848442] pci 0000:00:04.4: reg 0x10: [mem 0x383ffff0c000-0x383ffff0ffff 64bit]
[    4.848594] pci 0000:00:04.5: [8086:2021] type 00 class 0x088000
[    4.848617] pci 0000:00:04.5: reg 0x10: [mem 0x383ffff08000-0x383ffff0bfff 64bit]
[    4.848763] pci 0000:00:04.6: [8086:2021] type 00 class 0x088000
[    4.848786] pci 0000:00:04.6: reg 0x10: [mem 0x383ffff04000-0x383ffff07fff 64bit]
[    4.848931] pci 0000:00:04.7: [8086:2021] type 00 class 0x088000
[    4.848954] pci 0000:00:04.7: reg 0x10: [mem 0x383ffff00000-0x383ffff03fff 64bit]
[    4.849101] pci 0000:00:05.0: [8086:2024] type 00 class 0x088000
[    4.849232] pci 0000:00:05.1: [8086:2022] type 00 class 0x088000
[    4.849403] pci 0000:00:05.2: [8086:2025] type 00 class 0x088000
[    4.849528] pci 0000:00:05.4: [8086:2026] type 00 class 0x080020
[    4.849549] pci 0000:00:05.4: reg 0x10: [mem 0x9d21a000-0x9d21afff]
[    4.849693] pci 0000:00:05.6: [8086:2027] type 00 class 0x110100
[    4.849822] pci 0000:00:07.0: [8086:2028] type 00 class 0x088000
[    4.849947] pci 0000:00:07.4: [8086:202c] type 00 class 0x088000
[    4.850069] pci 0000:00:07.7: [8086:202d] type 00 class 0x088000
[    4.850189] pci 0000:00:08.0: [8086:2014] type 00 class 0x088000
[    4.850332] pci 0000:00:08.1: [8086:2015] type 00 class 0x110100
[    4.850432] pci 0000:00:08.2: [8086:2016] type 00 class 0x088000
[    4.850558] pci 0000:00:11.0: [8086:a1ec] type 00 class 0xff0000
[    4.850702] pci 0000:00:11.5: [8086:a1d2] type 00 class 0x010601
[    4.850729] pci 0000:00:11.5: reg 0x10: [mem 0x9d216000-0x9d217fff]
[    4.850747] pci 0000:00:11.5: reg 0x14: [mem 0x9d219000-0x9d2190ff]
[    4.850764] pci 0000:00:11.5: reg 0x18: [io  0x0800-0x0807]
[    4.850781] pci 0000:00:11.5: reg 0x1c: [io  0x0810-0x0813]
[    4.850798] pci 0000:00:11.5: reg 0x20: [io  0x0820-0x083f]
[    4.850814] pci 0000:00:11.5: reg 0x24: [mem 0x9d180000-0x9d1fffff]
[    4.850869] pci 0000:00:11.5: PME# supported from D3hot
[    4.851403] pci 0000:00:14.0: [8086:a1af] type 00 class 0x0c0330
[    4.851440] pci 0000:00:14.0: reg 0x10: [mem 0x9d200000-0x9d20ffff 64bit]
[    4.851555] pci 0000:00:14.0: PME# supported from D3hot D3cold
[    4.852047] pci 0000:00:14.2: [8086:a1b1] type 00 class 0x118000
[    4.852083] pci 0000:00:14.2: reg 0x10: [mem 0x383ffff23000-0x383ffff23fff 64bit]
[    4.852295] pci 0000:00:16.0: [8086:a1ba] type 00 class 0x078000
[    4.852337] pci 0000:00:16.0: reg 0x10: [mem 0x383ffff22000-0x383ffff22fff 64bit]
[    4.852469] pci 0000:00:16.0: PME# supported from D3hot
[    4.852576] pci 0000:00:16.1: [8086:a1bb] type 00 class 0x078000
[    4.852618] pci 0000:00:16.1: reg 0x10: [mem 0x383ffff21000-0x383ffff21fff 64bit]
[    4.852749] pci 0000:00:16.1: PME# supported from D3hot
[    4.852862] pci 0000:00:16.4: [8086:a1be] type 00 class 0x078000
[    4.852903] pci 0000:00:16.4: reg 0x10: [mem 0x383ffff20000-0x383ffff20fff 64bit]
[    4.853034] pci 0000:00:16.4: PME# supported from D3hot
[    4.853143] pci 0000:00:17.0: [8086:a182] type 00 class 0x010601
[    4.853170] pci 0000:00:17.0: reg 0x10: [mem 0x9d214000-0x9d215fff]
[    4.853188] pci 0000:00:17.0: reg 0x14: [mem 0x9d218000-0x9d2180ff]
[    4.853205] pci 0000:00:17.0: reg 0x18: [io  0x0840-0x0847]
[    4.853222] pci 0000:00:17.0: reg 0x1c: [io  0x0850-0x0853]
[    4.853239] pci 0000:00:17.0: reg 0x20: [io  0x0860-0x087f]
[    4.853256] pci 0000:00:17.0: reg 0x24: [mem 0x9d100000-0x9d17ffff]
[    4.853310] pci 0000:00:17.0: PME# supported from D3hot
[    4.853811] pci 0000:00:1d.0: [8086:a198] type 01 class 0x060400
[    4.853926] pci 0000:00:1d.0: PME# supported from D0 D3hot D3cold
[    4.855165] pci 0000:00:1d.1: [8086:a199] type 01 class 0x060400
[    4.855277] pci 0000:00:1d.1: PME# supported from D0 D3hot D3cold
[    4.856529] pci 0000:00:1f.0: [8086:a1c1] type 00 class 0x060100
[    4.857084] pci 0000:00:1f.2: [8086:a1a1] type 00 class 0x058000
[    4.857107] pci 0000:00:1f.2: reg 0x10: [mem 0x9d210000-0x9d213fff]
[    4.857587] pci 0000:00:1f.4: [8086:a1a3] type 00 class 0x0c0500
[    4.857628] pci 0000:00:1f.4: reg 0x10: [mem 0x9d7fb000-0x9d7fb0ff 64bit]
[    4.857675] pci 0000:00:1f.4: reg 0x20: [io  0x3fe0-0x3fff]
[    4.857802] pci 0000:00:1f.5: [8086:a1a4] type 00 class 0x0c8000
[    4.857832] pci 0000:00:1f.5: reg 0x10: [mem 0xfe010000-0xfe010fff]
[    4.858075] pci 0000:00:1d.0: PCI bridge to [bus 01]
[    4.858168] pci 0000:02:00.0: [1a03:1150] type 01 class 0x060400
[    4.858260] pci 0000:02:00.0: enabling Extended Tags
[    4.858330] pci 0000:02:00.0: supports D1 D2
[    4.858332] pci 0000:02:00.0: PME# supported from D0 D1 D2 D3hot D3cold
[    4.858476] pci 0000:00:1d.1: PCI bridge to [bus 02-03]
[    4.858480] pci 0000:00:1d.1:   bridge window [io  0x2000-0x2fff]
[    4.858484] pci 0000:00:1d.1:   bridge window [mem 0x9c000000-0x9d0fffff]
[    4.858529] pci_bus 0000:03: extended config space not accessible
[    4.858581] pci 0000:03:00.0: [1a03:2000] type 00 class 0x030000
[    4.858616] pci 0000:03:00.0: reg 0x10: [mem 0x9c000000-0x9cffffff]
[    4.858638] pci 0000:03:00.0: reg 0x14: [mem 0x9d000000-0x9d01ffff]
[    4.858659] pci 0000:03:00.0: reg 0x18: [io  0x2000-0x207f]
[    4.858752] pci 0000:03:00.0: BAR 0: assigned to efifb
[    4.858764] pci 0000:03:00.0: Video device with shadowed ROM at [mem 0x000c0000-0x000dffff]
[    4.858805] pci 0000:03:00.0: supports D1 D2
[    4.858807] pci 0000:03:00.0: PME# supported from D0 D1 D2 D3hot D3cold
[    4.858954] pci 0000:02:00.0: PCI bridge to [bus 03]
[    4.858961] pci 0000:02:00.0:   bridge window [io  0x2000-0x2fff]
[    4.858966] pci 0000:02:00.0:   bridge window [mem 0x9c000000-0x9d0fffff]
[    4.859006] pci_bus 0000:00: on NUMA node 0
[    4.860740] ACPI: PCI Root Bridge [PC01] (domain 0000 [bus 17-39])
[    4.860747] acpi PNP0A08:01: _OSC: OS supports [ExtendedConfig ASPM ClockPM Segments MSI EDR HPX-Type3]
[    4.861606] acpi PNP0A08:01: _OSC: platform does not support [SHPCHotplug AER LTR DPC]
[    4.862345] acpi PNP0A08:01: _OSC: OS now controls [PCIeHotplug PME PCIeCapability]
[    4.862347] acpi PNP0A08:01: FADT indicates ASPM is unsupported, using BIOS configuration
[    4.862802] PCI host bridge to bus 0000:17
[    4.862804] pci_bus 0000:17: root bus resource [io  0x4000-0x5fff window]
[    4.862807] pci_bus 0000:17: root bus resource [mem 0x9d800000-0xaaffffff window]
[    4.862810] pci_bus 0000:17: root bus resource [mem 0x384000000000-0x387fffffffff window]
[    4.862813] pci_bus 0000:17: root bus resource [bus 17-39]
[    4.862837] pci 0000:17:00.0: [8086:2030] type 01 class 0x060400
[    4.862934] pci 0000:17:00.0: PME# supported from D0 D3hot D3cold
[    4.863079] pci 0000:17:01.0: [8086:2031] type 01 class 0x060400
[    4.863173] pci 0000:17:01.0: PME# supported from D0 D3hot D3cold
[    4.863313] pci 0000:17:02.0: [8086:2032] type 01 class 0x060400
[    4.863408] pci 0000:17:02.0: PME# supported from D0 D3hot D3cold
[    4.863540] pci 0000:17:03.0: [8086:2033] type 01 class 0x060400
[    4.863598] pci 0000:17:03.0: enabling Extended Tags
[    4.863639] pci 0000:17:03.0: PME# supported from D0 D3hot D3cold
[    4.863764] pci 0000:17:05.0: [8086:2034] type 00 class 0x088000
[    4.863890] pci 0000:17:05.2: [8086:2035] type 00 class 0x088000
[    4.864011] pci 0000:17:05.4: [8086:2036] type 00 class 0x080020
[    4.864033] pci 0000:17:05.4: reg 0x10: [mem 0xaaf00000-0xaaf00fff]
[    4.864177] pci 0000:17:05.6: [8086:2037] type 00 class 0x110100
[    4.864302] pci 0000:17:07.0: [8086:2038] type 00 class 0x088000
[    4.864423] pci 0000:17:07.1: [8086:2039] type 00 class 0x088000
[    4.864553] pci 0000:17:07.2: [8086:203a] type 00 class 0x088000
[    4.864675] pci 0000:17:07.3: [8086:203b] type 00 class 0x088000
[    4.864795] pci 0000:17:07.4: [8086:203c] type 00 class 0x088000
[    4.864917] pci 0000:17:07.7: [8086:203d] type 00 class 0x088000
[    4.865039] pci 0000:17:08.0: [8086:208d] type 00 class 0x088000
[    4.865168] pci 0000:17:08.1: [8086:208d] type 00 class 0x088000
[    4.865264] pci 0000:17:08.2: [8086:208d] type 00 class 0x088000
[    4.865372] pci 0000:17:08.3: [8086:208d] type 00 class 0x088000
[    4.865474] pci 0000:17:08.4: [8086:208d] type 00 class 0x088000
[    4.865567] pci 0000:17:08.5: [8086:208d] type 00 class 0x088000
[    4.865661] pci 0000:17:08.6: [8086:208d] type 00 class 0x088000
[    4.865753] pci 0000:17:08.7: [8086:208d] type 00 class 0x088000
[    4.865846] pci 0000:17:09.0: [8086:208d] type 00 class 0x088000
[    4.865975] pci 0000:17:09.1: [8086:208d] type 00 class 0x088000
[    4.866068] pci 0000:17:09.2: [8086:208d] type 00 class 0x088000
[    4.866160] pci 0000:17:09.3: [8086:208d] type 00 class 0x088000
[    4.866258] pci 0000:17:09.4: [8086:208d] type 00 class 0x088000
[    4.866351] pci 0000:17:09.5: [8086:208d] type 00 class 0x088000
[    4.866446] pci 0000:17:09.6: [8086:208d] type 00 class 0x088000
[    4.866538] pci 0000:17:09.7: [8086:208d] type 00 class 0x088000
[    4.866630] pci 0000:17:0a.0: [8086:208d] type 00 class 0x088000
[    4.866760] pci 0000:17:0a.1: [8086:208d] type 00 class 0x088000
[    4.866852] pci 0000:17:0a.2: [8086:208d] type 00 class 0x088000
[    4.866946] pci 0000:17:0a.3: [8086:208d] type 00 class 0x088000
[    4.867045] pci 0000:17:0a.4: [8086:208d] type 00 class 0x088000
[    4.867137] pci 0000:17:0a.5: [8086:208d] type 00 class 0x088000
[    4.867230] pci 0000:17:0a.6: [8086:208d] type 00 class 0x088000
[    4.867322] pci 0000:17:0a.7: [8086:208d] type 00 class 0x088000
[    4.867415] pci 0000:17:0b.0: [8086:208d] type 00 class 0x088000
[    4.867548] pci 0000:17:0b.1: [8086:208d] type 00 class 0x088000
[    4.867642] pci 0000:17:0b.2: [8086:208d] type 00 class 0x088000
[    4.867734] pci 0000:17:0b.3: [8086:208d] type 00 class 0x088000
[    4.867841] pci 0000:17:0e.0: [8086:208e] type 00 class 0x088000
[    4.867969] pci 0000:17:0e.1: [8086:208e] type 00 class 0x088000
[    4.868061] pci 0000:17:0e.2: [8086:208e] type 00 class 0x088000
[    4.868154] pci 0000:17:0e.3: [8086:208e] type 00 class 0x088000
[    4.868247] pci 0000:17:0e.4: [8086:208e] type 00 class 0x088000
[    4.868338] pci 0000:17:0e.5: [8086:208e] type 00 class 0x088000
[    4.868433] pci 0000:17:0e.6: [8086:208e] type 00 class 0x088000
[    4.868525] pci 0000:17:0e.7: [8086:208e] type 00 class 0x088000
[    4.868623] pci 0000:17:0f.0: [8086:208e] type 00 class 0x088000
[    4.868752] pci 0000:17:0f.1: [8086:208e] type 00 class 0x088000
[    4.868844] pci 0000:17:0f.2: [8086:208e] type 00 class 0x088000
[    4.868938] pci 0000:17:0f.3: [8086:208e] type 00 class 0x088000
[    4.869030] pci 0000:17:0f.4: [8086:208e] type 00 class 0x088000
[    4.869122] pci 0000:17:0f.5: [8086:208e] type 00 class 0x088000
[    4.869214] pci 0000:17:0f.6: [8086:208e] type 00 class 0x088000
[    4.869308] pci 0000:17:0f.7: [8086:208e] type 00 class 0x088000
[    4.869407] pci 0000:17:10.0: [8086:208e] type 00 class 0x088000
[    4.869537] pci 0000:17:10.1: [8086:208e] type 00 class 0x088000
[    4.869630] pci 0000:17:10.2: [8086:208e] type 00 class 0x088000
[    4.869723] pci 0000:17:10.3: [8086:208e] type 00 class 0x088000
[    4.869816] pci 0000:17:10.4: [8086:208e] type 00 class 0x088000
[    4.869909] pci 0000:17:10.5: [8086:208e] type 00 class 0x088000
[    4.870003] pci 0000:17:10.6: [8086:208e] type 00 class 0x088000
[    4.870095] pci 0000:17:10.7: [8086:208e] type 00 class 0x088000
[    4.870194] pci 0000:17:11.0: [8086:208e] type 00 class 0x088000
[    4.870323] pci 0000:17:11.1: [8086:208e] type 00 class 0x088000
[    4.870417] pci 0000:17:11.2: [8086:208e] type 00 class 0x088000
[    4.870510] pci 0000:17:11.3: [8086:208e] type 00 class 0x088000
[    4.870614] pci 0000:17:14.0: [8086:208f] type 00 class 0x088000
[    4.870743] pci 0000:17:14.1: [8086:208f] type 00 class 0x088000
[    4.870837] pci 0000:17:14.2: [8086:208f] type 00 class 0x088000
[    4.870929] pci 0000:17:14.3: [8086:208f] type 00 class 0x088000
[    4.871027] pci 0000:17:14.4: [8086:208f] type 00 class 0x088000
[    4.871119] pci 0000:17:14.5: [8086:208f] type 00 class 0x088000
[    4.871213] pci 0000:17:14.6: [8086:208f] type 00 class 0x088000
[    4.871305] pci 0000:17:14.7: [8086:208f] type 00 class 0x088000
[    4.871398] pci 0000:17:15.0: [8086:208f] type 00 class 0x088000
[    4.871527] pci 0000:17:15.1: [8086:208f] type 00 class 0x088000
[    4.871620] pci 0000:17:15.2: [8086:208f] type 00 class 0x088000
[    4.871712] pci 0000:17:15.3: [8086:208f] type 00 class 0x088000
[    4.871810] pci 0000:17:15.4: [8086:208f] type 00 class 0x088000
[    4.871904] pci 0000:17:15.5: [8086:208f] type 00 class 0x088000
[    4.871996] pci 0000:17:15.6: [8086:208f] type 00 class 0x088000
[    4.872089] pci 0000:17:15.7: [8086:208f] type 00 class 0x088000
[    4.872182] pci 0000:17:16.0: [8086:208f] type 00 class 0x088000
[    4.872312] pci 0000:17:16.1: [8086:208f] type 00 class 0x088000
[    4.872405] pci 0000:17:16.2: [8086:208f] type 00 class 0x088000
[    4.872500] pci 0000:17:16.3: [8086:208f] type 00 class 0x088000
[    4.872599] pci 0000:17:16.4: [8086:208f] type 00 class 0x088000
[    4.872692] pci 0000:17:16.5: [8086:208f] type 00 class 0x088000
[    4.872785] pci 0000:17:16.6: [8086:208f] type 00 class 0x088000
[    4.872878] pci 0000:17:16.7: [8086:208f] type 00 class 0x088000
[    4.872972] pci 0000:17:17.0: [8086:208f] type 00 class 0x088000
[    4.873099] pci 0000:17:17.1: [8086:208f] type 00 class 0x088000
[    4.873196] pci 0000:17:17.2: [8086:208f] type 00 class 0x088000
[    4.873289] pci 0000:17:17.3: [8086:208f] type 00 class 0x088000
[    4.873403] pci 0000:17:1d.0: [8086:2054] type 00 class 0x088000
[    4.873536] pci 0000:17:1d.1: [8086:2055] type 00 class 0x088000
[    4.873629] pci 0000:17:1d.2: [8086:2056] type 00 class 0x088000
[    4.873723] pci 0000:17:1d.3: [8086:2057] type 00 class 0x088000
[    4.873833] pci 0000:17:1e.0: [8086:2080] type 00 class 0x088000
[    4.873967] pci 0000:17:1e.1: [8086:2081] type 00 class 0x088000
[    4.874062] pci 0000:17:1e.2: [8086:2082] type 00 class 0x088000
[    4.874218] pci 0000:17:1e.3: [8086:2083] type 00 class 0x088000
[    4.874318] pci 0000:17:1e.4: [8086:2084] type 00 class 0x088000
[    4.874417] pci 0000:17:1e.5: [8086:2085] type 00 class 0x088000
[    4.874511] pci 0000:17:1e.6: [8086:2086] type 00 class 0x088000
[    4.874607] pci 0000:17:1f.0: [8086:2078] type 00 class 0x088000
[    4.874738] pci 0000:17:1f.1: [8086:2079] type 00 class 0x088000
[    4.874832] pci 0000:17:1f.2: [8086:207a] type 00 class 0x088000
[    4.874925] pci 0000:17:1f.3: [8086:207b] type 00 class 0x088000
[    4.875018] pci 0000:17:1f.4: [8086:207c] type 00 class 0x088000
[    4.875118] pci 0000:17:1f.5: [8086:207d] type 00 class 0x088000
[    4.875213] pci 0000:17:1f.6: [8086:207e] type 00 class 0x088000
[    4.875306] pci 0000:17:1f.7: [8086:207f] type 00 class 0x088000
[    4.875477] pci 0000:18:00.0: [8086:0a54] type 00 class 0x010802
[    4.875507] pci 0000:18:00.0: reg 0x10: [mem 0xaae10000-0xaae13fff 64bit]
[    4.875575] pci 0000:18:00.0: reg 0x30: [mem 0xaae00000-0xaae0ffff pref]
[    4.875759] pci 0000:17:00.0: PCI bridge to [bus 18]
[    4.875764] pci 0000:17:00.0:   bridge window [mem 0xaae00000-0xaaefffff]
[    4.875848] pci 0000:19:00.0: [8086:0a54] type 00 class 0x010802
[    4.875879] pci 0000:19:00.0: reg 0x10: [mem 0xaad10000-0xaad13fff 64bit]
[    4.875946] pci 0000:19:00.0: reg 0x30: [mem 0xaad00000-0xaad0ffff pref]
[    4.876126] pci 0000:17:01.0: PCI bridge to [bus 19]
[    4.876131] pci 0000:17:01.0:   bridge window [mem 0xaad00000-0xaadfffff]
[    4.876200] pci 0000:1a:00.0: [1987:5013] type 00 class 0x010802
[    4.876234] pci 0000:1a:00.0: reg 0x10: [mem 0xaac00000-0xaac03fff 64bit]
[    4.876464] pci 0000:17:02.0: PCI bridge to [bus 1a]
[    4.876468] pci 0000:17:02.0:   bridge window [mem 0xaac00000-0xaacfffff]
[    4.876539] pci 0000:1b:00.0: [2646:500f] type 00 class 0x010802
[    4.876575] pci 0000:1b:00.0: reg 0x10: [mem 0xaab00000-0xaab03fff 64bit]
[    4.876829] pci 0000:17:03.0: PCI bridge to [bus 1b]
[    4.876834] pci 0000:17:03.0:   bridge window [mem 0xaab00000-0xaabfffff]
[    4.876885] pci_bus 0000:17: on NUMA node 0
[    4.877157] ACPI: PCI Root Bridge [PC02] (domain 0000 [bus 3a-5c])
[    4.877163] acpi PNP0A08:02: _OSC: OS supports [ExtendedConfig ASPM ClockPM Segments MSI EDR HPX-Type3]
[    4.877971] acpi PNP0A08:02: _OSC: platform does not support [SHPCHotplug AER LTR DPC]
[    4.878660] acpi PNP0A08:02: _OSC: OS now controls [PCIeHotplug PME PCIeCapability]
[    4.878662] acpi PNP0A08:02: FADT indicates ASPM is unsupported, using BIOS configuration
[    4.879026] PCI host bridge to bus 0000:3a
[    4.879028] pci_bus 0000:3a: root bus resource [io  0x6000-0x7fff window]
[    4.879031] pci_bus 0000:3a: root bus resource [mem 0xab000000-0xb87fffff window]
[    4.879034] pci_bus 0000:3a: root bus resource [mem 0x388000000000-0x38bfffffffff window]
[    4.879037] pci_bus 0000:3a: root bus resource [bus 3a-5c]
[    4.879060] pci 0000:3a:00.0: [8086:2030] type 01 class 0x060400
[    4.879155] pci 0000:3a:00.0: PME# supported from D0 D3hot D3cold
[    4.879587] pci 0000:3a:05.0: [8086:2034] type 00 class 0x088000
[    4.879713] pci 0000:3a:05.2: [8086:2035] type 00 class 0x088000
[    4.879834] pci 0000:3a:05.4: [8086:2036] type 00 class 0x080020
[    4.879856] pci 0000:3a:05.4: reg 0x10: [mem 0xb8700000-0xb8700fff]
[    4.880001] pci 0000:3a:05.6: [8086:2037] type 00 class 0x110100
[    4.880122] pci 0000:3a:07.0: [8086:2038] type 00 class 0x088000
[    4.880242] pci 0000:3a:07.1: [8086:2039] type 00 class 0x088000
[    4.880362] pci 0000:3a:07.2: [8086:203a] type 00 class 0x088000
[    4.880482] pci 0000:3a:07.3: [8086:203b] type 00 class 0x088000
[    4.880607] pci 0000:3a:07.4: [8086:203c] type 00 class 0x088000
[    4.880728] pci 0000:3a:07.7: [8086:203d] type 00 class 0x088000
[    4.880846] pci 0000:3a:08.0: [8086:2066] type 00 class 0x088000
[    4.880992] pci 0000:3a:08.1: [8086:2067] type 00 class 0x088000
[    4.881095] pci 0000:3a:09.0: [8086:2066] type 00 class 0x088000
[    4.881240] pci 0000:3a:09.1: [8086:2067] type 00 class 0x088000
[    4.881340] pci 0000:3a:0a.0: [8086:2040] type 00 class 0x088000
[    4.881488] pci 0000:3a:0a.1: [8086:2041] type 00 class 0x088000
[    4.881605] pci 0000:3a:0a.2: [8086:2042] type 00 class 0x088000
[    4.881715] pci 0000:3a:0a.3: [8086:2043] type 00 class 0x088000
[    4.881826] pci 0000:3a:0a.4: [8086:2044] type 00 class 0x088000
[    4.881937] pci 0000:3a:0a.5: [8086:2045] type 00 class 0x088000
[    4.882047] pci 0000:3a:0a.6: [8086:2046] type 00 class 0x088000
[    4.882157] pci 0000:3a:0a.7: [8086:2047] type 00 class 0x088000
[    4.882269] pci 0000:3a:0b.0: [8086:2048] type 00 class 0x088000
[    4.882421] pci 0000:3a:0b.1: [8086:2049] type 00 class 0x088000
[    4.882537] pci 0000:3a:0b.2: [8086:204a] type 00 class 0x088000
[    4.882648] pci 0000:3a:0b.3: [8086:204b] type 00 class 0x088000
[    4.882771] pci 0000:3a:0c.0: [8086:2040] type 00 class 0x088000
[    4.882921] pci 0000:3a:0c.1: [8086:2041] type 00 class 0x088000
[    4.883033] pci 0000:3a:0c.2: [8086:2042] type 00 class 0x088000
[    4.883145] pci 0000:3a:0c.3: [8086:2043] type 00 class 0x088000
[    4.883258] pci 0000:3a:0c.4: [8086:2044] type 00 class 0x088000
[    4.883372] pci 0000:3a:0c.5: [8086:2045] type 00 class 0x088000
[    4.883490] pci 0000:3a:0c.6: [8086:2046] type 00 class 0x088000
[    4.883603] pci 0000:3a:0c.7: [8086:2047] type 00 class 0x088000
[    4.883716] pci 0000:3a:0d.0: [8086:2048] type 00 class 0x088000
[    4.883864] pci 0000:3a:0d.1: [8086:2049] type 00 class 0x088000
[    4.883976] pci 0000:3a:0d.2: [8086:204a] type 00 class 0x088000
[    4.884090] pci 0000:3a:0d.3: [8086:204b] type 00 class 0x088000
[    4.884276] pci 0000:3b:00.0: [1000:0097] type 00 class 0x010700
[    4.884299] pci 0000:3b:00.0: reg 0x10: [io  0x7000-0x70ff]
[    4.884322] pci 0000:3b:00.0: reg 0x14: [mem 0xb8640000-0xb864ffff 64bit]
[    4.884344] pci 0000:3b:00.0: reg 0x1c: [mem 0xb8600000-0xb863ffff 64bit]
[    4.884372] pci 0000:3b:00.0: reg 0x30: [mem 0xb8500000-0xb85fffff pref]
[    4.884378] pci 0000:3b:00.0: enabling Extended Tags
[    4.884457] pci 0000:3b:00.0: supports D1 D2
[    4.884539] pci 0000:3a:00.0: PCI bridge to [bus 3b]
[    4.884543] pci 0000:3a:00.0:   bridge window [io  0x7000-0x7fff]
[    4.884546] pci 0000:3a:00.0:   bridge window [mem 0xb8500000-0xb86fffff]
[    4.884564] pci_bus 0000:3a: on NUMA node 0
[    4.884770] ACPI: PCI Root Bridge [PC03] (domain 0000 [bus 5d-7f])
[    4.884776] acpi PNP0A08:03: _OSC: OS supports [ExtendedConfig ASPM ClockPM Segments MSI EDR HPX-Type3]
[    4.885601] acpi PNP0A08:03: _OSC: platform does not support [SHPCHotplug AER LTR DPC]
[    4.886283] acpi PNP0A08:03: _OSC: OS now controls [PCIeHotplug PME PCIeCapability]
[    4.886285] acpi PNP0A08:03: FADT indicates ASPM is unsupported, using BIOS configuration
[    4.886693] PCI host bridge to bus 0000:5d
[    4.886696] pci_bus 0000:5d: root bus resource [io  0x8000-0x9fff window]
[    4.886699] pci_bus 0000:5d: root bus resource [mem 0xb8800000-0xc5ffffff window]
[    4.886701] pci_bus 0000:5d: root bus resource [mem 0x38c000000000-0x38ffffffffff window]
[    4.886704] pci_bus 0000:5d: root bus resource [bus 5d-7f]
[    4.886728] pci 0000:5d:00.0: [8086:2030] type 01 class 0x060400
[    4.886788] pci 0000:5d:00.0: enabling Extended Tags
[    4.886833] pci 0000:5d:00.0: PME# supported from D0 D3hot D3cold
[    4.887276] pci 0000:5d:02.0: [8086:2032] type 01 class 0x060400
[    4.887376] pci 0000:5d:02.0: PME# supported from D0 D3hot D3cold
[    4.887797] pci 0000:5d:05.0: [8086:2034] type 00 class 0x088000
[    4.887933] pci 0000:5d:05.2: [8086:2035] type 00 class 0x088000
[    4.888059] pci 0000:5d:05.4: [8086:2036] type 00 class 0x080020
[    4.888081] pci 0000:5d:05.4: reg 0x10: [mem 0xc5f00000-0xc5f00fff]
[    4.888231] pci 0000:5d:05.6: [8086:2037] type 00 class 0x110100
[    4.888359] pci 0000:5d:07.0: [8086:2038] type 00 class 0x088000
[    4.888483] pci 0000:5d:07.1: [8086:2039] type 00 class 0x088000
[    4.888606] pci 0000:5d:07.2: [8086:203a] type 00 class 0x088000
[    4.888737] pci 0000:5d:07.3: [8086:203b] type 00 class 0x088000
[    4.888869] pci 0000:5d:07.4: [8086:203c] type 00 class 0x088000
[    4.888997] pci 0000:5d:07.7: [8086:203d] type 00 class 0x088000
[    4.889123] pci 0000:5d:0e.0: [8086:2058] type 00 class 0x110100
[    4.889272] pci 0000:5d:0e.1: [8086:2059] type 00 class 0x088000
[    4.889382] pci 0000:5d:0e.2: [8086:205a] type 00 class 0x088000
[    4.889491] pci 0000:5d:0e.3: [8086:205b] type 00 class 0x088000
[    4.889604] pci 0000:5d:0f.0: [8086:2058] type 00 class 0x110100
[    4.889764] pci 0000:5d:0f.1: [8086:2059] type 00 class 0x088000
[    4.889874] pci 0000:5d:0f.2: [8086:205a] type 00 class 0x088000
[    4.889987] pci 0000:5d:10.0: [8086:2058] type 00 class 0x110100
[    4.890136] pci 0000:5d:10.1: [8086:2059] type 00 class 0x088000
[    4.890250] pci 0000:5d:10.2: [8086:205a] type 00 class 0x088000
[    4.890361] pci 0000:5d:10.3: [8086:205b] type 00 class 0x088000
[    4.890478] pci 0000:5d:12.0: [8086:204c] type 00 class 0x110100
[    4.890625] pci 0000:5d:12.1: [8086:204d] type 00 class 0x110100
[    4.890734] pci 0000:5d:12.2: [8086:204e] type 00 class 0x088000
[    4.890834] pci 0000:5d:12.3: [8086:204f] type 00 class 0x088000
[    4.890929] pci 0000:5d:12.4: [8086:204c] type 00 class 0x110100
[    4.891038] pci 0000:5d:12.5: [8086:204d] type 00 class 0x110100
[    4.891132] pci 0000:5d:12.6: [8086:204e] type 00 class 0x088000
[    4.891228] pci 0000:5d:12.7: [8086:204f] type 00 class 0x088000
[    4.891322] pci 0000:5d:15.0: [8086:2018] type 00 class 0x088000
[    4.891473] pci 0000:5d:15.3: [8086:2019] type 00 class 0x088000
[    4.891579] pci 0000:5d:16.0: [8086:2018] type 00 class 0x088000
[    4.891711] pci 0000:5d:16.3: [8086:2019] type 00 class 0x088000
[    4.891803] pci 0000:5d:16.4: [8086:2018] type 00 class 0x088000
[    4.891898] pci 0000:5d:16.7: [8086:2019] type 00 class 0x088000
[    4.891991] pci 0000:5d:17.0: [8086:2018] type 00 class 0x088000
[    4.892122] pci 0000:5d:17.3: [8086:2019] type 00 class 0x088000
[    4.892349] pci 0000:5e:00.0: [8086:1563] type 00 class 0x020000
[    4.892383] pci 0000:5e:00.0: reg 0x10: [mem 0x38fffe200000-0x38fffe3fffff 64bit pref]
[    4.892438] pci 0000:5e:00.0: reg 0x20: [mem 0x38fffe404000-0x38fffe407fff 64bit pref]
[    4.892455] pci 0000:5e:00.0: reg 0x30: [mem 0xc5e80000-0xc5efffff pref]
[    4.892540] pci 0000:5e:00.0: PME# supported from D0 D3hot D3cold
[    4.892577] pci 0000:5e:00.0: reg 0x184: [mem 0x00000000-0x00003fff 64bit]
[    4.892579] pci 0000:5e:00.0: VF(n) BAR0 space: [mem 0x00000000-0x000fffff 64bit] (contains BAR0 for 64 VFs)
[    4.892604] pci 0000:5e:00.0: reg 0x190: [mem 0x00000000-0x00003fff 64bit]
[    4.892606] pci 0000:5e:00.0: VF(n) BAR3 space: [mem 0x00000000-0x000fffff 64bit] (contains BAR3 for 64 VFs)
[    4.892879] pci 0000:5e:00.1: [8086:1563] type 00 class 0x020000
[    4.892913] pci 0000:5e:00.1: reg 0x10: [mem 0x38fffe000000-0x38fffe1fffff 64bit pref]
[    4.892967] pci 0000:5e:00.1: reg 0x20: [mem 0x38fffe400000-0x38fffe403fff 64bit pref]
[    4.892984] pci 0000:5e:00.1: reg 0x30: [mem 0xc5e00000-0xc5e7ffff pref]
[    4.893062] pci 0000:5e:00.1: PME# supported from D0 D3hot D3cold
[    4.893092] pci 0000:5e:00.1: reg 0x184: [mem 0x00000000-0x00003fff 64bit]
[    4.893094] pci 0000:5e:00.1: VF(n) BAR0 space: [mem 0x00000000-0x000fffff 64bit] (contains BAR0 for 64 VFs)
[    4.893118] pci 0000:5e:00.1: reg 0x190: [mem 0x00000000-0x00003fff 64bit]
[    4.893121] pci 0000:5e:00.1: VF(n) BAR3 space: [mem 0x00000000-0x000fffff 64bit] (contains BAR3 for 64 VFs)
[    4.893385] pci 0000:5d:00.0: PCI bridge to [bus 5e]
[    4.893390] pci 0000:5d:00.0:   bridge window [mem 0xc5e00000-0xc5efffff]
[    4.893395] pci 0000:5d:00.0:   bridge window [mem 0x38fffe000000-0x38fffe4fffff 64bit pref]
[    4.893608] pci 0000:5f:00.0: [15b3:1015] type 00 class 0x020000
[    4.893760] pci 0000:5f:00.0: reg 0x10: [mem 0x38fffc000000-0x38fffdffffff 64bit pref]
[    4.894075] pci 0000:5f:00.0: reg 0x30: [mem 0xc5d00000-0xc5dfffff pref]
[    4.894759] pci 0000:5f:00.0: PME# supported from D3cold
[    4.895040] pci 0000:5f:00.0: reg 0x1a4: [mem 0x00000000-0x000fffff 64bit pref]
[    4.895042] pci 0000:5f:00.0: VF(n) BAR0 space: [mem 0x00000000-0x007fffff 64bit pref] (contains BAR0 for 8 VFs)
[    4.896232] pci 0000:5f:00.1: [15b3:1015] type 00 class 0x020000
[    4.896383] pci 0000:5f:00.1: reg 0x10: [mem 0x38fffa000000-0x38fffbffffff 64bit pref]
[    4.896699] pci 0000:5f:00.1: reg 0x30: [mem 0xc5c00000-0xc5cfffff pref]
[    4.897334] pci 0000:5f:00.1: PME# supported from D3cold
[    4.897593] pci 0000:5f:00.1: reg 0x1a4: [mem 0x00000000-0x000fffff 64bit pref]
[    4.897595] pci 0000:5f:00.1: VF(n) BAR0 space: [mem 0x00000000-0x007fffff 64bit pref] (contains BAR0 for 8 VFs)
[    4.898622] pci 0000:5d:02.0: PCI bridge to [bus 5f]
[    4.898627] pci 0000:5d:02.0:   bridge window [mem 0xc5c00000-0xc5dfffff]
[    4.898631] pci 0000:5d:02.0:   bridge window [mem 0x38fffa000000-0x38fffdffffff 64bit pref]
[    4.898659] pci_bus 0000:5d: on NUMA node 0
[    4.899061] ACPI: PCI Root Bridge [PC06] (domain 0000 [bus 80-84])
[    4.899067] acpi PNP0A08:06: _OSC: OS supports [ExtendedConfig ASPM ClockPM Segments MSI EDR HPX-Type3]
[    4.899484] acpi PNP0A08:06: _OSC: platform does not support [SHPCHotplug AER LTR DPC]
[    4.899990] acpi PNP0A08:06: _OSC: OS now controls [PCIeHotplug PME PCIeCapability]
[    4.899992] acpi PNP0A08:06: FADT indicates ASPM is unsupported, using BIOS configuration
[    4.900316] PCI host bridge to bus 0000:80
[    4.900318] pci_bus 0000:80: root bus resource [io  0xa000-0xbfff window]
[    4.900321] pci_bus 0000:80: root bus resource [mem 0xc6000000-0xd37fffff window]
[    4.900323] pci_bus 0000:80: root bus resource [mem 0x390000000000-0x393fffffffff window]
[    4.900327] pci_bus 0000:80: root bus resource [bus 80-84]
[    4.900376] pci 0000:80:04.0: [8086:2021] type 00 class 0x088000
[    4.900401] pci 0000:80:04.0: reg 0x10: [mem 0x393ffff1c000-0x393ffff1ffff 64bit]
[    4.900563] pci 0000:80:04.1: [8086:2021] type 00 class 0x088000
[    4.900587] pci 0000:80:04.1: reg 0x10: [mem 0x393ffff18000-0x393ffff1bfff 64bit]
[    4.900742] pci 0000:80:04.2: [8086:2021] type 00 class 0x088000
[    4.900766] pci 0000:80:04.2: reg 0x10: [mem 0x393ffff14000-0x393ffff17fff 64bit]
[    4.900919] pci 0000:80:04.3: [8086:2021] type 00 class 0x088000
[    4.900943] pci 0000:80:04.3: reg 0x10: [mem 0x393ffff10000-0x393ffff13fff 64bit]
[    4.901095] pci 0000:80:04.4: [8086:2021] type 00 class 0x088000
[    4.901119] pci 0000:80:04.4: reg 0x10: [mem 0x393ffff0c000-0x393ffff0ffff 64bit]
[    4.901275] pci 0000:80:04.5: [8086:2021] type 00 class 0x088000
[    4.901299] pci 0000:80:04.5: reg 0x10: [mem 0x393ffff08000-0x393ffff0bfff 64bit]
[    4.901459] pci 0000:80:04.6: [8086:2021] type 00 class 0x088000
[    4.901483] pci 0000:80:04.6: reg 0x10: [mem 0x393ffff04000-0x393ffff07fff 64bit]
[    4.901634] pci 0000:80:04.7: [8086:2021] type 00 class 0x088000
[    4.901658] pci 0000:80:04.7: reg 0x10: [mem 0x393ffff00000-0x393ffff03fff 64bit]
[    4.901809] pci 0000:80:05.0: [8086:2024] type 00 class 0x088000
[    4.901948] pci 0000:80:05.1: [8086:2022] type 00 class 0x088000
[    4.902132] pci 0000:80:05.2: [8086:2025] type 00 class 0x088000
[    4.902259] pci 0000:80:05.4: [8086:2026] type 00 class 0x080020
[    4.902281] pci 0000:80:05.4: reg 0x10: [mem 0xd3700000-0xd3700fff]
[    4.902433] pci 0000:80:05.6: [8086:2027] type 00 class 0x110100
[    4.902564] pci 0000:80:07.0: [8086:2028] type 00 class 0x088000
[    4.902698] pci 0000:80:07.4: [8086:202c] type 00 class 0x088000
[    4.902825] pci 0000:80:07.7: [8086:202d] type 00 class 0x088000
[    4.902950] pci 0000:80:08.0: [8086:2014] type 00 class 0x088000
[    4.903099] pci 0000:80:08.1: [8086:2015] type 00 class 0x110100
[    4.903198] pci 0000:80:08.2: [8086:2016] type 00 class 0x088000
[    4.903323] pci_bus 0000:80: on NUMA node 1
[    4.903533] ACPI: PCI Root Bridge [PC07] (domain 0000 [bus 85-ad])
[    4.903539] acpi PNP0A08:07: _OSC: OS supports [ExtendedConfig ASPM ClockPM Segments MSI EDR HPX-Type3]
[    4.904350] acpi PNP0A08:07: _OSC: platform does not support [SHPCHotplug AER LTR DPC]
[    4.905028] acpi PNP0A08:07: _OSC: OS now controls [PCIeHotplug PME PCIeCapability]
[    4.905031] acpi PNP0A08:07: FADT indicates ASPM is unsupported, using BIOS configuration
[    4.905539] PCI host bridge to bus 0000:85
[    4.905541] pci_bus 0000:85: root bus resource [io  0xc000-0xdfff window]
[    4.905544] pci_bus 0000:85: root bus resource [mem 0xd3800000-0xe0ffffff window]
[    4.905546] pci_bus 0000:85: root bus resource [mem 0x394000000000-0x397fffffffff window]
[    4.905549] pci_bus 0000:85: root bus resource [bus 85-ad]
[    4.905569] pci 0000:85:05.0: [8086:2034] type 00 class 0x088000
[    4.905704] pci 0000:85:05.2: [8086:2035] type 00 class 0x088000
[    4.905832] pci 0000:85:05.4: [8086:2036] type 00 class 0x080020
[    4.905855] pci 0000:85:05.4: reg 0x10: [mem 0xe0f00000-0xe0f00fff]
[    4.906012] pci 0000:85:05.6: [8086:2037] type 00 class 0x110100
[    4.906141] pci 0000:85:07.0: [8086:2038] type 00 class 0x088000
[    4.906268] pci 0000:85:07.1: [8086:2039] type 00 class 0x088000
[    4.906393] pci 0000:85:07.2: [8086:203a] type 00 class 0x088000
[    4.906523] pci 0000:85:07.3: [8086:203b] type 00 class 0x088000
[    4.906649] pci 0000:85:07.4: [8086:203c] type 00 class 0x088000
[    4.906774] pci 0000:85:07.7: [8086:203d] type 00 class 0x088000
[    4.906903] pci 0000:85:08.0: [8086:208d] type 00 class 0x088000
[    4.907046] pci 0000:85:08.1: [8086:208d] type 00 class 0x088000
[    4.907145] pci 0000:85:08.2: [8086:208d] type 00 class 0x088000
[    4.907240] pci 0000:85:08.3: [8086:208d] type 00 class 0x088000
[    4.907335] pci 0000:85:08.4: [8086:208d] type 00 class 0x088000
[    4.907431] pci 0000:85:08.5: [8086:208d] type 00 class 0x088000
[    4.907541] pci 0000:85:08.6: [8086:208d] type 00 class 0x088000
[    4.907636] pci 0000:85:08.7: [8086:208d] type 00 class 0x088000
[    4.907732] pci 0000:85:09.0: [8086:208d] type 00 class 0x088000
[    4.907873] pci 0000:85:09.1: [8086:208d] type 00 class 0x088000
[    4.907968] pci 0000:85:09.2: [8086:208d] type 00 class 0x088000
[    4.908064] pci 0000:85:09.3: [8086:208d] type 00 class 0x088000
[    4.908159] pci 0000:85:09.4: [8086:208d] type 00 class 0x088000
[    4.908255] pci 0000:85:09.5: [8086:208d] type 00 class 0x088000
[    4.908351] pci 0000:85:09.6: [8086:208d] type 00 class 0x088000
[    4.908446] pci 0000:85:09.7: [8086:208d] type 00 class 0x088000
[    4.908542] pci 0000:85:0a.0: [8086:208d] type 00 class 0x088000
[    4.908683] pci 0000:85:0a.1: [8086:208d] type 00 class 0x088000
[    4.908779] pci 0000:85:0a.2: [8086:208d] type 00 class 0x088000
[    4.908876] pci 0000:85:0a.3: [8086:208d] type 00 class 0x088000
[    4.908972] pci 0000:85:0a.4: [8086:208d] type 00 class 0x088000
[    4.909068] pci 0000:85:0a.5: [8086:208d] type 00 class 0x088000
[    4.909165] pci 0000:85:0a.6: [8086:208d] type 00 class 0x088000
[    4.909261] pci 0000:85:0a.7: [8086:208d] type 00 class 0x088000
[    4.909359] pci 0000:85:0b.0: [8086:208d] type 00 class 0x088000
[    4.909503] pci 0000:85:0b.1: [8086:208d] type 00 class 0x088000
[    4.909600] pci 0000:85:0b.2: [8086:208d] type 00 class 0x088000
[    4.909696] pci 0000:85:0b.3: [8086:208d] type 00 class 0x088000
[    4.909801] pci 0000:85:0e.0: [8086:208e] type 00 class 0x088000
[    4.909934] pci 0000:85:0e.1: [8086:208e] type 00 class 0x088000
[    4.910030] pci 0000:85:0e.2: [8086:208e] type 00 class 0x088000
[    4.910126] pci 0000:85:0e.3: [8086:208e] type 00 class 0x088000
[    4.910224] pci 0000:85:0e.4: [8086:208e] type 00 class 0x088000
[    4.910331] pci 0000:85:0e.5: [8086:208e] type 00 class 0x088000
[    4.910428] pci 0000:85:0e.6: [8086:208e] type 00 class 0x088000
[    4.910524] pci 0000:85:0e.7: [8086:208e] type 00 class 0x088000
[    4.910622] pci 0000:85:0f.0: [8086:208e] type 00 class 0x088000
[    4.910755] pci 0000:85:0f.1: [8086:208e] type 00 class 0x088000
[    4.910853] pci 0000:85:0f.2: [8086:208e] type 00 class 0x088000
[    4.910950] pci 0000:85:0f.3: [8086:208e] type 00 class 0x088000
[    4.911046] pci 0000:85:0f.4: [8086:208e] type 00 class 0x088000
[    4.911147] pci 0000:85:0f.5: [8086:208e] type 00 class 0x088000
[    4.911244] pci 0000:85:0f.6: [8086:208e] type 00 class 0x088000
[    4.911341] pci 0000:85:0f.7: [8086:208e] type 00 class 0x088000
[    4.911437] pci 0000:85:10.0: [8086:208e] type 00 class 0x088000
[    4.911571] pci 0000:85:10.1: [8086:208e] type 00 class 0x088000
[    4.911667] pci 0000:85:10.2: [8086:208e] type 00 class 0x088000
[    4.911763] pci 0000:85:10.3: [8086:208e] type 00 class 0x088000
[    4.911859] pci 0000:85:10.4: [8086:208e] type 00 class 0x088000
[    4.911963] pci 0000:85:10.5: [8086:208e] type 00 class 0x088000
[    4.912063] pci 0000:85:10.6: [8086:208e] type 00 class 0x088000
[    4.912159] pci 0000:85:10.7: [8086:208e] type 00 class 0x088000
[    4.912255] pci 0000:85:11.0: [8086:208e] type 00 class 0x088000
[    4.912398] pci 0000:85:11.1: [8086:208e] type 00 class 0x088000
[    4.912495] pci 0000:85:11.2: [8086:208e] type 00 class 0x088000
[    4.912592] pci 0000:85:11.3: [8086:208e] type 00 class 0x088000
[    4.912701] pci 0000:85:14.0: [8086:208f] type 00 class 0x088000
[    4.912847] pci 0000:85:14.1: [8086:208f] type 00 class 0x088000
[    4.912946] pci 0000:85:14.2: [8086:208f] type 00 class 0x088000
[    4.913042] pci 0000:85:14.3: [8086:208f] type 00 class 0x088000
[    4.913137] pci 0000:85:14.4: [8086:208f] type 00 class 0x088000
[    4.913233] pci 0000:85:14.5: [8086:208f] type 00 class 0x088000
[    4.913331] pci 0000:85:14.6: [8086:208f] type 00 class 0x088000
[    4.913426] pci 0000:85:14.7: [8086:208f] type 00 class 0x088000
[    4.913523] pci 0000:85:15.0: [8086:208f] type 00 class 0x088000
[    4.913662] pci 0000:85:15.1: [8086:208f] type 00 class 0x088000
[    4.913757] pci 0000:85:15.2: [8086:208f] type 00 class 0x088000
[    4.913854] pci 0000:85:15.3: [8086:208f] type 00 class 0x088000
[    4.913949] pci 0000:85:15.4: [8086:208f] type 00 class 0x088000
[    4.914046] pci 0000:85:15.5: [8086:208f] type 00 class 0x088000
[    4.914142] pci 0000:85:15.6: [8086:208f] type 00 class 0x088000
[    4.914239] pci 0000:85:15.7: [8086:208f] type 00 class 0x088000
[    4.914335] pci 0000:85:16.0: [8086:208f] type 00 class 0x088000
[    4.914477] pci 0000:85:16.1: [8086:208f] type 00 class 0x088000
[    4.914574] pci 0000:85:16.2: [8086:208f] type 00 class 0x088000
[    4.914671] pci 0000:85:16.3: [8086:208f] type 00 class 0x088000
[    4.914766] pci 0000:85:16.4: [8086:208f] type 00 class 0x088000
[    4.914863] pci 0000:85:16.5: [8086:208f] type 00 class 0x088000
[    4.914959] pci 0000:85:16.6: [8086:208f] type 00 class 0x088000
[    4.915055] pci 0000:85:16.7: [8086:208f] type 00 class 0x088000
[    4.915152] pci 0000:85:17.0: [8086:208f] type 00 class 0x088000
[    4.915291] pci 0000:85:17.1: [8086:208f] type 00 class 0x088000
[    4.915387] pci 0000:85:17.2: [8086:208f] type 00 class 0x088000
[    4.915483] pci 0000:85:17.3: [8086:208f] type 00 class 0x088000
[    4.915596] pci 0000:85:1d.0: [8086:2054] type 00 class 0x088000
[    4.915730] pci 0000:85:1d.1: [8086:2055] type 00 class 0x088000
[    4.915827] pci 0000:85:1d.2: [8086:2056] type 00 class 0x088000
[    4.915924] pci 0000:85:1d.3: [8086:2057] type 00 class 0x088000
[    4.916028] pci 0000:85:1e.0: [8086:2080] type 00 class 0x088000
[    4.916165] pci 0000:85:1e.1: [8086:2081] type 00 class 0x088000
[    4.916263] pci 0000:85:1e.2: [8086:2082] type 00 class 0x088000
[    4.916362] pci 0000:85:1e.3: [8086:2083] type 00 class 0x088000
[    4.916467] pci 0000:85:1e.4: [8086:2084] type 00 class 0x088000
[    4.916563] pci 0000:85:1e.5: [8086:2085] type 00 class 0x088000
[    4.916661] pci 0000:85:1e.6: [8086:2086] type 00 class 0x088000
[    4.916759] pci 0000:85:1f.0: [8086:2078] type 00 class 0x088000
[    4.916894] pci 0000:85:1f.1: [8086:2079] type 00 class 0x088000
[    4.917001] pci 0000:85:1f.2: [8086:207a] type 00 class 0x088000
[    4.917098] pci 0000:85:1f.3: [8086:207b] type 00 class 0x088000
[    4.917194] pci 0000:85:1f.4: [8086:207c] type 00 class 0x088000
[    4.917291] pci 0000:85:1f.5: [8086:207d] type 00 class 0x088000
[    4.917389] pci 0000:85:1f.6: [8086:207e] type 00 class 0x088000
[    4.917486] pci 0000:85:1f.7: [8086:207f] type 00 class 0x088000
[    4.917584] pci_bus 0000:85: on NUMA node 1
[    4.917853] ACPI: PCI Root Bridge [PC08] (domain 0000 [bus ae-d6])
[    4.917859] acpi PNP0A08:08: _OSC: OS supports [ExtendedConfig ASPM ClockPM Segments MSI EDR HPX-Type3]
[    4.918671] acpi PNP0A08:08: _OSC: platform does not support [SHPCHotplug AER LTR DPC]
[    4.919363] acpi PNP0A08:08: _OSC: OS now controls [PCIeHotplug PME PCIeCapability]
[    4.919365] acpi PNP0A08:08: FADT indicates ASPM is unsupported, using BIOS configuration
[    4.919791] PCI host bridge to bus 0000:ae
[    4.919793] pci_bus 0000:ae: root bus resource [io  0xe000-0xefff window]
[    4.919796] pci_bus 0000:ae: root bus resource [mem 0xe1000000-0xee7fffff window]
[    4.919799] pci_bus 0000:ae: root bus resource [mem 0x398000000000-0x39bfffffffff window]
[    4.919801] pci_bus 0000:ae: root bus resource [bus ae-d6]
[    4.919826] pci 0000:ae:00.0: [8086:2030] type 01 class 0x060400
[    4.919887] pci 0000:ae:00.0: enabling Extended Tags
[    4.919934] pci 0000:ae:00.0: PME# supported from D0 D3hot D3cold
[    4.920371] pci 0000:ae:05.0: [8086:2034] type 00 class 0x088000
[    4.920514] pci 0000:ae:05.2: [8086:2035] type 00 class 0x088000
[    4.920644] pci 0000:ae:05.4: [8086:2036] type 00 class 0x080020
[    4.920667] pci 0000:ae:05.4: reg 0x10: [mem 0xee700000-0xee700fff]
[    4.920816] pci 0000:ae:05.6: [8086:2037] type 00 class 0x110100
[    4.920950] pci 0000:ae:07.0: [8086:2038] type 00 class 0x088000
[    4.921076] pci 0000:ae:07.1: [8086:2039] type 00 class 0x088000
[    4.921202] pci 0000:ae:07.2: [8086:203a] type 00 class 0x088000
[    4.921329] pci 0000:ae:07.3: [8086:203b] type 00 class 0x088000
[    4.921454] pci 0000:ae:07.4: [8086:203c] type 00 class 0x088000
[    4.921590] pci 0000:ae:07.7: [8086:203d] type 00 class 0x088000
[    4.921718] pci 0000:ae:08.0: [8086:2066] type 00 class 0x088000
[    4.921873] pci 0000:ae:08.1: [8086:2067] type 00 class 0x088000
[    4.921976] pci 0000:ae:09.0: [8086:2066] type 00 class 0x088000
[    4.922128] pci 0000:ae:09.1: [8086:2067] type 00 class 0x088000
[    4.922231] pci 0000:ae:0a.0: [8086:2040] type 00 class 0x088000
[    4.922384] pci 0000:ae:0a.1: [8086:2041] type 00 class 0x088000
[    4.922503] pci 0000:ae:0a.2: [8086:2042] type 00 class 0x088000
[    4.922629] pci 0000:ae:0a.3: [8086:2043] type 00 class 0x088000
[    4.922746] pci 0000:ae:0a.4: [8086:2044] type 00 class 0x088000
[    4.922861] pci 0000:ae:0a.5: [8086:2045] type 00 class 0x088000
[    4.922978] pci 0000:ae:0a.6: [8086:2046] type 00 class 0x088000
[    4.923093] pci 0000:ae:0a.7: [8086:2047] type 00 class 0x088000
[    4.923210] pci 0000:ae:0b.0: [8086:2048] type 00 class 0x088000
[    4.923362] pci 0000:ae:0b.1: [8086:2049] type 00 class 0x088000
[    4.923480] pci 0000:ae:0b.2: [8086:204a] type 00 class 0x088000
[    4.923606] pci 0000:ae:0b.3: [8086:204b] type 00 class 0x088000
[    4.923725] pci 0000:ae:0c.0: [8086:2040] type 00 class 0x088000
[    4.923882] pci 0000:ae:0c.1: [8086:2041] type 00 class 0x088000
[    4.923999] pci 0000:ae:0c.2: [8086:2042] type 00 class 0x088000
[    4.924120] pci 0000:ae:0c.3: [8086:2043] type 00 class 0x088000
[    4.924238] pci 0000:ae:0c.4: [8086:2044] type 00 class 0x088000
[    4.924361] pci 0000:ae:0c.5: [8086:2045] type 00 class 0x088000
[    4.924479] pci 0000:ae:0c.6: [8086:2046] type 00 class 0x088000
[    4.924608] pci 0000:ae:0c.7: [8086:2047] type 00 class 0x088000
[    4.924728] pci 0000:ae:0d.0: [8086:2048] type 00 class 0x088000
[    4.924881] pci 0000:ae:0d.1: [8086:2049] type 00 class 0x088000
[    4.925001] pci 0000:ae:0d.2: [8086:204a] type 00 class 0x088000
[    4.925119] pci 0000:ae:0d.3: [8086:204b] type 00 class 0x088000
[    4.925321] pci 0000:af:00.0: [10b5:8749] type 01 class 0x060400
[    4.925346] pci 0000:af:00.0: reg 0x10: [mem 0xee600000-0xee63ffff]
[    4.925472] pci 0000:af:00.0: PME# supported from D0 D3hot D3cold
[    4.934708] pci 0000:ae:00.0: PCI bridge to [bus af-b8]
[    4.934717] pci 0000:ae:00.0:   bridge window [mem 0xee200000-0xee6fffff]
[    4.934818] pci 0000:b0:08.0: [10b5:8749] type 01 class 0x060400
[    4.935070] pci 0000:b0:08.0: PME# supported from D0 D3hot D3cold
[    4.935209] pci 0000:b0:09.0: [10b5:8749] type 01 class 0x060400
[    4.935358] pci 0000:b0:09.0: PME# supported from D0 D3hot D3cold
[    4.935466] pci 0000:b0:0a.0: [10b5:8749] type 01 class 0x060400
[    4.935618] pci 0000:b0:0a.0: PME# supported from D0 D3hot D3cold
[    4.935713] pci 0000:b0:0b.0: [10b5:8749] type 01 class 0x060400
[    4.935863] pci 0000:b0:0b.0: PME# supported from D0 D3hot D3cold
[    4.935961] pci 0000:b0:10.0: [10b5:8749] type 01 class 0x060400
[    4.936110] pci 0000:b0:10.0: PME# supported from D0 D3hot D3cold
[    4.936205] pci 0000:b0:11.0: [10b5:8749] type 01 class 0x060400
[    4.936355] pci 0000:b0:11.0: PME# supported from D0 D3hot D3cold
[    4.936449] pci 0000:b0:12.0: [10b5:8749] type 01 class 0x060400
[    4.936598] pci 0000:b0:12.0: PME# supported from D0 D3hot D3cold
[    4.936693] pci 0000:b0:13.0: [10b5:8749] type 01 class 0x060400
[    4.936841] pci 0000:b0:13.0: PME# supported from D0 D3hot D3cold
[    4.936935] pci 0000:af:00.0: PCI bridge to [bus b0-b8]
[    4.936941] pci 0000:af:00.0:   bridge window [mem 0xee200000-0xee5fffff]
[    4.937000] pci 0000:b1:00.0: [8086:0a54] type 00 class 0x010802
[    4.937036] pci 0000:b1:00.0: reg 0x10: [mem 0xee510000-0xee513fff 64bit]
[    4.937114] pci 0000:b1:00.0: reg 0x30: [mem 0xee500000-0xee50ffff pref]
[    4.937122] pci 0000:b1:00.0: enabling Extended Tags
[    4.937318] pci 0000:b0:08.0: PCI bridge to [bus b1]
[    4.937325] pci 0000:b0:08.0:   bridge window [mem 0xee500000-0xee5fffff]
[    4.937388] pci 0000:b2:00.0: [8086:0a54] type 00 class 0x010802
[    4.937423] pci 0000:b2:00.0: reg 0x10: [mem 0xee410000-0xee413fff 64bit]
[    4.937501] pci 0000:b2:00.0: reg 0x30: [mem 0xee400000-0xee40ffff pref]
[    4.937509] pci 0000:b2:00.0: enabling Extended Tags
[    4.937709] pci 0000:b0:09.0: PCI bridge to [bus b2]
[    4.937715] pci 0000:b0:09.0:   bridge window [mem 0xee400000-0xee4fffff]
[    4.937779] pci 0000:b3:00.0: [8086:f1aa] type 00 class 0x010802
[    4.937818] pci 0000:b3:00.0: reg 0x10: [mem 0xee300000-0xee303fff 64bit]
[    4.938031] pci 0000:b3:00.0: reg 0x1ac: [mem 0x00000000-0x00003fff 64bit]
[    4.938034] pci 0000:b3:00.0: VF(n) BAR0 space: [mem 0x00000000-0x0001ffff 64bit] (contains BAR0 for 8 VFs)
[    4.946727] pci 0000:b0:0a.0: PCI bridge to [bus b3]
[    4.946734] pci 0000:b0:0a.0:   bridge window [mem 0xee300000-0xee3fffff]
[    4.946793] pci 0000:b4:00.0: [c0a9:540a] type 00 class 0x010802
[    4.946832] pci 0000:b4:00.0: reg 0x10: [mem 0xee200000-0xee203fff 64bit]
[    4.946925] pci 0000:b4:00.0: enabling Extended Tags
[    4.958711] pci 0000:b0:0b.0: PCI bridge to [bus b4]
[    4.958722] pci 0000:b0:0b.0:   bridge window [mem 0xee200000-0xee2fffff]
[    4.958798] pci 0000:b0:10.0: PCI bridge to [bus b5]
[    4.958881] pci 0000:b0:11.0: PCI bridge to [bus b6]
[    4.958961] pci 0000:b0:12.0: PCI bridge to [bus b7]
[    4.959044] pci 0000:b0:13.0: PCI bridge to [bus b8]
[    4.959223] pci_bus 0000:ae: on NUMA node 1
[    4.959477] ACPI: PCI Root Bridge [PC09] (domain 0000 [bus d7-ff])
[    4.959483] acpi PNP0A08:09: _OSC: OS supports [ExtendedConfig ASPM ClockPM Segments MSI EDR HPX-Type3]
[    4.960293] acpi PNP0A08:09: _OSC: platform does not support [SHPCHotplug AER LTR DPC]
[    4.960979] acpi PNP0A08:09: _OSC: OS now controls [PCIeHotplug PME PCIeCapability]
