[    0.000000] microcode: microcode updated early to revision 0xb000040, date = 2021-05-19
[    0.000000] Linux version 5.19.0-41-generic (buildd@lcy02-amd64-045) (x86_64-linux-gnu-gcc (Ubuntu 11.3.0-1ubuntu1~22.04.1) 11.3.0, GNU ld (GNU Binutils for Ubuntu) 2.38) #42~22.04.1-Ubuntu SMP PREEMPT_DYNAMIC Tue Apr 18 17:40:00 UTC 2 (Ubuntu 5.19.0-41.42~22.04.1-generic 5.19.17)
[    0.000000] Command line: BOOT_IMAGE=/vmlinuz-5.19.0-41-generic root=UUID=f61fcd72-25e9-4dae-985f-07f0779ebafc ro pci=realloc,assign-busses,pcie_scan_all pcie_ports=native pcie_ports_pm=off iommu=off quiet splash
[    0.000000] KERNEL supported cpus:
[    0.000000]   Intel GenuineIntel
[    0.000000]   AMD AuthenticAMD
[    0.000000]   Hygon HygonGenuine
[    0.000000]   Centaur CentaurHauls
[    0.000000]   zhaoxin   Shanghai  
[    0.000000] x86/fpu: Supporting XSAVE feature 0x001: 'x87 floating point registers'
[    0.000000] x86/fpu: Supporting XSAVE feature 0x002: 'SSE registers'
[    0.000000] x86/fpu: Supporting XSAVE feature 0x004: 'AVX registers'
[    0.000000] x86/fpu: xstate_offset[2]:  576, xstate_sizes[2]:  256
[    0.000000] x86/fpu: Enabled xstate features 0x7, context size is 832 bytes, using 'standard' format.
[    0.000000] signal: max sigframe size: 1776
[    0.000000] BIOS-provided physical RAM map:
[    0.000000] BIOS-e820: [mem 0x0000000000000000-0x000000000009ffff] usable
[    0.000000] BIOS-e820: [mem 0x0000000000100000-0x0000000078f9ffff] usable
[    0.000000] BIOS-e820: [mem 0x0000000078fa0000-0x00000000797b5fff] reserved
[    0.000000] BIOS-e820: [mem 0x00000000797b6000-0x00000000798b4fff] usable
[    0.000000] BIOS-e820: [mem 0x00000000798b5000-0x0000000079e2efff] ACPI NVS
[    0.000000] BIOS-e820: [mem 0x0000000079e2f000-0x000000007bdbbfff] reserved
[    0.000000] BIOS-e820: [mem 0x000000007bdbc000-0x000000007bdbcfff] usable
[    0.000000] BIOS-e820: [mem 0x000000007bdbd000-0x000000007be42fff] reserved
[    0.000000] BIOS-e820: [mem 0x000000007be43000-0x000000007bffffff] usable
[    0.000000] BIOS-e820: [mem 0x000000007c000000-0x000000008fffffff] reserved
[    0.000000] BIOS-e820: [mem 0x00000000fed1c000-0x00000000fed44fff] reserved
[    0.000000] BIOS-e820: [mem 0x00000000ff000000-0x00000000ffffffff] reserved
[    0.000000] BIOS-e820: [mem 0x0000000100000000-0x000001007fffffff] usable
[    0.000000] NX (Execute Disable) protection: active
[    0.000000] e820: update [mem 0x6fe33018-0x6fe3a257] usable ==> usable
[    0.000000] e820: update [mem 0x6fe33018-0x6fe3a257] usable ==> usable
[    0.000000] e820: update [mem 0x6fe2b018-0x6fe32257] usable ==> usable
[    0.000000] e820: update [mem 0x6fe2b018-0x6fe32257] usable ==> usable
[    0.000000] e820: update [mem 0x6fde5018-0x6fe2ae57] usable ==> usable
[    0.000000] e820: update [mem 0x6fde5018-0x6fe2ae57] usable ==> usable
[    0.000000] e820: update [mem 0x6fddc018-0x6fde4057] usable ==> usable
[    0.000000] e820: update [mem 0x6fddc018-0x6fde4057] usable ==> usable
[    0.000000] e820: update [mem 0x6fdbc018-0x6fddbc57] usable ==> usable
[    0.000000] e820: update [mem 0x6fdbc018-0x6fddbc57] usable ==> usable
[    0.000000] extended physical RAM map:
[    0.000000] reserve setup_data: [mem 0x0000000000000000-0x000000000009ffff] usable
[    0.000000] reserve setup_data: [mem 0x0000000000100000-0x000000006fdbc017] usable
[    0.000000] reserve setup_data: [mem 0x000000006fdbc018-0x000000006fddbc57] usable
[    0.000000] reserve setup_data: [mem 0x000000006fddbc58-0x000000006fddc017] usable
[    0.000000] reserve setup_data: [mem 0x000000006fddc018-0x000000006fde4057] usable
[    0.000000] reserve setup_data: [mem 0x000000006fde4058-0x000000006fde5017] usable
[    0.000000] reserve setup_data: [mem 0x000000006fde5018-0x000000006fe2ae57] usable
[    0.000000] reserve setup_data: [mem 0x000000006fe2ae58-0x000000006fe2b017] usable
[    0.000000] reserve setup_data: [mem 0x000000006fe2b018-0x000000006fe32257] usable
[    0.000000] reserve setup_data: [mem 0x000000006fe32258-0x000000006fe33017] usable
[    0.000000] reserve setup_data: [mem 0x000000006fe33018-0x000000006fe3a257] usable
[    0.000000] reserve setup_data: [mem 0x000000006fe3a258-0x0000000078f9ffff] usable
[    0.000000] reserve setup_data: [mem 0x0000000078fa0000-0x00000000797b5fff] reserved
[    0.000000] reserve setup_data: [mem 0x00000000797b6000-0x00000000798b4fff] usable
[    0.000000] reserve setup_data: [mem 0x00000000798b5000-0x0000000079e2efff] ACPI NVS
[    0.000000] reserve setup_data: [mem 0x0000000079e2f000-0x000000007bdbbfff] reserved
[    0.000000] reserve setup_data: [mem 0x000000007bdbc000-0x000000007bdbcfff] usable
[    0.000000] reserve setup_data: [mem 0x000000007bdbd000-0x000000007be42fff] reserved
[    0.000000] reserve setup_data: [mem 0x000000007be43000-0x000000007bffffff] usable
[    0.000000] reserve setup_data: [mem 0x000000007c000000-0x000000008fffffff] reserved
[    0.000000] reserve setup_data: [mem 0x00000000fed1c000-0x00000000fed44fff] reserved
[    0.000000] reserve setup_data: [mem 0x00000000ff000000-0x00000000ffffffff] reserved
[    0.000000] reserve setup_data: [mem 0x0000000100000000-0x000001007fffffff] usable
[    0.000000] efi: EFI v2.40 by American Megatrends
[    0.000000] efi: ACPI=0x7992d000 ACPI 2.0=0x7992d000 TPMFinalLog=0x79dfd000 SMBIOS=0xf05e0 SMBIOS 3.0=0x7bbd9000 ESRT=0x7bbf6b98 TPMEventLog=0x6fe3b018 
[    0.000000] secureboot: Secure boot disabled
[    0.000000] SMBIOS 3.0.0 present.
[    0.000000] DMI: Supermicro SYS-4028GR-TVRT-01-PD006/X10DGO-T, BIOS 3.3 02/23/2021
[    0.000000] tsc: Fast TSC calibration using PIT
[    0.000000] tsc: Detected 2600.075 MHz processor
[    0.000298] e820: update [mem 0x00000000-0x00000fff] usable ==> reserved
[    0.000301] e820: remove [mem 0x000a0000-0x000fffff] usable
[    0.000313] last_pfn = 0x10080000 max_arch_pfn = 0x400000000
[    0.000616] x86/PAT: Configuration [0-7]: WB  WC  UC- UC  WB  WP  UC- WT  
[    0.001715] last_pfn = 0x7c000 max_arch_pfn = 0x400000000
[    0.010362] found SMP MP-table at [mem 0x000fd2f0-0x000fd2ff]
[    0.010392] esrt: Reserving ESRT space from 0x000000007bbf6b98 to 0x000000007bbf6bd0.
[    0.010403] Using GB pages for direct mapping
[    0.010842] secureboot: Secure boot disabled
[    0.010843] RAMDISK: [mem 0x6fe46000-0x748b4fff]
[    0.010849] ACPI: Early table checksum verification disabled
[    0.010855] ACPI: RSDP 0x000000007992D000 000024 (v02 ALASKA)
[    0.010860] ACPI: XSDT 0x000000007992D0B8 0000F4 (v01 ALASKA A M I    01072009 AMI  00010013)
[    0.010867] ACPI: FACP 0x0000000079960AD0 00010C (v05 ALASKA A M I    01072009 AMI  00010013)
[    0.010874] ACPI: DSDT 0x000000007992D248 033882 (v02 ALASKA A M I    01072009 INTL 20091013)
[    0.010878] ACPI: FACS 0x0000000079E2DF80 000040
[    0.010881] ACPI: APIC 0x0000000079960BE0 000374 (v03 ALASKA A M I    01072009 AMI  00010013)
[    0.010885] ACPI: FPDT 0x0000000079960F58 000044 (v01 ALASKA A M I    01072009 AMI  00010013)
[    0.010888] ACPI: FIDT 0x0000000079960FA0 00009C (v01 ALASKA A M I    01072009 AMI  00010013)
[    0.010892] ACPI: SPMI 0x0000000079961040 000041 (v05 ALASKA A M I    00000000 AMI. 00000000)
[    0.010896] ACPI: MCFG 0x0000000079961088 00003C (v01 ALASKA A M I    01072009 MSFT 00000097)
[    0.010900] ACPI: UEFI 0x00000000799610C8 000042 (v01 ALASKA A M I    01072009      00000000)
[    0.010903] ACPI: MCEJ 0x0000000079961110 000130 (v01 INTEL           00000001 INTL 0100000D)
[    0.010908] ACPI: HPET 0x0000000079961240 000038 (v01 ALASKA A M I    00000001 INTL 20091013)
[    0.010911] ACPI: MSCT 0x0000000079961278 000090 (v01 ALASKA A M I    00000001 INTL 20091013)
[    0.010914] ACPI: SLIT 0x0000000079961308 000030 (v01 ALASKA A M I    00000001 INTL 20091013)
[    0.010918] ACPI: SRAT 0x0000000079961338 001158 (v03 ALASKA A M I    00000001 INTL 20091013)
[    0.010921] ACPI: WDDT 0x0000000079962490 000040 (v01 ALASKA A M I    00000000 INTL 20091013)
[    0.010925] ACPI: SSDT 0x00000000799624D0 01717F (v02 ALASKA PmMgt    00000001 INTL 20120913)
[    0.010928] ACPI: NITR 0x0000000079979650 000071 (v02 ALASKA A M I    00000001 INTL 20091013)
[    0.010931] ACPI: TPM2 0x00000000799796C8 000034 (v03        Tpm2Tabl 00000001 AMI  00000000)
[    0.010935] ACPI: SSDT 0x0000000079979700 00264A (v02 ALASKA SpsNm    00000002 INTL 20120913)
[    0.010938] ACPI: SSDT 0x000000007997BD50 000064 (v02 ALASKA SpsNvs   00000002 INTL 20120913)
[    0.010942] ACPI: PRAD 0x000000007997BDB8 000102 (v02 ALASKA A M I    00000002 INTL 20120913)
[    0.010945] ACPI: BGRT 0x000000007997BEC0 000038 (v01 ALASKA A M I    01072009 AMI  00010013)
[    0.010949] ACPI: DMAR 0x000000007997BEF8 000168 (v01 ALASKA A M I    00000001 INTL 20091013)
[    0.010952] ACPI: HEST 0x000000007997C060 0000A8 (v01 ALASKA A M I    00000001 INTL 00000001)
[    0.010955] ACPI: BERT 0x000000007997C108 000030 (v01 ALASKA A M I    00000001 INTL 00000001)
[    0.010959] ACPI: ERST 0x000000007997C138 000230 (v01 ALASKA A M I    00000001 INTL 00000001)
[    0.010962] ACPI: EINJ 0x000000007997C368 000150 (v01 ALASKA A M I    00000001 INTL 00000001)
[    0.010966] ACPI: NFIT 0x000000007997C4B8 000028 (v01 ALASKA A M I    00000001 ?    00000001)
[    0.010969] ACPI: Reserving FACP table memory at [mem 0x79960ad0-0x79960bdb]
[    0.010970] ACPI: Reserving DSDT table memory at [mem 0x7992d248-0x79960ac9]
[    0.010972] ACPI: Reserving FACS table memory at [mem 0x79e2df80-0x79e2dfbf]
[    0.010973] ACPI: Reserving APIC table memory at [mem 0x79960be0-0x79960f53]
[    0.010974] ACPI: Reserving FPDT table memory at [mem 0x79960f58-0x79960f9b]
[    0.010975] ACPI: Reserving FIDT table memory at [mem 0x79960fa0-0x7996103b]
[    0.010976] ACPI: Reserving SPMI table memory at [mem 0x79961040-0x79961080]
[    0.010977] ACPI: Reserving MCFG table memory at [mem 0x79961088-0x799610c3]
[    0.010978] ACPI: Reserving UEFI table memory at [mem 0x799610c8-0x79961109]
[    0.010979] ACPI: Reserving MCEJ table memory at [mem 0x79961110-0x7996123f]
[    0.010981] ACPI: Reserving HPET table memory at [mem 0x79961240-0x79961277]
[    0.010982] ACPI: Reserving MSCT table memory at [mem 0x79961278-0x79961307]
[    0.010983] ACPI: Reserving SLIT table memory at [mem 0x79961308-0x79961337]
[    0.010984] ACPI: Reserving SRAT table memory at [mem 0x79961338-0x7996248f]
[    0.010985] ACPI: Reserving WDDT table memory at [mem 0x79962490-0x799624cf]
[    0.010987] ACPI: Reserving SSDT table memory at [mem 0x799624d0-0x7997964e]
[    0.010988] ACPI: Reserving NITR table memory at [mem 0x79979650-0x799796c0]
[    0.010989] ACPI: Reserving TPM2 table memory at [mem 0x799796c8-0x799796fb]
[    0.010990] ACPI: Reserving SSDT table memory at [mem 0x79979700-0x7997bd49]
[    0.010991] ACPI: Reserving SSDT table memory at [mem 0x7997bd50-0x7997bdb3]
[    0.010992] ACPI: Reserving PRAD table memory at [mem 0x7997bdb8-0x7997beb9]
[    0.010993] ACPI: Reserving BGRT table memory at [mem 0x7997bec0-0x7997bef7]
[    0.010994] ACPI: Reserving DMAR table memory at [mem 0x7997bef8-0x7997c05f]
[    0.010995] ACPI: Reserving HEST table memory at [mem 0x7997c060-0x7997c107]
[    0.010996] ACPI: Reserving BERT table memory at [mem 0x7997c108-0x7997c137]
[    0.010997] ACPI: Reserving ERST table memory at [mem 0x7997c138-0x7997c367]
[    0.010999] ACPI: Reserving EINJ table memory at [mem 0x7997c368-0x7997c4b7]
[    0.011000] ACPI: Reserving NFIT table memory at [mem 0x7997c4b8-0x7997c4df]
[    0.011062] SRAT: PXM 0 -> APIC 0x00 -> Node 0
[    0.011063] SRAT: PXM 0 -> APIC 0x02 -> Node 0
[    0.011064] SRAT: PXM 0 -> APIC 0x04 -> Node 0
[    0.011065] SRAT: PXM 0 -> APIC 0x06 -> Node 0
[    0.011066] SRAT: PXM 0 -> APIC 0x08 -> Node 0
[    0.011067] SRAT: PXM 0 -> APIC 0x0a -> Node 0
[    0.011068] SRAT: PXM 0 -> APIC 0x0c -> Node 0
[    0.011068] SRAT: PXM 0 -> APIC 0x10 -> Node 0
[    0.011069] SRAT: PXM 0 -> APIC 0x12 -> Node 0
[    0.011070] SRAT: PXM 0 -> APIC 0x14 -> Node 0
[    0.011071] SRAT: PXM 0 -> APIC 0x16 -> Node 0
[    0.011072] SRAT: PXM 0 -> APIC 0x18 -> Node 0
[    0.011073] SRAT: PXM 0 -> APIC 0x1a -> Node 0
[    0.011073] SRAT: PXM 0 -> APIC 0x1c -> Node 0
[    0.011074] SRAT: PXM 1 -> APIC 0x20 -> Node 1
[    0.011075] SRAT: PXM 1 -> APIC 0x22 -> Node 1
[    0.011076] SRAT: PXM 1 -> APIC 0x24 -> Node 1
[    0.011077] SRAT: PXM 1 -> APIC 0x26 -> Node 1
[    0.011078] SRAT: PXM 1 -> APIC 0x28 -> Node 1
[    0.011078] SRAT: PXM 1 -> APIC 0x2a -> Node 1
[    0.011079] SRAT: PXM 1 -> APIC 0x2c -> Node 1
[    0.011080] SRAT: PXM 1 -> APIC 0x30 -> Node 1
[    0.011081] SRAT: PXM 1 -> APIC 0x32 -> Node 1
[    0.011081] SRAT: PXM 1 -> APIC 0x34 -> Node 1
[    0.011082] SRAT: PXM 1 -> APIC 0x36 -> Node 1
[    0.011083] SRAT: PXM 1 -> APIC 0x38 -> Node 1
[    0.011084] SRAT: PXM 1 -> APIC 0x3a -> Node 1
[    0.011085] SRAT: PXM 1 -> APIC 0x3c -> Node 1
[    0.011086] SRAT: PXM 0 -> APIC 0x01 -> Node 0
[    0.011087] SRAT: PXM 0 -> APIC 0x03 -> Node 0
[    0.011088] SRAT: PXM 0 -> APIC 0x05 -> Node 0
[    0.011088] SRAT: PXM 0 -> APIC 0x07 -> Node 0
[    0.011089] SRAT: PXM 0 -> APIC 0x09 -> Node 0
[    0.011090] SRAT: PXM 0 -> APIC 0x0b -> Node 0
[    0.011091] SRAT: PXM 0 -> APIC 0x0d -> Node 0
[    0.011092] SRAT: PXM 0 -> APIC 0x11 -> Node 0
[    0.011093] SRAT: PXM 0 -> APIC 0x13 -> Node 0
[    0.011093] SRAT: PXM 0 -> APIC 0x15 -> Node 0
[    0.011094] SRAT: PXM 0 -> APIC 0x17 -> Node 0
[    0.011095] SRAT: PXM 0 -> APIC 0x19 -> Node 0
[    0.011096] SRAT: PXM 0 -> APIC 0x1b -> Node 0
[    0.011096] SRAT: PXM 0 -> APIC 0x1d -> Node 0
[    0.011097] SRAT: PXM 1 -> APIC 0x21 -> Node 1
[    0.011098] SRAT: PXM 1 -> APIC 0x23 -> Node 1
[    0.011099] SRAT: PXM 1 -> APIC 0x25 -> Node 1
[    0.011099] SRAT: PXM 1 -> APIC 0x27 -> Node 1
[    0.011100] SRAT: PXM 1 -> APIC 0x29 -> Node 1
[    0.011101] SRAT: PXM 1 -> APIC 0x2b -> Node 1
[    0.011102] SRAT: PXM 1 -> APIC 0x2d -> Node 1
[    0.011102] SRAT: PXM 1 -> APIC 0x31 -> Node 1
[    0.011103] SRAT: PXM 1 -> APIC 0x33 -> Node 1
[    0.011104] SRAT: PXM 1 -> APIC 0x35 -> Node 1
[    0.011105] SRAT: PXM 1 -> APIC 0x37 -> Node 1
[    0.011105] SRAT: PXM 1 -> APIC 0x39 -> Node 1
[    0.011106] SRAT: PXM 1 -> APIC 0x3b -> Node 1
[    0.011107] SRAT: PXM 1 -> APIC 0x3d -> Node 1
[    0.011116] ACPI: SRAT: Node 0 PXM 0 [mem 0x00000000-0x7fffffff]
[    0.011118] ACPI: SRAT: Node 0 PXM 0 [mem 0x100000000-0x807fffffff]
[    0.011119] ACPI: SRAT: Node 1 PXM 1 [mem 0x8080000000-0x1007fffffff]
[    0.011126] NUMA: Initialized distance table, cnt=2
[    0.011130] NUMA: Node 0 [mem 0x00000000-0x7fffffff] + [mem 0x100000000-0x807fffffff] -> [mem 0x00000000-0x807fffffff]
[    0.011142] NODE_DATA(0) allocated [mem 0x807ffd5000-0x807fffffff]
[    0.011172] NODE_DATA(1) allocated [mem 0x1007ffd3000-0x1007fffdfff]
[    0.012995] Zone ranges:
[    0.012996]   DMA      [mem 0x0000000000001000-0x0000000000ffffff]
[    0.012998]   DMA32    [mem 0x0000000001000000-0x00000000ffffffff]
[    0.013000]   Normal   [mem 0x0000000100000000-0x000001007fffffff]
[    0.013002]   Device   empty
[    0.013003] Movable zone start for each node
[    0.013006] Early memory node ranges
[    0.013007]   node   0: [mem 0x0000000000001000-0x000000000009ffff]
[    0.013008]   node   0: [mem 0x0000000000100000-0x0000000078f9ffff]
[    0.013010]   node   0: [mem 0x00000000797b6000-0x00000000798b4fff]
[    0.013011]   node   0: [mem 0x000000007bdbc000-0x000000007bdbcfff]
[    0.013011]   node   0: [mem 0x000000007be43000-0x000000007bffffff]
[    0.013012]   node   0: [mem 0x0000000100000000-0x000000807fffffff]
[    0.013067]   node   1: [mem 0x0000008080000000-0x000001007fffffff]
[    0.013123] Initmem setup node 0 [mem 0x0000000000001000-0x000000807fffffff]
[    0.013127] Initmem setup node 1 [mem 0x0000008080000000-0x000001007fffffff]
[    0.013132] On node 0, zone DMA: 1 pages in unavailable ranges
[    0.013205] On node 0, zone DMA: 96 pages in unavailable ranges
[    0.019797] On node 0, zone DMA32: 2070 pages in unavailable ranges
[    0.019927] On node 0, zone DMA32: 9479 pages in unavailable ranges
[    0.019936] On node 0, zone DMA32: 134 pages in unavailable ranges
[    1.810397] On node 0, zone Normal: 16384 pages in unavailable ranges
[    3.842723] ACPI: PM-Timer IO Port: 0x408
[    3.842746] ACPI: LAPIC_NMI (acpi_id[0x00] high edge lint[0x1])
[    3.842748] ACPI: LAPIC_NMI (acpi_id[0x02] high edge lint[0x1])
[    3.842749] ACPI: LAPIC_NMI (acpi_id[0x04] high edge lint[0x1])
[    3.842750] ACPI: LAPIC_NMI (acpi_id[0x06] high edge lint[0x1])
[    3.842751] ACPI: LAPIC_NMI (acpi_id[0x08] high edge lint[0x1])
[    3.842752] ACPI: LAPIC_NMI (acpi_id[0x0a] high edge lint[0x1])
[    3.842753] ACPI: LAPIC_NMI (acpi_id[0x0c] high edge lint[0x1])
[    3.842754] ACPI: LAPIC_NMI (acpi_id[0x10] high edge lint[0x1])
[    3.842756] ACPI: LAPIC_NMI (acpi_id[0x12] high edge lint[0x1])
[    3.842757] ACPI: LAPIC_NMI (acpi_id[0x14] high edge lint[0x1])
[    3.842758] ACPI: LAPIC_NMI (acpi_id[0x16] high edge lint[0x1])
[    3.842759] ACPI: LAPIC_NMI (acpi_id[0x18] high edge lint[0x1])
[    3.842760] ACPI: LAPIC_NMI (acpi_id[0x1a] high edge lint[0x1])
[    3.842761] ACPI: LAPIC_NMI (acpi_id[0x1c] high edge lint[0x1])
[    3.842762] ACPI: LAPIC_NMI (acpi_id[0x20] high edge lint[0x1])
[    3.842762] ACPI: LAPIC_NMI (acpi_id[0x22] high edge lint[0x1])
[    3.842763] ACPI: LAPIC_NMI (acpi_id[0x24] high edge lint[0x1])
[    3.842764] ACPI: LAPIC_NMI (acpi_id[0x26] high edge lint[0x1])
[    3.842765] ACPI: LAPIC_NMI (acpi_id[0x28] high edge lint[0x1])
[    3.842766] ACPI: LAPIC_NMI (acpi_id[0x2a] high edge lint[0x1])
[    3.842766] ACPI: LAPIC_NMI (acpi_id[0x2c] high edge lint[0x1])
[    3.842767] ACPI: LAPIC_NMI (acpi_id[0x30] high edge lint[0x1])
[    3.842768] ACPI: LAPIC_NMI (acpi_id[0x32] high edge lint[0x1])
[    3.842769] ACPI: LAPIC_NMI (acpi_id[0x34] high edge lint[0x1])
[    3.842770] ACPI: LAPIC_NMI (acpi_id[0x36] high edge lint[0x1])
[    3.842770] ACPI: LAPIC_NMI (acpi_id[0x38] high edge lint[0x1])
[    3.842771] ACPI: LAPIC_NMI (acpi_id[0x3a] high edge lint[0x1])
[    3.842772] ACPI: LAPIC_NMI (acpi_id[0x3c] high edge lint[0x1])
[    3.842773] ACPI: LAPIC_NMI (acpi_id[0x01] high edge lint[0x1])
[    3.842774] ACPI: LAPIC_NMI (acpi_id[0x03] high edge lint[0x1])
[    3.842774] ACPI: LAPIC_NMI (acpi_id[0x05] high edge lint[0x1])
[    3.842775] ACPI: LAPIC_NMI (acpi_id[0x07] high edge lint[0x1])
[    3.842776] ACPI: LAPIC_NMI (acpi_id[0x09] high edge lint[0x1])
[    3.842777] ACPI: LAPIC_NMI (acpi_id[0x0b] high edge lint[0x1])
[    3.842778] ACPI: LAPIC_NMI (acpi_id[0x0d] high edge lint[0x1])
[    3.842779] ACPI: LAPIC_NMI (acpi_id[0x11] high edge lint[0x1])
[    3.842780] ACPI: LAPIC_NMI (acpi_id[0x13] high edge lint[0x1])
[    3.842781] ACPI: LAPIC_NMI (acpi_id[0x15] high edge lint[0x1])
[    3.842782] ACPI: LAPIC_NMI (acpi_id[0x17] high edge lint[0x1])
[    3.842783] ACPI: LAPIC_NMI (acpi_id[0x19] high edge lint[0x1])
[    3.842784] ACPI: LAPIC_NMI (acpi_id[0x1b] high edge lint[0x1])
[    3.842785] ACPI: LAPIC_NMI (acpi_id[0x1d] high edge lint[0x1])
[    3.842786] ACPI: LAPIC_NMI (acpi_id[0x21] high edge lint[0x1])
[    3.842787] ACPI: LAPIC_NMI (acpi_id[0x23] high edge lint[0x1])
[    3.842788] ACPI: LAPIC_NMI (acpi_id[0x25] high edge lint[0x1])
[    3.842788] ACPI: LAPIC_NMI (acpi_id[0x27] high edge lint[0x1])
[    3.842789] ACPI: LAPIC_NMI (acpi_id[0x29] high edge lint[0x1])
[    3.842790] ACPI: LAPIC_NMI (acpi_id[0x2b] high edge lint[0x1])
[    3.842791] ACPI: LAPIC_NMI (acpi_id[0x2d] high edge lint[0x1])
[    3.842791] ACPI: LAPIC_NMI (acpi_id[0x31] high edge lint[0x1])
[    3.842792] ACPI: LAPIC_NMI (acpi_id[0x33] high edge lint[0x1])
[    3.842793] ACPI: LAPIC_NMI (acpi_id[0x35] high edge lint[0x1])
[    3.842794] ACPI: LAPIC_NMI (acpi_id[0x37] high edge lint[0x1])
[    3.842795] ACPI: LAPIC_NMI (acpi_id[0x39] high edge lint[0x1])
[    3.842796] ACPI: LAPIC_NMI (acpi_id[0x3b] high edge lint[0x1])
[    3.842797] ACPI: LAPIC_NMI (acpi_id[0x3d] high edge lint[0x1])
[    3.842808] IOAPIC[0]: apic_id 1, version 32, address 0xfec00000, GSI 0-23
[    3.842814] IOAPIC[1]: apic_id 2, version 32, address 0xfec01000, GSI 24-47
[    3.842819] IOAPIC[2]: apic_id 3, version 32, address 0xfec40000, GSI 48-71
[    3.842822] ACPI: INT_SRC_OVR (bus 0 bus_irq 0 global_irq 2 dfl dfl)
[    3.842825] ACPI: INT_SRC_OVR (bus 0 bus_irq 9 global_irq 9 high level)
[    3.842831] ACPI: Using ACPI (MADT) for SMP configuration information
[    3.842832] ACPI: HPET id: 0x8086a701 base: 0xfed00000
[    3.842844] e820: update [mem 0x76e6d000-0x76f4efff] usable ==> reserved
[    3.842866] TSC deadline timer available
[    3.842868] smpboot: Allowing 56 CPUs, 0 hotplug CPUs
[    3.842893] PM: hibernation: Registered nosave memory: [mem 0x00000000-0x00000fff]
[    3.842895] PM: hibernation: Registered nosave memory: [mem 0x000a0000-0x000fffff]
[    3.842897] PM: hibernation: Registered nosave memory: [mem 0x6fdbc000-0x6fdbcfff]
[    3.842899] PM: hibernation: Registered nosave memory: [mem 0x6fddb000-0x6fddbfff]
[    3.842900] PM: hibernation: Registered nosave memory: [mem 0x6fddc000-0x6fddcfff]
[    3.842902] PM: hibernation: Registered nosave memory: [mem 0x6fde4000-0x6fde4fff]
[    3.842903] PM: hibernation: Registered nosave memory: [mem 0x6fde5000-0x6fde5fff]
[    3.842905] PM: hibernation: Registered nosave memory: [mem 0x6fe2a000-0x6fe2afff]
[    3.842906] PM: hibernation: Registered nosave memory: [mem 0x6fe2b000-0x6fe2bfff]
[    3.842908] PM: hibernation: Registered nosave memory: [mem 0x6fe32000-0x6fe32fff]
[    3.842909] PM: hibernation: Registered nosave memory: [mem 0x6fe33000-0x6fe33fff]
[    3.842912] PM: hibernation: Registered nosave memory: [mem 0x6fe3a000-0x6fe3afff]
[    3.842914] PM: hibernation: Registered nosave memory: [mem 0x76e6d000-0x76f4efff]
[    3.842916] PM: hibernation: Registered nosave memory: [mem 0x78fa0000-0x797b5fff]
[    3.842918] PM: hibernation: Registered nosave memory: [mem 0x798b5000-0x79e2efff]
[    3.842919] PM: hibernation: Registered nosave memory: [mem 0x79e2f000-0x7bdbbfff]
[    3.842921] PM: hibernation: Registered nosave memory: [mem 0x7bdbd000-0x7be42fff]
[    3.842923] PM: hibernation: Registered nosave memory: [mem 0x7c000000-0x8fffffff]
[    3.842924] PM: hibernation: Registered nosave memory: [mem 0x90000000-0xfed1bfff]
[    3.842925] PM: hibernation: Registered nosave memory: [mem 0xfed1c000-0xfed44fff]
[    3.842926] PM: hibernation: Registered nosave memory: [mem 0xfed45000-0xfeffffff]
[    3.842927] PM: hibernation: Registered nosave memory: [mem 0xff000000-0xffffffff]
[    3.842930] [mem 0x90000000-0xfed1bfff] available for PCI devices
[    3.842931] Booting paravirtualized kernel on bare hardware
[    3.842934] clocksource: refined-jiffies: mask: 0xffffffff max_cycles: 0xffffffff, max_idle_ns: 7645519600211568 ns
[    3.842946] setup_percpu: NR_CPUS:8192 nr_cpumask_bits:56 nr_cpu_ids:56 nr_node_ids:2
[    3.846935] percpu: Embedded 61 pages/cpu s212992 r8192 d28672 u262144
[    3.846952] pcpu-alloc: s212992 r8192 d28672 u262144 alloc=1*2097152
[    3.846954] pcpu-alloc: [0] 00 01 02 03 04 05 06 07 [0] 08 09 10 11 12 13 28 29 
[    3.846966] pcpu-alloc: [0] 30 31 32 33 34 35 36 37 [0] 38 39 40 41 -- -- -- -- 
[    3.846976] pcpu-alloc: [1] 14 15 16 17 18 19 20 21 [1] 22 23 24 25 26 27 42 43 
[    3.846986] pcpu-alloc: [1] 44 45 46 47 48 49 50 51 [1] 52 53 54 55 -- -- -- -- 
[    3.847041] Fallback order for Node 0: 0 1 
[    3.847044] Fallback order for Node 1: 1 0 
[    3.847051] Built 2 zonelists, mobility grouping on.  Total pages: 264213267
[    3.847053] Policy zone: Normal
[    3.847055] Kernel command line: BOOT_IMAGE=/vmlinuz-5.19.0-41-generic root=UUID=f61fcd72-25e9-4dae-985f-07f0779ebafc ro pci=realloc,assign-busses,pcie_scan_all pcie_ports=native pcie_ports_pm=off iommu=off quiet splash
[    3.847207] Unknown kernel command line parameters "splash BOOT_IMAGE=/vmlinuz-5.19.0-41-generic pcie_ports_pm=off", will be passed to user space.
[    3.847209] printk: log_buf_len individual max cpu contribution: 4096 bytes
[    3.847211] printk: log_buf_len total cpu_extra contributions: 225280 bytes
[    3.847211] printk: log_buf_len min size: 262144 bytes
[    3.847924] printk: log_buf_len: 524288 bytes
[    3.847925] printk: early log buf free: 239384(91%)
[    3.848676] mem auto-init: stack:off, heap alloc:on, heap free:off
[    7.174193] Memory: 1056641664K/1073629168K available (18440K kernel code, 4052K rwdata, 11300K rodata, 3164K init, 4908K bss, 16987244K reserved, 0K cma-reserved)
[    7.174910] SLUB: HWalign=64, Order=0-3, MinObjects=0, CPUs=56, Nodes=2
[    7.174948] Kernel/User page tables isolation: enabled
[    7.174996] ftrace: allocating 52226 entries in 205 pages
[    7.188257] ftrace: allocated 205 pages with 5 groups
[    7.189416] Dynamic Preempt: voluntary
[    7.189640] rcu: Preemptible hierarchical RCU implementation.
[    7.189641] rcu: 	RCU restricting CPUs from NR_CPUS=8192 to nr_cpu_ids=56.
[    7.189643] 	Trampoline variant of Tasks RCU enabled.
[    7.189644] 	Rude variant of Tasks RCU enabled.
[    7.189645] 	Tracing variant of Tasks RCU enabled.
[    7.189646] rcu: RCU calculated value of scheduler-enlistment delay is 25 jiffies.
[    7.189647] rcu: Adjusting geometry for rcu_fanout_leaf=16, nr_cpu_ids=56
[    7.195308] NR_IRQS: 524544, nr_irqs: 1688, preallocated irqs: 16
[    7.195569] rcu: srcu_init: Setting srcu_struct sizes based on contention.
[    7.195619] random: crng init done
[    7.195728] Console: colour dummy device 80x25
[    7.195770] printk: console [tty0] enabled
[    7.195906] mempolicy: Enabling automatic NUMA balancing. Configure with numa_balancing= or the kernel.numa_balancing sysctl
[    7.195909] ACPI: Core revision 20220331
[    7.196224] clocksource: hpet: mask: 0xffffffff max_cycles: 0xffffffff, max_idle_ns: 133484882848 ns
[    7.196239] APIC: Switch to symmetric I/O mode setup
[    7.196241] DMAR: Host address width 46
[    7.196242] DMAR: DRHD base: 0x000000fbffc000 flags: 0x0
[    7.196248] DMAR: dmar0: reg_base_addr fbffc000 ver 1:0 cap 8d2078c106f0466 ecap f020de
[    7.196251] DMAR: DRHD base: 0x000000c7ffc000 flags: 0x1
[    7.196255] DMAR: dmar1: reg_base_addr c7ffc000 ver 1:0 cap 8d2078c106f0466 ecap f020de
[    7.196257] DMAR: RMRR base: 0x0000007bc0a000 end: 0x0000007bc19fff
[    7.196259] DMAR: ATSR flags: 0x0
[    7.196261] DMAR: RHSA base: 0x000000c7ffc000 proximity domain: 0x0
[    7.196263] DMAR: RHSA base: 0x000000fbffc000 proximity domain: 0x1
[    7.196265] DMAR-IR: IOAPIC id 3 under DRHD base  0xfbffc000 IOMMU 0
[    7.196267] DMAR-IR: IOAPIC id 1 under DRHD base  0xc7ffc000 IOMMU 1
[    7.196268] DMAR-IR: IOAPIC id 2 under DRHD base  0xc7ffc000 IOMMU 1
[    7.196269] DMAR-IR: HPET id 0 under DRHD base 0xc7ffc000
[    7.196271] DMAR-IR: x2apic is disabled because BIOS sets x2apic opt out bit.
[    7.196272] DMAR-IR: Use 'intremap=no_x2apic_optout' to override the BIOS setting.
[    7.197107] DMAR-IR: Enabled IRQ remapping in xapic mode
[    7.197109] x2apic: IRQ remapping doesn't support X2APIC mode
[    7.197113] Switched APIC routing to physical flat.
[    7.197762] ..TIMER: vector=0x30 apic1=0 pin1=2 apic2=-1 pin2=-1
[    7.216250] clocksource: tsc-early: mask: 0xffffffffffffffff max_cycles: 0x257a832e3d3, max_idle_ns: 440795311382 ns
[    7.216256] Calibrating delay loop (skipped), value calculated using timer frequency.. 5200.15 BogoMIPS (lpj=10400300)
[    7.216260] pid_max: default: 57344 minimum: 448
[    7.218891] LSM: Security Framework initializing
[    7.218914] landlock: Up and running.
[    7.218915] Yama: becoming mindful.
[    7.218951] AppArmor: AppArmor initialized
[    7.266335] Dentry cache hash table entries: 33554432 (order: 16, 268435456 bytes, vmalloc hugepage)
[    7.290322] Inode-cache hash table entries: 16777216 (order: 15, 134217728 bytes, vmalloc hugepage)
[    7.291104] Mount-cache hash table entries: 524288 (order: 10, 4194304 bytes, vmalloc hugepage)
[    7.291810] Mountpoint-cache hash table entries: 524288 (order: 10, 4194304 bytes, vmalloc hugepage)
[    7.292343] CPU0: Thermal monitoring enabled (TM1)
[    7.292420] process: using mwait in idle threads
[    7.292423] Last level iTLB entries: 4KB 64, 2MB 8, 4MB 8
[    7.292425] Last level dTLB entries: 4KB 64, 2MB 0, 4MB 0, 1GB 4
[    7.292434] Spectre V1 : Mitigation: usercopy/swapgs barriers and __user pointer sanitization
[    7.292437] Spectre V2 : Mitigation: Retpolines
[    7.292438] Spectre V2 : Spectre v2 / SpectreRSB mitigation: Filling RSB on context switch
[    7.292439] Spectre V2 : Spectre v2 / SpectreRSB : Filling RSB on VMEXIT
[    7.292440] Spectre V2 : Enabling Restricted Speculation for firmware calls
[    7.292442] Spectre V2 : mitigation: Enabling conditional Indirect Branch Prediction Barrier
[    7.292444] Spectre V2 : User space: Mitigation: STIBP via prctl
[    7.292445] Speculative Store Bypass: Mitigation: Speculative Store Bypass disabled via prctl
[    7.292453] MDS: Mitigation: Clear CPU buffers
[    7.292454] TAA: Mitigation: Clear CPU buffers
[    7.292455] MMIO Stale Data: Mitigation: Clear CPU buffers
[    7.315448] Freeing SMP alternatives memory: 44K
[    7.315885] smpboot: CPU0: Intel(R) Xeon(R) CPU E5-2690 v4 @ 2.60GHz (family: 0x6, model: 0x4f, stepping: 0x1)
[    7.316102] cblist_init_generic: Setting adjustable number of callback queues.
[    7.316114] cblist_init_generic: Setting shift to 6 and lim to 1.
[    7.316140] cblist_init_generic: Setting shift to 6 and lim to 1.
[    7.316163] cblist_init_generic: Setting shift to 6 and lim to 1.
[    7.316180] Performance Events: PEBS fmt2+, Broadwell events, 16-deep LBR, full-width counters, Intel PMU driver.
[    7.316207] ... version:                3
[    7.316208] ... bit width:              48
[    7.316208] ... generic registers:      4
[    7.316209] ... value mask:             0000ffffffffffff
[    7.316211] ... max period:             00007fffffffffff
[    7.316212] ... fixed-purpose events:   3
[    7.316213] ... event mask:             000000070000000f
[    7.316254] Estimated ratio of average max frequency by base frequency (times 1024): 1260
[    7.316254] rcu: Hierarchical SRCU implementation.
[    7.316254] rcu: 	Max phase no-delay instances is 1000.
[    7.318117] NMI watchdog: Enabled. Permanently consumes one hw-PMU counter.
[    7.318906] smp: Bringing up secondary CPUs ...
[    7.319041] x86: Booting SMP configuration:
[    7.319042] .... node  #0, CPUs:        #1  #2  #3  #4  #5  #6  #7  #8  #9 #10 #11 #12 #13
[    7.378921] .... node  #1, CPUs:   #14
[    0.004654] smpboot: CPU 14 Converting physical 0 to logical die 1
[    7.468416]  #15 #16 #17 #18 #19 #20 #21 #22 #23 #24 #25 #26 #27
[    7.528411] .... node  #0, CPUs:   #28
[    7.529982] MDS CPU bug present and SMT on, data leak possible. See https://www.kernel.org/doc/html/latest/admin-guide/hw-vuln/mds.html for more details.
[    7.529982] TAA CPU bug present and SMT on, data leak possible. See https://www.kernel.org/doc/html/latest/admin-guide/hw-vuln/tsx_async_abort.html for more details.
[    7.529982] MMIO Stale Data CPU bug present and SMT on, data leak possible. See https://www.kernel.org/doc/html/latest/admin-guide/hw-vuln/processor_mmio_stale_data.html for more details.
[    7.529982]  #29 #30 #31 #32 #33 #34 #35 #36 #37 #38 #39 #40 #41
[    7.549744] .... node  #1, CPUs:   #42 #43 #44 #45 #46 #47 #48 #49 #50 #51 #52 #53 #54 #55
[    7.573809] smp: Brought up 2 nodes, 56 CPUs
[    7.573809] smpboot: Max logical packages: 2
[    7.573809] smpboot: Total of 56 processors activated (291276.98 BogoMIPS)
[    7.652692] devtmpfs: initialized
[    7.652692] x86/mm: Memory block size: 2048MB
[    7.658333] ACPI: PM: Registering ACPI NVS region [mem 0x798b5000-0x79e2efff] (5742592 bytes)
[    7.658333] clocksource: jiffies: mask: 0xffffffff max_cycles: 0xffffffff, max_idle_ns: 7645041785100000 ns
[    7.658333] futex hash table entries: 16384 (order: 8, 1048576 bytes, vmalloc)
[    7.658333] pinctrl core: initialized pinctrl subsystem
[    7.658333] PM: RTC time: 20:30:32, date: 2023-05-13
[    7.660727] NET: Registered PF_NETLINK/PF_ROUTE protocol family
[    7.661746] DMA: preallocated 4096 KiB GFP_KERNEL pool for atomic allocations
[    7.662615] DMA: preallocated 4096 KiB GFP_KERNEL|GFP_DMA pool for atomic allocations
[    7.663470] DMA: preallocated 4096 KiB GFP_KERNEL|GFP_DMA32 pool for atomic allocations
[    7.663482] audit: initializing netlink subsys (disabled)
[    7.663490] audit: type=2000 audit(1684009831.464:1): state=initialized audit_enabled=0 res=1
[    7.663490] thermal_sys: Registered thermal governor 'fair_share'
[    7.663490] thermal_sys: Registered thermal governor 'bang_bang'
[    7.663490] thermal_sys: Registered thermal governor 'step_wise'
[    7.663490] thermal_sys: Registered thermal governor 'user_space'
[    7.663490] thermal_sys: Registered thermal governor 'power_allocator'
[    7.663490] EISA bus registered
[    7.663490] cpuidle: using governor ladder
[    7.663490] cpuidle: using governor menu
[    7.663490] HugeTLB: can optimize 4095 vmemmap pages for hugepages-1048576kB
[    7.663490] ACPI FADT declares the system doesn't support PCIe ASPM, so disable it
[    7.663490] acpiphp: ACPI Hot Plug PCI Controller Driver version: 0.5
[    7.664370] PCI: MMCONFIG for domain 0000 [bus 00-ff] at [mem 0x80000000-0x8fffffff] (base 0x80000000)
[    7.664376] PCI: MMCONFIG at [mem 0x80000000-0x8fffffff] reserved in E820
[    7.664395] PCI: Using configuration type 1 for base access
[    7.668703] kprobes: kprobe jump-optimization is enabled. All kprobes are optimized if possible.
[    7.668709] HugeTLB: can optimize 7 vmemmap pages for hugepages-2048kB
[    7.668709] HugeTLB registered 1.00 GiB page size, pre-allocated 0 pages
[    7.668709] HugeTLB registered 2.00 MiB page size, pre-allocated 0 pages
[    7.668709] ACPI: Added _OSI(Module Device)
[    7.668709] ACPI: Added _OSI(Processor Device)
[    7.668709] ACPI: Added _OSI(3.0 _SCP Extensions)
[    7.668709] ACPI: Added _OSI(Processor Aggregator Device)
[    7.668709] ACPI: Added _OSI(Linux-Dell-Video)
[    7.668709] ACPI: Added _OSI(Linux-Lenovo-NV-HDMI-Audio)
[    7.668709] ACPI: Added _OSI(Linux-HPI-Hybrid-Graphics)
[    7.739874] ACPI: 4 ACPI AML tables successfully acquired and loaded
[    7.745164] ACPI: [Firmware Bug]: BIOS _OSI(Linux) query ignored
[    7.752464] ACPI: Dynamic OEM Table Load:
[    7.804420] ACPI: Interpreter enabled
[    7.804438] ACPI: PM: (supports S0 S4 S5)
[    7.804440] ACPI: Using IOAPIC for interrupt routing
[    7.804529] HEST: Table parsing has been initialized.
[    7.804885] GHES: APEI firmware first mode is enabled by APEI bit and WHEA _OSC.
[    7.804890] PCI: Using host bridge windows from ACPI; if necessary, use "pci=nocrs" and report a bug
[    7.804892] PCI: Using E820 reservations for host bridge windows
[    7.805978] ACPI: Enabled 5 GPEs in block 00 to 3F
[    7.860617] ACPI: PCI Root Bridge [UNC1] (domain 0000 [bus ff])
[    7.860625] acpi PNP0A03:02: _OSC: OS supports [ExtendedConfig ASPM ClockPM Segments MSI EDR HPX-Type3]
[    7.863540] acpi PNP0A03:02: _OSC: platform does not support [SHPCHotplug AER LTR DPC]
[    7.865047] acpi PNP0A03:02: _OSC: OS now controls [PCIeHotplug PME PCIeCapability]
[    7.865049] acpi PNP0A03:02: FADT indicates ASPM is unsupported, using BIOS configuration
[    7.865096] PCI host bridge to bus 0000:ff
[    7.865098] pci_bus 0000:ff: Unknown NUMA node; performance will be reduced
[    7.865100] pci_bus 0000:ff: root bus resource [bus ff]
[    7.865115] pci 0000:ff:08.0: [8086:6f80] type 00 class 0x088000
[    7.865212] pci 0000:ff:08.2: [8086:6f32] type 00 class 0x110100
[    7.865293] pci 0000:ff:08.3: [8086:6f83] type 00 class 0x088000
[    7.865386] pci 0000:ff:08.5: [8086:6f85] type 00 class 0x088000
[    7.865477] pci 0000:ff:08.6: [8086:6f86] type 00 class 0x088000
[    7.865569] pci 0000:ff:08.7: [8086:6f87] type 00 class 0x088000
[    7.865656] pci 0000:ff:09.0: [8086:6f90] type 00 class 0x088000
[    7.865730] pci 0000:ff:09.2: [8086:6f33] type 00 class 0x110100
[    7.865818] pci 0000:ff:09.3: [8086:6f93] type 00 class 0x088000
[    7.865908] pci 0000:ff:09.5: [8086:6f95] type 00 class 0x088000
[    7.865997] pci 0000:ff:09.6: [8086:6f96] type 00 class 0x088000
[    7.866087] pci 0000:ff:0b.0: [8086:6f81] type 00 class 0x088000
[    7.866159] pci 0000:ff:0b.1: [8086:6f36] type 00 class 0x110100
[    7.866230] pci 0000:ff:0b.2: [8086:6f37] type 00 class 0x110100
[    7.866302] pci 0000:ff:0b.3: [8086:6f76] type 00 class 0x088000
[    7.866375] pci 0000:ff:0c.0: [8086:6fe0] type 00 class 0x088000
[    7.866458] pci 0000:ff:0c.1: [8086:6fe1] type 00 class 0x088000
[    7.866529] pci 0000:ff:0c.2: [8086:6fe2] type 00 class 0x088000
[    7.866600] pci 0000:ff:0c.3: [8086:6fe3] type 00 class 0x088000
[    7.866671] pci 0000:ff:0c.4: [8086:6fe4] type 00 class 0x088000
[    7.866747] pci 0000:ff:0c.5: [8086:6fe5] type 00 class 0x088000
[    7.866821] pci 0000:ff:0c.6: [8086:6fe6] type 00 class 0x088000
[    7.866893] pci 0000:ff:0c.7: [8086:6fe7] type 00 class 0x088000
[    7.866965] pci 0000:ff:0d.0: [8086:6fe8] type 00 class 0x088000
[    7.867045] pci 0000:ff:0d.1: [8086:6fe9] type 00 class 0x088000
[    7.867118] pci 0000:ff:0d.2: [8086:6fea] type 00 class 0x088000
[    7.867189] pci 0000:ff:0d.3: [8086:6feb] type 00 class 0x088000
[    7.867261] pci 0000:ff:0d.4: [8086:6fec] type 00 class 0x088000
[    7.867332] pci 0000:ff:0d.5: [8086:6fed] type 00 class 0x088000
[    7.867412] pci 0000:ff:0f.0: [8086:6ff8] type 00 class 0x088000
[    7.867485] pci 0000:ff:0f.1: [8086:6ff9] type 00 class 0x088000
[    7.867557] pci 0000:ff:0f.2: [8086:6ffa] type 00 class 0x088000
[    7.867638] pci 0000:ff:0f.3: [8086:6ffb] type 00 class 0x088000
[    7.867710] pci 0000:ff:0f.4: [8086:6ffc] type 00 class 0x088000
[    7.867783] pci 0000:ff:0f.5: [8086:6ffd] type 00 class 0x088000
[    7.867856] pci 0000:ff:0f.6: [8086:6ffe] type 00 class 0x088000
[    7.867929] pci 0000:ff:10.0: [8086:6f1d] type 00 class 0x088000
[    7.868001] pci 0000:ff:10.1: [8086:6f34] type 00 class 0x110100
[    7.868076] pci 0000:ff:10.5: [8086:6f1e] type 00 class 0x088000
[    7.868149] pci 0000:ff:10.6: [8086:6f7d] type 00 class 0x110100
[    7.868230] pci 0000:ff:10.7: [8086:6f1f] type 00 class 0x088000
[    7.868305] pci 0000:ff:12.0: [8086:6fa0] type 00 class 0x088000
[    7.868341] pci 0000:ff:12.1: [8086:6f30] type 00 class 0x110100
[    7.868416] pci 0000:ff:12.2: [8086:6f70] type 00 class 0x088000
[    7.868491] pci 0000:ff:12.4: [8086:6f60] type 00 class 0x088000
[    7.868527] pci 0000:ff:12.5: [8086:6f38] type 00 class 0x110100
[    7.868601] pci 0000:ff:12.6: [8086:6f78] type 00 class 0x088000
[    7.868684] pci 0000:ff:13.0: [8086:6fa8] type 00 class 0x088000
[    7.868837] pci 0000:ff:13.1: [8086:6f71] type 00 class 0x088000
[    7.868929] pci 0000:ff:13.2: [8086:6faa] type 00 class 0x088000
[    7.869019] pci 0000:ff:13.3: [8086:6fab] type 00 class 0x088000
[    7.869110] pci 0000:ff:13.4: [8086:6fac] type 00 class 0x088000
[    7.869199] pci 0000:ff:13.5: [8086:6fad] type 00 class 0x088000
[    7.869288] pci 0000:ff:13.6: [8086:6fae] type 00 class 0x088000
[    7.869364] pci 0000:ff:13.7: [8086:6faf] type 00 class 0x088000
[    7.869440] pci 0000:ff:14.0: [8086:6fb0] type 00 class 0x088000
[    7.869538] pci 0000:ff:14.1: [8086:6fb1] type 00 class 0x088000
[    7.869628] pci 0000:ff:14.2: [8086:6fb2] type 00 class 0x088000
[    7.869718] pci 0000:ff:14.3: [8086:6fb3] type 00 class 0x088000
[    7.869807] pci 0000:ff:14.4: [8086:6fbc] type 00 class 0x088000
[    7.869883] pci 0000:ff:14.5: [8086:6fbd] type 00 class 0x088000
[    7.869956] pci 0000:ff:14.6: [8086:6fbe] type 00 class 0x088000
[    7.870030] pci 0000:ff:14.7: [8086:6fbf] type 00 class 0x088000
[    7.870106] pci 0000:ff:15.0: [8086:6fb4] type 00 class 0x088000
[    7.870204] pci 0000:ff:15.1: [8086:6fb5] type 00 class 0x088000
[    7.870294] pci 0000:ff:15.2: [8086:6fb6] type 00 class 0x088000
[    7.870383] pci 0000:ff:15.3: [8086:6fb7] type 00 class 0x088000
[    7.870485] pci 0000:ff:16.0: [8086:6f68] type 00 class 0x088000
[    7.870626] pci 0000:ff:16.1: [8086:6f79] type 00 class 0x088000
[    7.870719] pci 0000:ff:16.2: [8086:6f6a] type 00 class 0x088000
[    7.870811] pci 0000:ff:16.3: [8086:6f6b] type 00 class 0x088000
[    7.870901] pci 0000:ff:16.4: [8086:6f6c] type 00 class 0x088000
[    7.870999] pci 0000:ff:16.5: [8086:6f6d] type 00 class 0x088000
[    7.871094] pci 0000:ff:16.6: [8086:6f6e] type 00 class 0x088000
[    7.871168] pci 0000:ff:16.7: [8086:6f6f] type 00 class 0x088000
[    7.871251] pci 0000:ff:17.0: [8086:6fd0] type 00 class 0x088000
[    7.871393] pci 0000:ff:17.1: [8086:6fd1] type 00 class 0x088000
[    7.871487] pci 0000:ff:17.2: [8086:6fd2] type 00 class 0x088000
[    7.871579] pci 0000:ff:17.3: [8086:6fd3] type 00 class 0x088000
[    7.871668] pci 0000:ff:17.4: [8086:6fb8] type 00 class 0x088000
[    7.871753] pci 0000:ff:17.5: [8086:6fb9] type 00 class 0x088000
[    7.871828] pci 0000:ff:17.6: [8086:6fba] type 00 class 0x088000
[    7.871903] pci 0000:ff:17.7: [8086:6fbb] type 00 class 0x088000
[    7.871980] pci 0000:ff:18.0: [8086:6fd4] type 00 class 0x088000
[    7.872073] pci 0000:ff:18.1: [8086:6fd5] type 00 class 0x088000
[    7.872167] pci 0000:ff:18.2: [8086:6fd6] type 00 class 0x088000
[    7.872259] pci 0000:ff:18.3: [8086:6fd7] type 00 class 0x088000
[    7.872369] pci 0000:ff:1e.0: [8086:6f98] type 00 class 0x088000
[    7.872454] pci 0000:ff:1e.1: [8086:6f99] type 00 class 0x088000
[    7.872528] pci 0000:ff:1e.2: [8086:6f9a] type 00 class 0x088000
[    7.872602] pci 0000:ff:1e.3: [8086:6fc0] type 00 class 0x088000
[    7.872640] pci 0000:ff:1e.4: [8086:6f9c] type 00 class 0x088000
[    7.872721] pci 0000:ff:1f.0: [8086:6f88] type 00 class 0x088000
[    7.872796] pci 0000:ff:1f.2: [8086:6f8a] type 00 class 0x088000
[    7.872975] ACPI: PCI Root Bridge [UNC0] (domain 0000 [bus 7f])
[    7.872980] acpi PNP0A03:03: _OSC: OS supports [ExtendedConfig ASPM ClockPM Segments MSI EDR HPX-Type3]
[    7.873753] acpi PNP0A03:03: _OSC: platform does not support [SHPCHotplug AER LTR DPC]
[    7.875267] acpi PNP0A03:03: _OSC: OS now controls [PCIeHotplug PME PCIeCapability]
[    7.875269] acpi PNP0A03:03: FADT indicates ASPM is unsupported, using BIOS configuration
[    7.875312] PCI host bridge to bus 0000:7f
[    7.875313] pci_bus 0000:7f: Unknown NUMA node; performance will be reduced
[    7.875315] pci_bus 0000:7f: root bus resource [bus 7f]
[    7.875325] pci 0000:7f:08.0: [8086:6f80] type 00 class 0x088000
[    7.875403] pci 0000:7f:08.2: [8086:6f32] type 00 class 0x110100
[    7.875486] pci 0000:7f:08.3: [8086:6f83] type 00 class 0x088000
[    7.875580] pci 0000:7f:08.5: [8086:6f85] type 00 class 0x088000
[    7.875665] pci 0000:7f:08.6: [8086:6f86] type 00 class 0x088000
[    7.875749] pci 0000:7f:08.7: [8086:6f87] type 00 class 0x088000
[    7.875833] pci 0000:7f:09.0: [8086:6f90] type 00 class 0x088000
[    7.875904] pci 0000:7f:09.2: [8086:6f33] type 00 class 0x110100
[    7.875977] pci 0000:7f:09.3: [8086:6f93] type 00 class 0x088000
[    7.876062] pci 0000:7f:09.5: [8086:6f95] type 00 class 0x088000
[    7.876158] pci 0000:7f:09.6: [8086:6f96] type 00 class 0x088000
[    7.876241] pci 0000:7f:0b.0: [8086:6f81] type 00 class 0x088000
[    7.876313] pci 0000:7f:0b.1: [8086:6f36] type 00 class 0x110100
[    7.876382] pci 0000:7f:0b.2: [8086:6f37] type 00 class 0x110100
[    7.876452] pci 0000:7f:0b.3: [8086:6f76] type 00 class 0x088000
[    7.876523] pci 0000:7f:0c.0: [8086:6fe0] type 00 class 0x088000
[    7.876592] pci 0000:7f:0c.1: [8086:6fe1] type 00 class 0x088000
[    7.876661] pci 0000:7f:0c.2: [8086:6fe2] type 00 class 0x088000
[    7.876740] pci 0000:7f:0c.3: [8086:6fe3] type 00 class 0x088000
[    7.876809] pci 0000:7f:0c.4: [8086:6fe4] type 00 class 0x088000
[    7.876880] pci 0000:7f:0c.5: [8086:6fe5] type 00 class 0x088000
[    7.876956] pci 0000:7f:0c.6: [8086:6fe6] type 00 class 0x088000
[    7.877024] pci 0000:7f:0c.7: [8086:6fe7] type 00 class 0x088000
[    7.877094] pci 0000:7f:0d.0: [8086:6fe8] type 00 class 0x088000
[    7.877163] pci 0000:7f:0d.1: [8086:6fe9] type 00 class 0x088000
[    7.877233] pci 0000:7f:0d.2: [8086:6fea] type 00 class 0x088000
[    7.877311] pci 0000:7f:0d.3: [8086:6feb] type 00 class 0x088000
[    7.877382] pci 0000:7f:0d.4: [8086:6fec] type 00 class 0x088000
[    7.877450] pci 0000:7f:0d.5: [8086:6fed] type 00 class 0x088000
[    7.877521] pci 0000:7f:0f.0: [8086:6ff8] type 00 class 0x088000
[    7.877589] pci 0000:7f:0f.1: [8086:6ff9] type 00 class 0x088000
[    7.877658] pci 0000:7f:0f.2: [8086:6ffa] type 00 class 0x088000
[    7.877729] pci 0000:7f:0f.3: [8086:6ffb] type 00 class 0x088000
[    7.877798] pci 0000:7f:0f.4: [8086:6ffc] type 00 class 0x088000
[    7.877877] pci 0000:7f:0f.5: [8086:6ffd] type 00 class 0x088000
[    7.877947] pci 0000:7f:0f.6: [8086:6ffe] type 00 class 0x088000
[    7.878018] pci 0000:7f:10.0: [8086:6f1d] type 00 class 0x088000
[    7.878087] pci 0000:7f:10.1: [8086:6f34] type 00 class 0x110100
[    7.878159] pci 0000:7f:10.5: [8086:6f1e] type 00 class 0x088000
[    7.878227] pci 0000:7f:10.6: [8086:6f7d] type 00 class 0x110100
[    7.878296] pci 0000:7f:10.7: [8086:6f1f] type 00 class 0x088000
[    7.878367] pci 0000:7f:12.0: [8086:6fa0] type 00 class 0x088000
[    7.878411] pci 0000:7f:12.1: [8086:6f30] type 00 class 0x110100
[    7.878482] pci 0000:7f:12.2: [8086:6f70] type 00 class 0x088000
[    7.878554] pci 0000:7f:12.4: [8086:6f60] type 00 class 0x088000
[    7.878588] pci 0000:7f:12.5: [8086:6f38] type 00 class 0x110100
[    7.878661] pci 0000:7f:12.6: [8086:6f78] type 00 class 0x088000
[    7.878741] pci 0000:7f:13.0: [8086:6fa8] type 00 class 0x088000
[    7.878877] pci 0000:7f:13.1: [8086:6f71] type 00 class 0x088000
[    7.878968] pci 0000:7f:13.2: [8086:6faa] type 00 class 0x088000
[    7.879063] pci 0000:7f:13.3: [8086:6fab] type 00 class 0x088000
[    7.879148] pci 0000:7f:13.4: [8086:6fac] type 00 class 0x088000
[    7.879240] pci 0000:7f:13.5: [8086:6fad] type 00 class 0x088000
[    7.879322] pci 0000:7f:13.6: [8086:6fae] type 00 class 0x088000
[    7.879394] pci 0000:7f:13.7: [8086:6faf] type 00 class 0x088000
[    7.879467] pci 0000:7f:14.0: [8086:6fb0] type 00 class 0x088000
[    7.879553] pci 0000:7f:14.1: [8086:6fb1] type 00 class 0x088000
[    7.879638] pci 0000:7f:14.2: [8086:6fb2] type 00 class 0x088000
[    7.879733] pci 0000:7f:14.3: [8086:6fb3] type 00 class 0x088000
[    7.879817] pci 0000:7f:14.4: [8086:6fbc] type 00 class 0x088000
[    7.879889] pci 0000:7f:14.5: [8086:6fbd] type 00 class 0x088000
[    7.879960] pci 0000:7f:14.6: [8086:6fbe] type 00 class 0x088000
[    7.880031] pci 0000:7f:14.7: [8086:6fbf] type 00 class 0x088000
[    7.880106] pci 0000:7f:15.0: [8086:6fb4] type 00 class 0x088000
[    7.880191] pci 0000:7f:15.1: [8086:6fb5] type 00 class 0x088000
[    7.880278] pci 0000:7f:15.2: [8086:6fb6] type 00 class 0x088000
[    7.880381] pci 0000:7f:15.3: [8086:6fb7] type 00 class 0x088000
[    7.880478] pci 0000:7f:16.0: [8086:6f68] type 00 class 0x088000
[    7.880614] pci 0000:7f:16.1: [8086:6f79] type 00 class 0x088000
[    7.880704] pci 0000:7f:16.2: [8086:6f6a] type 00 class 0x088000
[    7.880790] pci 0000:7f:16.3: [8086:6f6b] type 00 class 0x088000
[    7.880875] pci 0000:7f:16.4: [8086:6f6c] type 00 class 0x088000
[    7.880963] pci 0000:7f:16.5: [8086:6f6d] type 00 class 0x088000
[    7.881047] pci 0000:7f:16.6: [8086:6f6e] type 00 class 0x088000
[    7.881129] pci 0000:7f:16.7: [8086:6f6f] type 00 class 0x088000
[    7.881210] pci 0000:7f:17.0: [8086:6fd0] type 00 class 0x088000
[    7.881347] pci 0000:7f:17.1: [8086:6fd1] type 00 class 0x088000
[    7.881436] pci 0000:7f:17.2: [8086:6fd2] type 00 class 0x088000
[    7.881524] pci 0000:7f:17.3: [8086:6fd3] type 00 class 0x088000
[    7.881608] pci 0000:7f:17.4: [8086:6fb8] type 00 class 0x088000
[    7.881680] pci 0000:7f:17.5: [8086:6fb9] type 00 class 0x088000
[    7.881752] pci 0000:7f:17.6: [8086:6fba] type 00 class 0x088000
[    7.881835] pci 0000:7f:17.7: [8086:6fbb] type 00 class 0x088000
[    7.881909] pci 0000:7f:18.0: [8086:6fd4] type 00 class 0x088000
[    7.881998] pci 0000:7f:18.1: [8086:6fd5] type 00 class 0x088000
[    7.882084] pci 0000:7f:18.2: [8086:6fd6] type 00 class 0x088000
[    7.882172] pci 0000:7f:18.3: [8086:6fd7] type 00 class 0x088000
[    7.882275] pci 0000:7f:1e.0: [8086:6f98] type 00 class 0x088000
[    7.882346] pci 0000:7f:1e.1: [8086:6f99] type 00 class 0x088000
[    7.882418] pci 0000:7f:1e.2: [8086:6f9a] type 00 class 0x088000
[    7.882500] pci 0000:7f:1e.3: [8086:6fc0] type 00 class 0x088000
[    7.882535] pci 0000:7f:1e.4: [8086:6f9c] type 00 class 0x088000
[    7.882613] pci 0000:7f:1f.0: [8086:6f88] type 00 class 0x088000
[    7.882686] pci 0000:7f:1f.2: [8086:6f8a] type 00 class 0x088000
[    7.905528] ACPI: PCI Root Bridge [PCI0] (domain 0000 [bus 00-7e])
[    7.905533] acpi PNP0A08:00: _OSC: OS supports [ExtendedConfig ASPM ClockPM Segments MSI EDR HPX-Type3]
[    7.906050] acpi PNP0A08:00: _OSC: platform does not support [SHPCHotplug AER LTR DPC]
[    7.907054] acpi PNP0A08:00: _OSC: OS now controls [PCIeHotplug PME PCIeCapability]
[    7.907056] acpi PNP0A08:00: FADT indicates ASPM is unsupported, using BIOS configuration
[    7.907453] PCI host bridge to bus 0000:00
[    7.907455] pci_bus 0000:00: root bus resource [io  0x0000-0x0cf7 window]
[    7.907458] pci_bus 0000:00: root bus resource [io  0x1000-0x7fff window]
[    7.907459] pci_bus 0000:00: root bus resource [mem 0x000a0000-0x000bffff window]
[    7.907461] pci_bus 0000:00: root bus resource [mem 0x90000000-0xc7ffbfff window]
[    7.907463] pci_bus 0000:00: root bus resource [mem 0x20000000000-0x2ffffffffff window]
[    7.907465] pci_bus 0000:00: root bus resource [bus 00-7e]
[    7.907486] pci 0000:00:00.0: [8086:6f00] type 00 class 0x060000
[    7.907636] pci 0000:00:01.0: [8086:6f02] type 01 class 0x060400
[    7.907716] pci 0000:00:01.0: PME# supported from D0 D3hot D3cold
[    7.907975] pci 0000:00:02.0: [8086:6f04] type 01 class 0x060400
[    7.908056] pci 0000:00:02.0: PME# supported from D0 D3hot D3cold
[    7.908323] pci 0000:00:03.0: [8086:6f08] type 01 class 0x060400
[    7.908404] pci 0000:00:03.0: PME# supported from D0 D3hot D3cold
[    7.908657] pci 0000:00:04.0: [8086:6f20] type 00 class 0x088000
[    7.908681] pci 0000:00:04.0: reg 0x10: [mem 0x2fffff2c000-0x2fffff2ffff 64bit]
[    7.908825] pci 0000:00:04.1: [8086:6f21] type 00 class 0x088000
[    7.908849] pci 0000:00:04.1: reg 0x10: [mem 0x2fffff28000-0x2fffff2bfff 64bit]
[    7.908982] pci 0000:00:04.2: [8086:6f22] type 00 class 0x088000
[    7.909005] pci 0000:00:04.2: reg 0x10: [mem 0x2fffff24000-0x2fffff27fff 64bit]
[    7.909144] pci 0000:00:04.3: [8086:6f23] type 00 class 0x088000
[    7.909167] pci 0000:00:04.3: reg 0x10: [mem 0x2fffff20000-0x2fffff23fff 64bit]
[    7.909297] pci 0000:00:04.4: [8086:6f24] type 00 class 0x088000
[    7.909320] pci 0000:00:04.4: reg 0x10: [mem 0x2fffff1c000-0x2fffff1ffff 64bit]
[    7.909456] pci 0000:00:04.5: [8086:6f25] type 00 class 0x088000
[    7.909479] pci 0000:00:04.5: reg 0x10: [mem 0x2fffff18000-0x2fffff1bfff 64bit]
[    7.909609] pci 0000:00:04.6: [8086:6f26] type 00 class 0x088000
[    7.909633] pci 0000:00:04.6: reg 0x10: [mem 0x2fffff14000-0x2fffff17fff 64bit]
[    7.909764] pci 0000:00:04.7: [8086:6f27] type 00 class 0x088000
[    7.909787] pci 0000:00:04.7: reg 0x10: [mem 0x2fffff10000-0x2fffff13fff 64bit]
[    7.909927] pci 0000:00:05.0: [8086:6f28] type 00 class 0x088000
[    7.910032] pci 0000:00:05.1: [8086:6f29] type 00 class 0x088000
[    7.910162] pci 0000:00:05.2: [8086:6f2a] type 00 class 0x088000
[    7.910259] pci 0000:00:05.4: [8086:6f2c] type 00 class 0x080020
[    7.910277] pci 0000:00:05.4: reg 0x10: [mem 0xc2509000-0xc2509fff]
[    7.910392] pci 0000:00:05.6: [8086:6f39] type 00 class 0x110100
[    7.910492] pci 0000:00:06.0: [8086:6f10] type 00 class 0x088000
[    7.910589] pci 0000:00:06.1: [8086:6f11] type 00 class 0x088000
[    7.910685] pci 0000:00:06.2: [8086:6f12] type 00 class 0x088000
[    7.910793] pci 0000:00:06.3: [8086:6f13] type 00 class 0x088000
[    7.910889] pci 0000:00:06.4: [8086:6f14] type 00 class 0x088000
[    7.910986] pci 0000:00:06.5: [8086:6f15] type 00 class 0x088000
[    7.911083] pci 0000:00:06.6: [8086:6f16] type 00 class 0x088000
[    7.911179] pci 0000:00:06.7: [8086:6f17] type 00 class 0x088000
[    7.911275] pci 0000:00:07.0: [8086:6f18] type 00 class 0x088000
[    7.911373] pci 0000:00:07.1: [8086:6f19] type 00 class 0x088000
[    7.911469] pci 0000:00:07.2: [8086:6f1a] type 00 class 0x088000
[    7.911575] pci 0000:00:07.3: [8086:6f1b] type 00 class 0x088000
[    7.911672] pci 0000:00:07.4: [8086:6f1c] type 00 class 0x088000
[    7.911784] pci 0000:00:11.0: [8086:8d7c] type 00 class 0xff0000
[    7.911977] pci 0000:00:11.1: [8086:8d7d] type 00 class 0x0c0500
[    7.911998] pci 0000:00:11.1: reg 0x10: [mem 0xc2508000-0xc2508fff]
[    7.912035] pci 0000:00:11.1: reg 0x20: [io  0x7060-0x707f]
[    7.912184] pci 0000:00:11.2: [8086:8d7e] type 00 class 0x0c0500
[    7.912205] pci 0000:00:11.2: reg 0x10: [mem 0xc2507000-0xc2507fff]
[    7.912242] pci 0000:00:11.2: reg 0x20: [io  0x7040-0x705f]
[    7.912393] pci 0000:00:11.3: [8086:8d7f] type 00 class 0x0c0500
[    7.912414] pci 0000:00:11.3: reg 0x10: [mem 0xc2506000-0xc2506fff]
[    7.912451] pci 0000:00:11.3: reg 0x20: [io  0x7020-0x703f]
[    7.912600] pci 0000:00:14.0: [8086:8d31] type 00 class 0x0c0330
[    7.912630] pci 0000:00:14.0: reg 0x10: [mem 0x2fffff00000-0x2fffff0ffff 64bit]
[    7.912722] pci 0000:00:14.0: PME# supported from D3hot D3cold
[    7.912797] pci 0000:00:16.0: [8086:8d3a] type 00 class 0x078000
[    7.912827] pci 0000:00:16.0: reg 0x10: [mem 0xc2505000-0xc250500f 64bit]
[    7.912920] pci 0000:00:16.0: PME# supported from D0 D3hot D3cold
[    7.912998] pci 0000:00:16.1: [8086:8d3b] type 00 class 0x078000
[    7.913028] pci 0000:00:16.1: reg 0x10: [mem 0xc2504000-0xc250400f 64bit]
[    7.913120] pci 0000:00:16.1: PME# supported from D0 D3hot D3cold
[    7.913204] pci 0000:00:1a.0: [8086:8d2d] type 00 class 0x0c0320
[    7.913229] pci 0000:00:1a.0: reg 0x10: [mem 0xc2502000-0xc25023ff]
[    7.913350] pci 0000:00:1a.0: PME# supported from D0 D3hot D3cold
[    7.913435] pci 0000:00:1c.0: [8086:8d10] type 01 class 0x060400
[    7.913539] pci 0000:00:1c.0: PME# supported from D0 D3hot D3cold
[    7.913635] pci 0000:00:1c.7: [8086:8d1e] type 01 class 0x060400
[    7.913741] pci 0000:00:1c.7: PME# supported from D0 D3hot D3cold
[    7.913833] pci 0000:00:1d.0: [8086:8d26] type 00 class 0x0c0320
[    7.913859] pci 0000:00:1d.0: reg 0x10: [mem 0xc2501000-0xc25013ff]
[    7.913979] pci 0000:00:1d.0: PME# supported from D0 D3hot D3cold
[    7.914059] pci 0000:00:1f.0: [8086:8d44] type 00 class 0x060100
[    7.914276] pci 0000:00:1f.2: [8086:8d02] type 00 class 0x010601
[    7.914299] pci 0000:00:1f.2: reg 0x10: [io  0x70b0-0x70b7]
[    7.914313] pci 0000:00:1f.2: reg 0x14: [io  0x70a0-0x70a3]
[    7.914327] pci 0000:00:1f.2: reg 0x18: [io  0x7090-0x7097]
[    7.914341] pci 0000:00:1f.2: reg 0x1c: [io  0x7080-0x7083]
[    7.914354] pci 0000:00:1f.2: reg 0x20: [io  0x7000-0x701f]
[    7.914368] pci 0000:00:1f.2: reg 0x24: [mem 0xc2500000-0xc25007ff]
[    7.914409] pci 0000:00:1f.2: PME# supported from D3hot
[    7.914476] pci 0000:00:1f.3: [8086:8d22] type 00 class 0x0c0500
[    7.914501] pci 0000:00:1f.3: reg 0x10: [mem 0x2fffff31000-0x2fffff310ff 64bit]
[    7.914525] pci 0000:00:1f.3: reg 0x20: [io  0x0580-0x059f]
[    7.915033] pci 0000:01:00.0: [11f8:8533] type 01 class 0x060400
[    7.915739] pci 0000:01:00.0: enabling Extended Tags
[    7.917916] pci 0000:01:00.0: PME# supported from D0 D3hot D3cold
[    7.920122] pci 0000:01:00.0: 63.008 Gb/s available PCIe bandwidth, limited by 8.0 GT/s PCIe x8 link at 0000:00:01.0 (capable of 126.016 Gb/s with 8.0 GT/s PCIe x16 link)
[    7.920456] pci 0000:00:01.0: PCI bridge to [bus 01-7e]
[    7.920460] pci 0000:00:01.0:   bridge window [mem 0xc7200000-0xc74fffff]
[    7.924869] pci 0000:02:00.0: [11f8:8533] type 01 class 0x060400
[    7.926498] pci 0000:02:00.0: enabling Extended Tags
[    7.929691] pci 0000:02:00.0: PME# supported from D0 D3hot D3cold
[    7.932095] pci 0000:02:01.0: [11f8:8533] type 01 class 0x060400
[    7.934005] pci 0000:02:01.0: enabling Extended Tags
[    7.936196] pci 0000:02:01.0: PME# supported from D0 D3hot D3cold
[    7.938587] pci 0000:02:02.0: [11f8:8533] type 01 class 0x060400
[    7.940402] pci 0000:02:02.0: Max Payload Size set to 256 (was 128, max 512)
[    7.940428] pci 0000:02:02.0: enabling Extended Tags
[    7.942741] pci 0000:02:02.0: PME# supported from D0 D3hot D3cold
[    7.946318] pci 0000:02:03.0: [11f8:8533] type 01 class 0x060400
[    7.948110] pci 0000:02:03.0: Max Payload Size set to 256 (was 128, max 512)
[    7.948137] pci 0000:02:03.0: enabling Extended Tags
[    7.950487] pci 0000:02:03.0: PME# supported from D0 D3hot D3cold
[    7.954069] pci 0000:02:04.0: [11f8:8533] type 01 class 0x060400
[    7.955840] pci 0000:02:04.0: enabling Extended Tags
[    7.958211] pci 0000:02:04.0: PME# supported from D0 D3hot D3cold
[    7.961757] pci 0000:02:05.0: [11f8:8533] type 01 class 0x060400
[    7.963065] pci 0000:02:05.0: Max Payload Size set to 256 (was 128, max 512)
[    7.963092] pci 0000:02:05.0: enabling Extended Tags
[    7.965947] pci 0000:02:05.0: PME# supported from D0 D3hot D3cold
[    7.969496] pci 0000:02:06.0: [11f8:8533] type 01 class 0x060400
[    7.970811] pci 0000:02:06.0: Max Payload Size set to 256 (was 128, max 512)
[    7.970838] pci 0000:02:06.0: enabling Extended Tags
[    7.972538] pci 0000:02:06.0: PME# supported from D0 D3hot D3cold
[    7.974922] pci 0000:02:07.0: [11f8:8533] type 01 class 0x060400
[    7.977373] pci 0000:02:07.0: Max Payload Size set to 256 (was 128, max 512)
[    7.977404] pci 0000:02:07.0: enabling Extended Tags
[    7.980200] pci 0000:02:07.0: PME# supported from D0 D3hot D3cold
[    7.983928] pci 0000:01:00.0: PCI bridge to [bus 02-7e]
[    7.984008] pci 0000:01:00.0:   bridge window [mem 0xc7200000-0xc74fffff]
[    7.986684] pci 0000:03:00.0: [8086:0a54] type 00 class 0x010802
[    7.987903] pci 0000:03:00.0: reg 0x10: [mem 0xc7410000-0xc7413fff 64bit]
[    7.988330] pci 0000:03:00.0: reg 0x30: [mem 0xc7400000-0xc740ffff pref]
[    7.988405] pci 0000:03:00.0: enabling Extended Tags
[    7.996171] pci 0000:02:00.0: PCI bridge to [bus 03-7e]
[    7.996253] pci 0000:02:00.0:   bridge window [mem 0xc7400000-0xc74fffff]
[    7.996306] pci_bus 0000:03: busn_res: [bus 03-7e] end is updated to 03
[    7.997985] pci 0000:04:00.0: [1cc4:6303] type 00 class 0x010802
[    7.998206] pci 0000:04:00.0: reg 0x10: [mem 0xc7300000-0xc7303fff 64bit]
[    8.004611] pci 0000:04:00.0: 31.504 Gb/s available PCIe bandwidth, limited by 8.0 GT/s PCIe x4 link at 0000:02:01.0 (capable of 63.012 Gb/s with 16.0 GT/s PCIe x4 link)
[    8.006517] pci 0000:02:01.0: PCI bridge to [bus 04-7e]
[    8.006596] pci 0000:02:01.0:   bridge window [mem 0xc7300000-0xc73fffff]
[    8.006649] pci_bus 0000:04: busn_res: [bus 04-7e] end is updated to 04
[    8.008753] pci 0000:02:02.0: PCI bridge to [bus 05-7e]
[    8.008885] pci_bus 0000:05: busn_res: [bus 05-7e] end is updated to 05
[    8.012121] pci 0000:02:03.0: PCI bridge to [bus 06-7e]
[    8.012255] pci_bus 0000:06: busn_res: [bus 06-7e] end is updated to 06
[    8.014168] pci 0000:07:00.0: [8086:0a54] type 00 class 0x010802
[    8.014394] pci 0000:07:00.0: reg 0x10: [mem 0xc7210000-0xc7213fff 64bit]
[    8.016065] pci 0000:07:00.0: reg 0x30: [mem 0xc7200000-0xc720ffff pref]
[    8.016149] pci 0000:07:00.0: enabling Extended Tags
[    8.022522] pci 0000:02:04.0: PCI bridge to [bus 07-7e]
[    8.022601] pci 0000:02:04.0:   bridge window [mem 0xc7200000-0xc72fffff]
[    8.023831] pci_bus 0000:07: busn_res: [bus 07-7e] end is updated to 07
[    8.025890] pci 0000:02:05.0: PCI bridge to [bus 08-7e]
[    8.026026] pci_bus 0000:08: busn_res: [bus 08-7e] end is updated to 08
[    8.028110] pci 0000:02:06.0: PCI bridge to [bus 09-7e]
[    8.028246] pci_bus 0000:09: busn_res: [bus 09-7e] end is updated to 09
[    8.030321] pci 0000:02:07.0: PCI bridge to [bus 0a-7e]
[    8.030454] pci_bus 0000:0a: busn_res: [bus 0a-7e] end is updated to 0a
[    8.031615] pci_bus 0000:02: busn_res: [bus 02-7e] end is updated to 0a
[    8.031699] pci_bus 0000:01: busn_res: [bus 01-7e] end is updated to 0a
[    8.031957] pci 0000:0b:00.0: [10b5:9765] type 01 class 0x060400
[    8.032083] pci 0000:0b:00.0: PME# supported from D0 D3hot D3cold
[    8.032206] pci 0000:00:02.0: PCI bridge to [bus 0b-7e]
[    8.032210] pci 0000:00:02.0:   bridge window [mem 0xc3000000-0xc51fffff]
[    8.032214] pci 0000:00:02.0:   bridge window [mem 0x2f000000000-0x2fc01ffffff 64bit pref]
[    8.032277] pci 0000:0c:04.0: [10b5:9765] type 01 class 0x060400
[    8.032409] pci 0000:0c:04.0: PME# supported from D0 D3hot D3cold
[    8.032496] pci 0000:0c:08.0: [10b5:9765] type 01 class 0x060400
[    8.032625] pci 0000:0c:08.0: PME# supported from D0 D3hot D3cold
[    8.032710] pci 0000:0c:0c.0: [10b5:9765] type 01 class 0x060400
[    8.032841] pci 0000:0c:0c.0: PME# supported from D0 D3hot D3cold
[    8.032934] pci 0000:0b:00.0: PCI bridge to [bus 0c-7e]
[    8.032939] pci 0000:0b:00.0:   bridge window [mem 0xc3000000-0xc50fffff]
[    8.032944] pci 0000:0b:00.0:   bridge window [mem 0x2f000000000-0x2fc01ffffff 64bit pref]
[    8.033020] pci 0000:0d:00.0: [10de:1db1] type 00 class 0x030200
[    8.033038] pci 0000:0d:00.0: reg 0x10: [mem 0xc4000000-0xc4ffffff]
[    8.033055] pci 0000:0d:00.0: reg 0x14: [mem 0x2f800000000-0x2fbffffffff 64bit pref]
[    8.033071] pci 0000:0d:00.0: reg 0x1c: [mem 0x2fc00000000-0x2fc01ffffff 64bit pref]
[    8.033093] pci 0000:0d:00.0: enabling Extended Tags
[    8.033119] pci 0000:0d:00.0: Enabling HDA controller
[    8.033276] pci 0000:0c:04.0: PCI bridge to [bus 0d-7e]
[    8.033281] pci 0000:0c:04.0:   bridge window [mem 0xc4000000-0xc4ffffff]
[    8.033286] pci 0000:0c:04.0:   bridge window [mem 0x2f800000000-0x2fc01ffffff 64bit pref]
[    8.033288] pci_bus 0000:0d: busn_res: [bus 0d-7e] end is updated to 0d
[    8.033344] pci 0000:0e:00.0: [10de:1db1] type 00 class 0x030200
[    8.033363] pci 0000:0e:00.0: reg 0x10: [mem 0xc3000000-0xc3ffffff]
[    8.033379] pci 0000:0e:00.0: reg 0x14: [mem 0x2f000000000-0x2f3ffffffff 64bit pref]
[    8.033395] pci 0000:0e:00.0: reg 0x1c: [mem 0x2f400000000-0x2f401ffffff 64bit pref]
[    8.033417] pci 0000:0e:00.0: enabling Extended Tags
[    8.033443] pci 0000:0e:00.0: Enabling HDA controller
[    8.033599] pci 0000:0c:08.0: PCI bridge to [bus 0e-7e]
[    8.033605] pci 0000:0c:08.0:   bridge window [mem 0xc3000000-0xc3ffffff]
[    8.033609] pci 0000:0c:08.0:   bridge window [mem 0x2f000000000-0x2f401ffffff 64bit pref]
[    8.033611] pci_bus 0000:0e: busn_res: [bus 0e-7e] end is updated to 0e
[    8.033667] pci 0000:0f:00.0: [10b5:8733] type 01 class 0x060400
[    8.033691] pci 0000:0f:00.0: reg 0x10: [mem 0xc5000000-0xc503ffff]
[    8.033830] pci 0000:0f:00.0: PME# supported from D0 D3hot D3cold
[    8.033955] pci 0000:0f:00.1: [10b5:87d0] type 00 class 0x088000
[    8.033974] pci 0000:0f:00.1: reg 0x10: [mem 0xc5046000-0xc5047fff]
[    8.034030] pci 0000:0f:00.1: enabling Extended Tags
[    8.034168] pci 0000:0f:00.2: [10b5:87d0] type 00 class 0x088000
[    8.034187] pci 0000:0f:00.2: reg 0x10: [mem 0xc5044000-0xc5045fff]
[    8.034243] pci 0000:0f:00.2: enabling Extended Tags
[    8.034380] pci 0000:0f:00.3: [10b5:87d0] type 00 class 0x088000
[    8.034399] pci 0000:0f:00.3: reg 0x10: [mem 0xc5042000-0xc5043fff]
[    8.034454] pci 0000:0f:00.3: enabling Extended Tags
[    8.034588] pci 0000:0f:00.4: [10b5:87d0] type 00 class 0x088000
[    8.034607] pci 0000:0f:00.4: reg 0x10: [mem 0xc5040000-0xc5041fff]
[    8.034663] pci 0000:0f:00.4: enabling Extended Tags
[    8.034815] pci 0000:0c:0c.0: PCI bridge to [bus 0f-7e]
[    8.034820] pci 0000:0c:0c.0:   bridge window [mem 0xc5000000-0xc50fffff]
[    8.034900] pci 0000:10:08.0: [10b5:8733] type 01 class 0x060400
[    8.034973] pci 0000:10:08.0: Max Payload Size set to 256 (was 128, max 2048)
[    8.035071] pci 0000:10:08.0: PME# supported from D0 D3hot D3cold
[    8.035190] pci 0000:0f:00.0: PCI bridge to [bus 10-7e]
[    8.035284] pci 0000:10:08.0: PCI bridge to [bus 11-7e]
[    8.035295] pci_bus 0000:11: busn_res: [bus 11-7e] end is updated to 11
[    8.035303] pci_bus 0000:10: busn_res: [bus 10-7e] end is updated to 11
[    8.035310] pci_bus 0000:0f: busn_res: [bus 0f-7e] end is updated to 11
[    8.035317] pci_bus 0000:0c: busn_res: [bus 0c-7e] end is updated to 11
[    8.035324] pci_bus 0000:0b: busn_res: [bus 0b-7e] end is updated to 11
[    8.035563] pci 0000:12:00.0: [10b5:9765] type 01 class 0x060400
[    8.035688] pci 0000:12:00.0: PME# supported from D0 D3hot D3cold
[    8.035807] pci 0000:00:03.0: PCI bridge to [bus 12-7e]
[    8.035811] pci 0000:00:03.0:   bridge window [mem 0xc0000000-0xc24fffff]
[    8.035814] pci 0000:00:03.0:   bridge window [mem 0x2e000000000-0x2ec01ffffff 64bit pref]
[    8.035879] pci 0000:13:04.0: [10b5:9765] type 01 class 0x060400
[    8.036009] pci 0000:13:04.0: PME# supported from D0 D3hot D3cold
[    8.036096] pci 0000:13:08.0: [10b5:9765] type 01 class 0x060400
[    8.036225] pci 0000:13:08.0: PME# supported from D0 D3hot D3cold
[    8.036310] pci 0000:13:0c.0: [10b5:9765] type 01 class 0x060400
[    8.036442] pci 0000:13:0c.0: PME# supported from D0 D3hot D3cold
[    8.036528] pci 0000:12:00.0: PCI bridge to [bus 13-7e]
[    8.036534] pci 0000:12:00.0:   bridge window [mem 0xc0000000-0xc23fffff]
[    8.036538] pci 0000:12:00.0:   bridge window [mem 0x2e000000000-0x2ec01ffffff 64bit pref]
[    8.036615] pci 0000:14:00.0: [10de:1db1] type 00 class 0x030200
[    8.036633] pci 0000:14:00.0: reg 0x10: [mem 0xc1000000-0xc1ffffff]
[    8.036649] pci 0000:14:00.0: reg 0x14: [mem 0x2e800000000-0x2ebffffffff 64bit pref]
[    8.036666] pci 0000:14:00.0: reg 0x1c: [mem 0x2ec00000000-0x2ec01ffffff 64bit pref]
[    8.036688] pci 0000:14:00.0: enabling Extended Tags
[    8.036714] pci 0000:14:00.0: Enabling HDA controller
[    8.036870] pci 0000:13:04.0: PCI bridge to [bus 14-7e]
[    8.036876] pci 0000:13:04.0:   bridge window [mem 0xc1000000-0xc1ffffff]
[    8.036880] pci 0000:13:04.0:   bridge window [mem 0x2e800000000-0x2ec01ffffff 64bit pref]
[    8.036882] pci_bus 0000:14: busn_res: [bus 14-7e] end is updated to 14
[    8.036938] pci 0000:15:00.0: [10de:1db1] type 00 class 0x030200
[    8.036956] pci 0000:15:00.0: reg 0x10: [mem 0xc0000000-0xc0ffffff]
[    8.036972] pci 0000:15:00.0: reg 0x14: [mem 0x2e000000000-0x2e3ffffffff 64bit pref]
[    8.036988] pci 0000:15:00.0: reg 0x1c: [mem 0x2e400000000-0x2e401ffffff 64bit pref]
[    8.037010] pci 0000:15:00.0: enabling Extended Tags
[    8.037036] pci 0000:15:00.0: Enabling HDA controller
[    8.037192] pci 0000:13:08.0: PCI bridge to [bus 15-7e]
[    8.037197] pci 0000:13:08.0:   bridge window [mem 0xc0000000-0xc0ffffff]
[    8.037202] pci 0000:13:08.0:   bridge window [mem 0x2e000000000-0x2e401ffffff 64bit pref]
[    8.037203] pci_bus 0000:15: busn_res: [bus 15-7e] end is updated to 15
[    8.037260] pci 0000:16:00.0: [1b21:2824] type 01 class 0x060400
[    8.037332] pci 0000:16:00.0: enabling Extended Tags
[    8.037417] pci 0000:16:00.0: PME# supported from D0 D3hot D3cold
[    8.037536] pci 0000:13:0c.0: PCI bridge to [bus 16-7e]
[    8.037541] pci 0000:13:0c.0:   bridge window [mem 0xc2000000-0xc23fffff]
[    8.037612] pci 0000:17:00.0: [1b21:2824] type 01 class 0x060400
[    8.037684] pci 0000:17:00.0: enabling Extended Tags
[    8.037769] pci 0000:17:00.0: PME# supported from D0 D3hot D3cold
[    8.037885] pci 0000:17:04.0: [1b21:2824] type 01 class 0x060400
[    8.037957] pci 0000:17:04.0: enabling Extended Tags
[    8.038044] pci 0000:17:04.0: PME# supported from D0 D3hot D3cold
[    8.038149] pci 0000:17:08.0: [1b21:2824] type 01 class 0x060400
[    8.038222] pci 0000:17:08.0: enabling Extended Tags
[    8.038306] pci 0000:17:08.0: PME# supported from D0 D3hot D3cold
[    8.038405] pci 0000:17:0c.0: [1b21:2824] type 01 class 0x060400
[    8.038477] pci 0000:17:0c.0: enabling Extended Tags
[    8.038562] pci 0000:17:0c.0: PME# supported from D0 D3hot D3cold
[    8.038660] pci 0000:16:00.0: PCI bridge to [bus 17-7e]
[    8.038668] pci 0000:16:00.0:   bridge window [mem 0xc2000000-0xc23fffff]
[    8.038802] pci 0000:18:00.0: [1e4b:1202] type 00 class 0x010802
[    8.038840] pci 0000:18:00.0: reg 0x10: [mem 0xc2300000-0xc2303fff 64bit]
[    8.039029] pci 0000:18:00.0: PME# supported from D0 D3hot D3cold
[    8.039217] pci 0000:17:00.0: PCI bridge to [bus 18-7e]
[    8.039224] pci 0000:17:00.0:   bridge window [mem 0xc2300000-0xc23fffff]
[    8.039230] pci_bus 0000:18: busn_res: [bus 18-7e] end is updated to 18
[    8.039354] pci 0000:19:00.0: [1987:5012] type 00 class 0x010802
[    8.039421] pci 0000:19:00.0: reg 0x10: [mem 0xc2200000-0xc2203fff 64bit]
[    8.039579] pci 0000:19:00.0: enabling Extended Tags
[    8.040115] pci 0000:17:04.0: PCI bridge to [bus 19-7e]
[    8.040122] pci 0000:17:04.0:   bridge window [mem 0xc2200000-0xc22fffff]
[    8.040127] pci_bus 0000:19: busn_res: [bus 19-7e] end is updated to 19
[    8.040197] pci 0000:1a:00.0: [1987:5013] type 00 class 0x010802
[    8.040238] pci 0000:1a:00.0: reg 0x10: [mem 0xc2100000-0xc2103fff 64bit]
[    8.040333] pci 0000:1a:00.0: enabling Extended Tags
[    8.040594] pci 0000:17:08.0: PCI bridge to [bus 1a-7e]
[    8.040601] pci 0000:17:08.0:   bridge window [mem 0xc2100000-0xc21fffff]
[    8.040607] pci_bus 0000:1a: busn_res: [bus 1a-7e] end is updated to 1a
[    8.040694] pci 0000:1b:00.0: [10ec:5762] type 00 class 0x010802
[    8.040735] pci 0000:1b:00.0: reg 0x10: [mem 0xc2000000-0xc2003fff 64bit]
[    8.040807] pci 0000:1b:00.0: reg 0x24: [mem 0xc2004000-0xc2005fff]
[    8.041145] pci 0000:17:0c.0: PCI bridge to [bus 1b-7e]
[    8.041152] pci 0000:17:0c.0:   bridge window [mem 0xc2000000-0xc20fffff]
[    8.041157] pci_bus 0000:1b: busn_res: [bus 1b-7e] end is updated to 1b
[    8.041165] pci_bus 0000:17: busn_res: [bus 17-7e] end is updated to 1b
[    8.041172] pci_bus 0000:16: busn_res: [bus 16-7e] end is updated to 1b
[    8.041179] pci_bus 0000:13: busn_res: [bus 13-7e] end is updated to 1b
[    8.041185] pci_bus 0000:12: busn_res: [bus 12-7e] end is updated to 1b
[    8.041250] pci 0000:1c:00.0: [1000:0097] type 00 class 0x010700
[    8.041277] pci 0000:1c:00.0: reg 0x10: [io  0x6000-0x60ff]
[    8.041302] pci 0000:1c:00.0: reg 0x14: [mem 0xc7640000-0xc764ffff 64bit]
[    8.041327] pci 0000:1c:00.0: reg 0x1c: [mem 0xc7600000-0xc763ffff 64bit]
[    8.041359] pci 0000:1c:00.0: reg 0x30: [mem 0xc7500000-0xc75fffff pref]
[    8.041367] pci 0000:1c:00.0: enabling Extended Tags
[    8.041470] pci 0000:1c:00.0: supports D1 D2
[    8.041528] pci 0000:1c:00.0: 16.000 Gb/s available PCIe bandwidth, limited by 5.0 GT/s PCIe x4 link at 0000:00:1c.0 (capable of 63.008 Gb/s with 8.0 GT/s PCIe x8 link)
[    8.041606] pci 0000:00:1c.0: PCI bridge to [bus 1c-7e]
[    8.041609] pci 0000:00:1c.0:   bridge window [io  0x6000-0x6fff]
[    8.041612] pci 0000:00:1c.0:   bridge window [mem 0xc7500000-0xc76fffff]
[    8.041617] pci_bus 0000:1c: busn_res: [bus 1c-7e] end is updated to 1c
[    8.041707] pci 0000:1d:00.0: [1a03:1150] type 01 class 0x060400
[    8.041804] pci 0000:1d:00.0: enabling Extended Tags
[    8.041887] pci 0000:1d:00.0: supports D1 D2
[    8.041888] pci 0000:1d:00.0: PME# supported from D0 D1 D2 D3hot D3cold
[    8.042041] pci 0000:00:1c.7: PCI bridge to [bus 1d-7e]
[    8.042044] pci 0000:00:1c.7:   bridge window [io  0x5000-0x5fff]
[    8.042047] pci 0000:00:1c.7:   bridge window [mem 0xc6000000-0xc70fffff]
[    8.042125] pci_bus 0000:1e: extended config space not accessible
[    8.042162] pci 0000:1e:00.0: [1a03:2000] type 00 class 0x030000
[    8.042197] pci 0000:1e:00.0: reg 0x10: [mem 0xc6000000-0xc6ffffff]
[    8.042217] pci 0000:1e:00.0: reg 0x14: [mem 0xc7000000-0xc701ffff]
[    8.042238] pci 0000:1e:00.0: reg 0x18: [io  0x5000-0x507f]
[    8.042327] pci 0000:1e:00.0: BAR 0: assigned to efifb
[    8.042338] pci 0000:1e:00.0: Video device with shadowed ROM at [mem 0x000c0000-0x000dffff]
[    8.042384] pci 0000:1e:00.0: supports D1 D2
[    8.042385] pci 0000:1e:00.0: PME# supported from D0 D1 D2 D3hot D3cold
[    8.042511] pci 0000:1d:00.0: PCI bridge to [bus 1e-7e]
[    8.042519] pci 0000:1d:00.0:   bridge window [io  0x5000-0x5fff]
[    8.042524] pci 0000:1d:00.0:   bridge window [mem 0xc6000000-0xc70fffff]
[    8.042532] pci_bus 0000:1e: busn_res: [bus 1e-7e] end is updated to 1e
[    8.042541] pci_bus 0000:1d: busn_res: [bus 1d-7e] end is updated to 1e
[    8.042548] pci_bus 0000:00: on NUMA node 0
[    8.043670] ACPI: PCI Root Bridge [PCI1] (domain 0000 [bus 80-fe])
[    8.043675] acpi PNP0A08:01: _OSC: OS supports [ExtendedConfig ASPM ClockPM Segments MSI EDR HPX-Type3]
[    8.044188] acpi PNP0A08:01: _OSC: platform does not support [SHPCHotplug AER LTR DPC]
[    8.045186] acpi PNP0A08:01: _OSC: OS now controls [PCIeHotplug PME PCIeCapability]
[    8.045188] acpi PNP0A08:01: FADT indicates ASPM is unsupported, using BIOS configuration
[    8.045430] PCI host bridge to bus 0000:80
[    8.045432] pci_bus 0000:80: root bus resource [io  0x8000-0xffff window]
[    8.045435] pci_bus 0000:80: root bus resource [mem 0xc8000000-0xfbffbfff window]
[    8.045436] pci_bus 0000:80: root bus resource [mem 0x30000000000-0x3ffffffffff window]
[    8.045439] pci_bus 0000:80: root bus resource [bus 80-fe]
[    8.045460] pci 0000:80:00.0: [8086:6f01] type 01 class 0x060400
[    8.045545] pci 0000:80:00.0: PME# supported from D0 D3hot D3cold
[    8.045657] pci 0000:80:01.0: [8086:6f02] type 01 class 0x060400
[    8.045743] pci 0000:80:01.0: PME# supported from D0 D3hot D3cold
[    8.046001] pci 0000:80:02.0: [8086:6f04] type 01 class 0x060400
[    8.046087] pci 0000:80:02.0: PME# supported from D0 D3hot D3cold
[    8.046338] pci 0000:80:03.0: [8086:6f08] type 01 class 0x060400
[    8.046423] pci 0000:80:03.0: PME# supported from D0 D3hot D3cold
[    8.046667] pci 0000:80:04.0: [8086:6f20] type 00 class 0x088000
[    8.046692] pci 0000:80:04.0: reg 0x10: [mem 0x3fffff1c000-0x3fffff1ffff 64bit]
[    8.046835] pci 0000:80:04.1: [8086:6f21] type 00 class 0x088000
[    8.046859] pci 0000:80:04.1: reg 0x10: [mem 0x3fffff18000-0x3fffff1bfff 64bit]
[    8.047013] pci 0000:80:04.2: [8086:6f22] type 00 class 0x088000
[    8.047038] pci 0000:80:04.2: reg 0x10: [mem 0x3fffff14000-0x3fffff17fff 64bit]
[    8.047175] pci 0000:80:04.3: [8086:6f23] type 00 class 0x088000
[    8.047200] pci 0000:80:04.3: reg 0x10: [mem 0x3fffff10000-0x3fffff13fff 64bit]
[    8.047337] pci 0000:80:04.4: [8086:6f24] type 00 class 0x088000
[    8.047361] pci 0000:80:04.4: reg 0x10: [mem 0x3fffff0c000-0x3fffff0ffff 64bit]
[    8.047498] pci 0000:80:04.5: [8086:6f25] type 00 class 0x088000
[    8.047522] pci 0000:80:04.5: reg 0x10: [mem 0x3fffff08000-0x3fffff0bfff 64bit]
[    8.047659] pci 0000:80:04.6: [8086:6f26] type 00 class 0x088000
[    8.047683] pci 0000:80:04.6: reg 0x10: [mem 0x3fffff04000-0x3fffff07fff 64bit]
[    8.047818] pci 0000:80:04.7: [8086:6f27] type 00 class 0x088000
[    8.047842] pci 0000:80:04.7: reg 0x10: [mem 0x3fffff00000-0x3fffff03fff 64bit]
[    8.047979] pci 0000:80:05.0: [8086:6f28] type 00 class 0x088000
[    8.048086] pci 0000:80:05.1: [8086:6f29] type 00 class 0x088000
[    8.048232] pci 0000:80:05.2: [8086:6f2a] type 00 class 0x088000
[    8.048338] pci 0000:80:05.4: [8086:6f2c] type 00 class 0x080020
[    8.048357] pci 0000:80:05.4: reg 0x10: [mem 0xf6500000-0xf6500fff]
[    8.048477] pci 0000:80:05.6: [8086:6f39] type 00 class 0x110100
[    8.048578] pci 0000:80:06.0: [8086:6f10] type 00 class 0x088000
[    8.048681] pci 0000:80:06.1: [8086:6f11] type 00 class 0x088000
[    8.048780] pci 0000:80:06.2: [8086:6f12] type 00 class 0x088000
[    8.048881] pci 0000:80:06.3: [8086:6f13] type 00 class 0x088000
[    8.048982] pci 0000:80:06.4: [8086:6f14] type 00 class 0x088000
[    8.049089] pci 0000:80:06.5: [8086:6f15] type 00 class 0x088000
[    8.049189] pci 0000:80:06.6: [8086:6f16] type 00 class 0x088000
[    8.049291] pci 0000:80:06.7: [8086:6f17] type 00 class 0x088000
[    8.049391] pci 0000:80:07.0: [8086:6f18] type 00 class 0x088000
[    8.049492] pci 0000:80:07.1: [8086:6f19] type 00 class 0x088000
[    8.049594] pci 0000:80:07.2: [8086:6f1a] type 00 class 0x088000
[    8.049694] pci 0000:80:07.3: [8086:6f1b] type 00 class 0x088000
[    8.049794] pci 0000:80:07.4: [8086:6f1c] type 00 class 0x088000
[    8.050216] pci 0000:81:00.0: [8086:1528] type 00 class 0x020000
[    8.050246] pci 0000:81:00.0: reg 0x10: [mem 0xfbc00000-0xfbdfffff 64bit pref]
[    8.050292] pci 0000:81:00.0: reg 0x20: [mem 0xfbe04000-0xfbe07fff 64bit pref]
[    8.050374] pci 0000:81:00.0: PME# supported from D0 D3hot D3cold
[    8.050405] pci 0000:81:00.0: reg 0x184: [mem 0x00000000-0x00003fff 64bit pref]
[    8.050407] pci 0000:81:00.0: VF(n) BAR0 space: [mem 0x00000000-0x000fffff 64bit pref] (contains BAR0 for 64 VFs)
[    8.050435] pci 0000:81:00.0: reg 0x190: [mem 0x00000000-0x00003fff 64bit pref]
[    8.050437] pci 0000:81:00.0: VF(n) BAR3 space: [mem 0x00000000-0x000fffff 64bit pref] (contains BAR3 for 64 VFs)
[    8.050583] pci 0000:81:00.0: 16.000 Gb/s available PCIe bandwidth, limited by 5.0 GT/s PCIe x4 link at 0000:80:00.0 (capable of 32.000 Gb/s with 5.0 GT/s PCIe x8 link)
[    8.050690] pci 0000:81:00.1: [8086:1528] type 00 class 0x020000
[    8.050719] pci 0000:81:00.1: reg 0x10: [mem 0xfba00000-0xfbbfffff 64bit pref]
[    8.050765] pci 0000:81:00.1: reg 0x20: [mem 0xfbe00000-0xfbe03fff 64bit pref]
[    8.050845] pci 0000:81:00.1: PME# supported from D0 D3hot D3cold
[    8.050870] pci 0000:81:00.1: reg 0x184: [mem 0x00000000-0x00003fff 64bit pref]
[    8.050872] pci 0000:81:00.1: VF(n) BAR0 space: [mem 0x00000000-0x000fffff 64bit pref] (contains BAR0 for 64 VFs)
[    8.050893] pci 0000:81:00.1: reg 0x190: [mem 0x00000000-0x00003fff 64bit pref]
[    8.050895] pci 0000:81:00.1: VF(n) BAR3 space: [mem 0x00000000-0x000fffff 64bit pref] (contains BAR3 for 64 VFs)
[    8.051107] pci 0000:80:00.0: ASPM: current common clock configuration is inconsistent, reconfiguring
[    8.060323] pci 0000:80:00.0: PCI bridge to [bus 81-fe]
[    8.060334] pci 0000:80:00.0:   bridge window [mem 0xfba00000-0xfbefffff 64bit pref]
[    8.060338] pci_bus 0000:81: busn_res: [bus 81-fe] end is updated to 81
[    8.060791] pci 0000:82:00.0: [10de:1ff0] type 00 class 0x030000
[    8.060814] pci 0000:82:00.0: reg 0x10: [mem 0xfa000000-0xfaffffff]
[    8.060835] pci 0000:82:00.0: reg 0x14: [mem 0x3fc10000000-0x3fc1fffffff 64bit pref]
[    8.060856] pci 0000:82:00.0: reg 0x1c: [mem 0x3fc20000000-0x3fc21ffffff 64bit pref]
[    8.060870] pci 0000:82:00.0: reg 0x24: [io  0xf000-0xf07f]
[    8.060884] pci 0000:82:00.0: reg 0x30: [mem 0xfb000000-0xfb07ffff pref]
[    8.060890] pci 0000:82:00.0: enabling Extended Tags
[    8.060952] pci 0000:82:00.0: PME# supported from D0 D3hot D3cold
[    8.061012] pci 0000:82:00.0: 16.000 Gb/s available PCIe bandwidth, limited by 2.5 GT/s PCIe x8 link at 0000:80:01.0 (capable of 126.016 Gb/s with 8.0 GT/s PCIe x16 link)
[    8.061089] pci 0000:82:00.1: [10de:10fa] type 00 class 0x040300
[    8.061112] pci 0000:82:00.1: reg 0x10: [mem 0xfb080000-0xfb083fff]
[    8.061192] pci 0000:82:00.1: enabling Extended Tags
[    8.061336] pci 0000:80:01.0: PCI bridge to [bus 82-fe]
[    8.061339] pci 0000:80:01.0:   bridge window [io  0xf000-0xffff]
[    8.061341] pci 0000:80:01.0:   bridge window [mem 0xfa000000-0xfb0fffff]
[    8.061345] pci 0000:80:01.0:   bridge window [mem 0x3fc10000000-0x3fc21ffffff 64bit pref]
[    8.061347] pci_bus 0000:82: busn_res: [bus 82-fe] end is updated to 82
[    8.061586] pci 0000:83:00.0: [10b5:9765] type 01 class 0x060400
[    8.061717] pci 0000:83:00.0: PME# supported from D0 D3hot D3cold
[    8.061843] pci 0000:80:02.0: PCI bridge to [bus 83-fe]
[    8.061847] pci 0000:80:02.0:   bridge window [mem 0xf4000000-0xf64fffff]
[    8.061850] pci 0000:80:02.0:   bridge window [mem 0x3f000000000-0x3fc01ffffff 64bit pref]
[    8.061916] pci 0000:84:04.0: [10b5:9765] type 01 class 0x060400
[    8.062054] pci 0000:84:04.0: PME# supported from D0 D3hot D3cold
[    8.062145] pci 0000:84:08.0: [10b5:9765] type 01 class 0x060400
[    8.062281] pci 0000:84:08.0: PME# supported from D0 D3hot D3cold
[    8.062371] pci 0000:84:0c.0: [10b5:9765] type 01 class 0x060400
[    8.062509] pci 0000:84:0c.0: PME# supported from D0 D3hot D3cold
[    8.062609] pci 0000:83:00.0: PCI bridge to [bus 84-fe]
[    8.062615] pci 0000:83:00.0:   bridge window [mem 0xf4000000-0xf63fffff]
[    8.062620] pci 0000:83:00.0:   bridge window [mem 0x3f000000000-0x3fc01ffffff 64bit pref]
[    8.062701] pci 0000:85:00.0: [1b21:2824] type 01 class 0x060400
[    8.062774] pci 0000:85:00.0: enabling Extended Tags
[    8.062862] pci 0000:85:00.0: PME# supported from D0 D3hot D3cold
[    8.062984] pci 0000:84:04.0: PCI bridge to [bus 85-fe]
[    8.062990] pci 0000:84:04.0:   bridge window [mem 0xf6000000-0xf63fffff]
[    8.063065] pci 0000:86:00.0: [1b21:2824] type 01 class 0x060400
[    8.063140] pci 0000:86:00.0: enabling Extended Tags
[    8.063227] pci 0000:86:00.0: PME# supported from D0 D3hot D3cold
[    8.063336] pci 0000:86:04.0: [1b21:2824] type 01 class 0x060400
[    8.063411] pci 0000:86:04.0: enabling Extended Tags
[    8.063498] pci 0000:86:04.0: PME# supported from D0 D3hot D3cold
[    8.063598] pci 0000:86:08.0: [1b21:2824] type 01 class 0x060400
[    8.063672] pci 0000:86:08.0: enabling Extended Tags
[    8.063760] pci 0000:86:08.0: PME# supported from D0 D3hot D3cold
[    8.063858] pci 0000:86:0c.0: [1b21:2824] type 01 class 0x060400
[    8.063933] pci 0000:86:0c.0: enabling Extended Tags
[    8.064022] pci 0000:86:0c.0: PME# supported from D0 D3hot D3cold
[    8.064122] pci 0000:85:00.0: PCI bridge to [bus 86-fe]
[    8.064129] pci 0000:85:00.0:   bridge window [mem 0xf6000000-0xf63fffff]
[    8.064240] pci 0000:87:00.0: [1987:5013] type 00 class 0x010802
[    8.064285] pci 0000:87:00.0: reg 0x10: [mem 0xf6300000-0xf6303fff 64bit]
[    8.064383] pci 0000:87:00.0: enabling Extended Tags
[    8.064654] pci 0000:86:00.0: PCI bridge to [bus 87-fe]
[    8.064662] pci 0000:86:00.0:   bridge window [mem 0xf6300000-0xf63fffff]
[    8.064668] pci_bus 0000:87: busn_res: [bus 87-fe] end is updated to 87
[    8.064756] pci 0000:88:00.0: [10ec:5762] type 00 class 0x010802
[    8.064799] pci 0000:88:00.0: reg 0x10: [mem 0xf6200000-0xf6203fff 64bit]
[    8.064872] pci 0000:88:00.0: reg 0x24: [mem 0xf6204000-0xf6205fff]
[    8.065200] pci 0000:86:04.0: PCI bridge to [bus 88-fe]
[    8.065207] pci 0000:86:04.0:   bridge window [mem 0xf6200000-0xf62fffff]
[    8.065213] pci_bus 0000:88: busn_res: [bus 88-fe] end is updated to 88
[    8.065308] pci 0000:89:00.0: [144d:a808] type 00 class 0x010802
[    8.065348] pci 0000:89:00.0: reg 0x10: [mem 0xf6100000-0xf6103fff 64bit]
[    8.065785] pci 0000:86:08.0: PCI bridge to [bus 89-fe]
[    8.065792] pci 0000:86:08.0:   bridge window [mem 0xf6100000-0xf61fffff]
[    8.065798] pci_bus 0000:89: busn_res: [bus 89-fe] end is updated to 89
[    8.065868] pci 0000:8a:00.0: [1987:5013] type 00 class 0x010802
[    8.065909] pci 0000:8a:00.0: reg 0x10: [mem 0xf6000000-0xf6003fff 64bit]
[    8.066007] pci 0000:8a:00.0: enabling Extended Tags
[    8.066278] pci 0000:86:0c.0: PCI bridge to [bus 8a-fe]
[    8.066286] pci 0000:86:0c.0:   bridge window [mem 0xf6000000-0xf60fffff]
[    8.066291] pci_bus 0000:8a: busn_res: [bus 8a-fe] end is updated to 8a
[    8.066299] pci_bus 0000:86: busn_res: [bus 86-fe] end is updated to 8a
[    8.066306] pci_bus 0000:85: busn_res: [bus 85-fe] end is updated to 8a
[    8.066362] pci 0000:8b:00.0: [10de:1db1] type 00 class 0x030200
[    8.066381] pci 0000:8b:00.0: reg 0x10: [mem 0xf5000000-0xf5ffffff]
[    8.066398] pci 0000:8b:00.0: reg 0x14: [mem 0x3f800000000-0x3fbffffffff 64bit pref]
[    8.066415] pci 0000:8b:00.0: reg 0x1c: [mem 0x3fc00000000-0x3fc01ffffff 64bit pref]
[    8.066438] pci 0000:8b:00.0: enabling Extended Tags
[    8.066464] pci 0000:8b:00.0: Enabling HDA controller
[    8.066631] pci 0000:84:08.0: PCI bridge to [bus 8b-fe]
[    8.066637] pci 0000:84:08.0:   bridge window [mem 0xf5000000-0xf5ffffff]
[    8.066642] pci 0000:84:08.0:   bridge window [mem 0x3f800000000-0x3fc01ffffff 64bit pref]
[    8.066644] pci_bus 0000:8b: busn_res: [bus 8b-fe] end is updated to 8b
[    8.066703] pci 0000:8c:00.0: [10de:1db1] type 00 class 0x030200
[    8.066721] pci 0000:8c:00.0: reg 0x10: [mem 0xf4000000-0xf4ffffff]
[    8.066738] pci 0000:8c:00.0: reg 0x14: [mem 0x3f000000000-0x3f3ffffffff 64bit pref]
[    8.066755] pci 0000:8c:00.0: reg 0x1c: [mem 0x3f400000000-0x3f401ffffff 64bit pref]
[    8.066778] pci 0000:8c:00.0: enabling Extended Tags
[    8.066805] pci 0000:8c:00.0: Enabling HDA controller
[    8.066970] pci 0000:84:0c.0: PCI bridge to [bus 8c-fe]
[    8.066976] pci 0000:84:0c.0:   bridge window [mem 0xf4000000-0xf4ffffff]
[    8.066980] pci 0000:84:0c.0:   bridge window [mem 0x3f000000000-0x3f401ffffff 64bit pref]
[    8.066982] pci_bus 0000:8c: busn_res: [bus 8c-fe] end is updated to 8c
[    8.066990] pci_bus 0000:84: busn_res: [bus 84-fe] end is updated to 8c
[    8.066996] pci_bus 0000:83: busn_res: [bus 83-fe] end is updated to 8c
[    8.067246] pci 0000:8d:00.0: [10b5:9765] type 01 class 0x060400
[    8.067377] pci 0000:8d:00.0: PME# supported from D0 D3hot D3cold
[    8.067512] pci 0000:80:03.0: PCI bridge to [bus 8d-fe]
[    8.067516] pci 0000:80:03.0:   bridge window [mem 0xf7000000-0xf91fffff]
[    8.067519] pci 0000:80:03.0:   bridge window [mem 0x3e000000000-0x3ec01ffffff 64bit pref]
[    8.067583] pci 0000:8e:04.0: [10b5:9765] type 01 class 0x060400
[    8.067720] pci 0000:8e:04.0: PME# supported from D0 D3hot D3cold
[    8.067811] pci 0000:8e:08.0: [10b5:9765] type 01 class 0x060400
[    8.067947] pci 0000:8e:08.0: PME# supported from D0 D3hot D3cold
[    8.068035] pci 0000:8e:0c.0: [10b5:9765] type 01 class 0x060400
[    8.068172] pci 0000:8e:0c.0: PME# supported from D0 D3hot D3cold
[    8.068267] pci 0000:8d:00.0: PCI bridge to [bus 8e-fe]
[    8.068273] pci 0000:8d:00.0:   bridge window [mem 0xf7000000-0xf90fffff]
[    8.068277] pci 0000:8d:00.0:   bridge window [mem 0x3e000000000-0x3ec01ffffff 64bit pref]
[    8.068358] pci 0000:8f:00.0: [10de:1db1] type 00 class 0x030200
[    8.068377] pci 0000:8f:00.0: reg 0x10: [mem 0xf8000000-0xf8ffffff]
[    8.068394] pci 0000:8f:00.0: reg 0x14: [mem 0x3e800000000-0x3ebffffffff 64bit pref]
[    8.068411] pci 0000:8f:00.0: reg 0x1c: [mem 0x3ec00000000-0x3ec01ffffff 64bit pref]
[    8.068433] pci 0000:8f:00.0: enabling Extended Tags
[    8.068461] pci 0000:8f:00.0: Enabling HDA controller
[    8.068636] pci 0000:8e:04.0: PCI bridge to [bus 8f-fe]
[    8.068642] pci 0000:8e:04.0:   bridge window [mem 0xf8000000-0xf8ffffff]
[    8.068647] pci 0000:8e:04.0:   bridge window [mem 0x3e800000000-0x3ec01ffffff 64bit pref]
[    8.068649] pci_bus 0000:8f: busn_res: [bus 8f-fe] end is updated to 8f
[    8.068707] pci 0000:90:00.0: [10de:1db1] type 00 class 0x030200
[    8.068726] pci 0000:90:00.0: reg 0x10: [mem 0xf7000000-0xf7ffffff]
[    8.068742] pci 0000:90:00.0: reg 0x14: [mem 0x3e000000000-0x3e3ffffffff 64bit pref]
[    8.068759] pci 0000:90:00.0: reg 0x1c: [mem 0x3e400000000-0x3e401ffffff 64bit pref]
[    8.068782] pci 0000:90:00.0: enabling Extended Tags
[    8.068809] pci 0000:90:00.0: Enabling HDA controller
[    8.068980] pci 0000:8e:08.0: PCI bridge to [bus 90-fe]
[    8.068986] pci 0000:8e:08.0:   bridge window [mem 0xf7000000-0xf7ffffff]
[    8.068990] pci 0000:8e:08.0:   bridge window [mem 0x3e000000000-0x3e401ffffff 64bit pref]
[    8.068992] pci_bus 0000:90: busn_res: [bus 90-fe] end is updated to 90
[    8.069051] pci 0000:91:00.0: [10b5:8733] type 01 class 0x060400
[    8.069076] pci 0000:91:00.0: reg 0x10: [mem 0xf9000000-0xf903ffff]
[    8.069221] pci 0000:91:00.0: PME# supported from D0 D3hot D3cold
[    8.069343] pci 0000:91:00.1: [10b5:87d0] type 00 class 0x088000
[    8.069363] pci 0000:91:00.1: reg 0x10: [mem 0xf9046000-0xf9047fff]
[    8.069420] pci 0000:91:00.1: enabling Extended Tags
[    8.069560] pci 0000:91:00.2: [10b5:87d0] type 00 class 0x088000
[    8.069580] pci 0000:91:00.2: reg 0x10: [mem 0xf9044000-0xf9045fff]
[    8.069638] pci 0000:91:00.2: enabling Extended Tags
[    8.069778] pci 0000:91:00.3: [10b5:87d0] type 00 class 0x088000
[    8.069798] pci 0000:91:00.3: reg 0x10: [mem 0xf9042000-0xf9043fff]
[    8.069855] pci 0000:91:00.3: enabling Extended Tags
[    8.069995] pci 0000:91:00.4: [10b5:87d0] type 00 class 0x088000
[    8.070014] pci 0000:91:00.4: reg 0x10: [mem 0xf9040000-0xf9041fff]
[    8.070072] pci 0000:91:00.4: enabling Extended Tags
[    8.070230] pci 0000:8e:0c.0: PCI bridge to [bus 91-fe]
[    8.070236] pci 0000:8e:0c.0:   bridge window [mem 0xf9000000-0xf90fffff]
[    8.070317] pci 0000:92:08.0: [10b5:8733] type 01 class 0x060400
[    8.070393] pci 0000:92:08.0: Max Payload Size set to 256 (was 128, max 2048)
[    8.070494] pci 0000:92:08.0: PME# supported from D0 D3hot D3cold
[    8.070610] pci 0000:91:00.0: PCI bridge to [bus 92-fe]
[    8.070708] pci 0000:92:08.0: PCI bridge to [bus 93-fe]
[    8.070719] pci_bus 0000:93: busn_res: [bus 93-fe] end is updated to 93
[    8.070727] pci_bus 0000:92: busn_res: [bus 92-fe] end is updated to 93
[    8.070735] pci_bus 0000:91: busn_res: [bus 91-fe] end is updated to 93
[    8.070742] pci_bus 0000:8e: busn_res: [bus 8e-fe] end is updated to 93
[    8.070748] pci_bus 0000:8d: busn_res: [bus 8d-fe] end is updated to 93
[    8.070755] pci_bus 0000:80: on NUMA node 1
[    8.071292] ACPI: PCI: Interrupt link LNKA configured for IRQ 11
[    8.071362] ACPI: PCI: Interrupt link LNKB configured for IRQ 10
[    8.071430] ACPI: PCI: Interrupt link LNKC configured for IRQ 5
[    8.071498] ACPI: PCI: Interrupt link LNKD configured for IRQ 11
[    8.071566] ACPI: PCI: Interrupt link LNKE configured for IRQ 0
[    8.071567] ACPI: PCI: Interrupt link LNKE disabled
[    8.071634] ACPI: PCI: Interrupt link LNKF configured for IRQ 0
[    8.071635] ACPI: PCI: Interrupt link LNKF disabled
[    8.071702] ACPI: PCI: Interrupt link LNKG configured for IRQ 0
[    8.071703] ACPI: PCI: Interrupt link LNKG disabled
[    8.071769] ACPI: PCI: Interrupt link LNKH configured for IRQ 0
[    8.071770] ACPI: PCI: Interrupt link LNKH disabled
[    8.072083] iommu: Default domain type: Translated 
[    8.072083] iommu: DMA domain TLB invalidation policy: lazy mode 
[    8.072330] SCSI subsystem initialized
[    8.072358] libata version 3.00 loaded.
[    8.072358] ACPI: bus type USB registered
[    8.072358] usbcore: registered new interface driver usbfs
[    8.072358] usbcore: registered new interface driver hub
[    8.072358] usbcore: registered new device driver usb
[    8.072368] pps_core: LinuxPPS API ver. 1 registered
[    8.072370] pps_core: Software ver. 5.3.6 - Copyright 2005-2007 Rodolfo Giometti <giometti@linux.it>
[    8.072374] PTP clock support registered
[    8.072650] EDAC MC: Ver: 3.0.0
[    8.073661] Registered efivars operations
[    8.073661] NetLabel: Initializing
[    8.073661] NetLabel:  domain hash size = 128
[    8.073661] NetLabel:  protocols = UNLABELED CIPSOv4 CALIPSO
[    8.073661] NetLabel:  unlabeled traffic allowed by default
[    8.073661] mctp: management component transport protocol core
[    8.073661] NET: Registered PF_MCTP protocol family
[    8.073661] PCI: Using ACPI for IRQ routing
[    8.077816] PCI: pci_cache_line_size set to 64 bytes
[    8.078740] e820: reserve RAM buffer [mem 0x6fdbc018-0x6fffffff]
[    8.078743] e820: reserve RAM buffer [mem 0x6fddc018-0x6fffffff]
[    8.078745] e820: reserve RAM buffer [mem 0x6fde5018-0x6fffffff]
[    8.078746] e820: reserve RAM buffer [mem 0x6fe2b018-0x6fffffff]
[    8.078747] e820: reserve RAM buffer [mem 0x6fe33018-0x6fffffff]
[    8.078748] e820: reserve RAM buffer [mem 0x76e6d000-0x77ffffff]
[    8.078750] e820: reserve RAM buffer [mem 0x78fa0000-0x7bffffff]
[    8.078751] e820: reserve RAM buffer [mem 0x798b5000-0x7bffffff]
[    8.078752] e820: reserve RAM buffer [mem 0x7bdbd000-0x7bffffff]
[    8.078815] pci 0000:1e:00.0: vgaarb: setting as boot VGA device
[    8.078818] pci 0000:1e:00.0: vgaarb: bridge control possible
[    8.078819] pci 0000:1e:00.0: vgaarb: VGA device added: decodes=io+mem,owns=io+mem,locks=none
[    8.078827] pci 0000:82:00.0: vgaarb: bridge control possible
[    8.078828] pci 0000:82:00.0: vgaarb: VGA device added: decodes=io+mem,owns=none,locks=none
[    8.078833] vgaarb: loaded
[    8.078837] hpet0: at MMIO 0xfed00000, IRQs 2, 8, 0, 0, 0, 0, 0, 0
[    8.078837] hpet0: 8 comparators, 64-bit 14.318180 MHz counter
[    8.081415] clocksource: Switched to clocksource tsc-early
[    8.094323] VFS: Disk quotas dquot_6.6.0
[    8.094358] VFS: Dquot-cache hash table entries: 512 (order 0, 4096 bytes)
[    8.094548] AppArmor: AppArmor Filesystem Enabled
[    8.094586] pnp: PnP ACPI init
[    8.095269] system 00:01: [io  0x0500-0x057f] has been reserved
[    8.095272] system 00:01: [io  0x0400-0x047f] has been reserved
[    8.095275] system 00:01: [io  0x0580-0x059f] has been reserved
[    8.095276] system 00:01: [io  0x0600-0x061f] has been reserved
[    8.095278] system 00:01: [io  0x0880-0x0883] has been reserved
[    8.095280] system 00:01: [io  0x0800-0x081f] has been reserved
[    8.095282] system 00:01: [mem 0xfed1c000-0xfed3ffff] has been reserved
[    8.095284] system 00:01: [mem 0xfed45000-0xfed8bfff] has been reserved
[    8.095286] system 00:01: [mem 0xff000000-0xffffffff] has been reserved
[    8.095288] system 00:01: [mem 0xfee00000-0xfeefffff] has been reserved
[    8.095289] system 00:01: [mem 0xfed12000-0xfed1200f] has been reserved
[    8.095291] system 00:01: [mem 0xfed12010-0xfed1201f] has been reserved
[    8.095293] system 00:01: [mem 0xfed1b000-0xfed1bfff] has been reserved
[    8.095685] system 00:02: [io  0x0a00-0x0a0f] has been reserved
[    8.095687] system 00:02: [io  0x0a10-0x0a1f] has been reserved
[    8.095689] system 00:02: [io  0x0a20-0x0a2f] has been reserved
[    8.095690] system 00:02: [io  0x0a30-0x0a3f] has been reserved
[    8.095694] system 00:02: [io  0x0a40-0x0a4f] has been reserved
[    8.095981] pnp 00:03: [dma 0 disabled]
[    8.096313] pnp 00:04: [dma 0 disabled]
[    8.097149] pnp: PnP ACPI: found 5 devices
[    8.102854] clocksource: acpi_pm: mask: 0xffffff max_cycles: 0xffffff, max_idle_ns: 2085701024 ns
[    8.102945] NET: Registered PF_INET protocol family
[    8.103519] IP idents hash table entries: 262144 (order: 9, 2097152 bytes, vmalloc)
[    8.107143] tcp_listen_portaddr_hash hash table entries: 65536 (order: 8, 1048576 bytes, vmalloc)
[    8.107288] Table-perturb hash table entries: 65536 (order: 6, 262144 bytes, vmalloc)
[    8.108349] TCP established hash table entries: 524288 (order: 10, 4194304 bytes, vmalloc hugepage)
[    8.109042] TCP bind hash table entries: 65536 (order: 8, 1048576 bytes, vmalloc)
[    8.109113] TCP: Hash tables configured (established 524288 bind 65536)
[    8.109708] MPTCP token hash table entries: 65536 (order: 8, 1572864 bytes, vmalloc)
[    8.110470] UDP hash table entries: 65536 (order: 9, 2097152 bytes, vmalloc)
[    8.111202] UDP-Lite hash table entries: 65536 (order: 9, 2097152 bytes, vmalloc)
[    8.111518] NET: Registered PF_UNIX/PF_LOCAL protocol family
[    8.111525] NET: Registered PF_XDP protocol family
[    8.111544] pci_bus 0000:ff: max bus depth: 0 pci_try_num: 1
[    8.111564] pci_bus 0000:7f: max bus depth: 0 pci_try_num: 1
[    8.111581] pci_bus 0000:00: max bus depth: 5 pci_try_num: 6
[    8.111606] pci 0000:00:01.0: BAR 15: assigned [mem 0x20000000000-0x20000ffffff 64bit pref]
[    8.111611] pci 0000:00:01.0: BAR 13: no space for [io  size 0x8000]
[    8.111613] pci 0000:00:01.0: BAR 13: failed to assign [io  size 0x8000]
[    8.111615] pci 0000:00:02.0: BAR 13: assigned [io  0x1000-0x1fff]
[    8.111618] pci 0000:01:00.0: BAR 15: assigned [mem 0x20000000000-0x20000ffffff 64bit pref]
[    8.111620] pci 0000:01:00.0: BAR 13: no space for [io  size 0x8000]
[    8.111621] pci 0000:01:00.0: BAR 13: failed to assign [io  size 0x8000]
[    8.111626] pci 0000:02:00.0: BAR 15: assigned [mem 0x20000000000-0x200001fffff 64bit pref]
[    8.111628] pci 0000:02:01.0: BAR 15: assigned [mem 0x20000200000-0x200003fffff 64bit pref]
[    8.111631] pci 0000:02:02.0: BAR 14: no space for [mem size 0x00200000]
[    8.111633] pci 0000:02:02.0: BAR 14: failed to assign [mem size 0x00200000]
[    8.111635] pci 0000:02:02.0: BAR 15: assigned [mem 0x20000400000-0x200005fffff 64bit pref]
[    8.111637] pci 0000:02:03.0: BAR 14: no space for [mem size 0x00200000]
[    8.111638] pci 0000:02:03.0: BAR 14: failed to assign [mem size 0x00200000]
[    8.111640] pci 0000:02:03.0: BAR 15: assigned [mem 0x20000600000-0x200007fffff 64bit pref]
[    8.111643] pci 0000:02:04.0: BAR 15: assigned [mem 0x20000800000-0x200009fffff 64bit pref]
[    8.111645] pci 0000:02:05.0: BAR 14: no space for [mem size 0x00200000]
[    8.111646] pci 0000:02:05.0: BAR 14: failed to assign [mem size 0x00200000]
[    8.111648] pci 0000:02:05.0: BAR 15: assigned [mem 0x20000a00000-0x20000bfffff 64bit pref]
[    8.111650] pci 0000:02:06.0: BAR 14: no space for [mem size 0x00200000]
[    8.111652] pci 0000:02:06.0: BAR 14: failed to assign [mem size 0x00200000]
[    8.111654] pci 0000:02:06.0: BAR 15: assigned [mem 0x20000c00000-0x20000dfffff 64bit pref]
[    8.111655] pci 0000:02:07.0: BAR 14: no space for [mem size 0x00200000]
[    8.111657] pci 0000:02:07.0: BAR 14: failed to assign [mem size 0x00200000]
[    8.111658] pci 0000:02:07.0: BAR 15: assigned [mem 0x20000e00000-0x20000ffffff 64bit pref]
[    8.111660] pci 0000:02:00.0: BAR 13: no space for [io  size 0x1000]
[    8.111662] pci 0000:02:00.0: BAR 13: failed to assign [io  size 0x1000]
[    8.111663] pci 0000:02:01.0: BAR 13: no space for [io  size 0x1000]
[    8.111664] pci 0000:02:01.0: BAR 13: failed to assign [io  size 0x1000]
[    8.111666] pci 0000:02:02.0: BAR 13: no space for [io  size 0x1000]
[    8.111667] pci 0000:02:02.0: BAR 13: failed to assign [io  size 0x1000]
[    8.111669] pci 0000:02:03.0: BAR 13: no space for [io  size 0x1000]
[    8.111670] pci 0000:02:03.0: BAR 13: failed to assign [io  size 0x1000]
[    8.111671] pci 0000:02:04.0: BAR 13: no space for [io  size 0x1000]
[    8.111673] pci 0000:02:04.0: BAR 13: failed to assign [io  size 0x1000]
[    8.111674] pci 0000:02:05.0: BAR 13: no space for [io  size 0x1000]
[    8.111675] pci 0000:02:05.0: BAR 13: failed to assign [io  size 0x1000]
[    8.111677] pci 0000:02:06.0: BAR 13: no space for [io  size 0x1000]
[    8.111678] pci 0000:02:06.0: BAR 13: failed to assign [io  size 0x1000]
[    8.111680] pci 0000:02:07.0: BAR 13: no space for [io  size 0x1000]
[    8.111681] pci 0000:02:07.0: BAR 13: failed to assign [io  size 0x1000]
[    8.111683] pci 0000:02:00.0: PCI bridge to [bus 03]
[    8.111739] pci 0000:02:00.0:   bridge window [mem 0xc7400000-0xc74fffff]
[    8.111843] pci 0000:02:00.0:   bridge window [mem 0x20000000000-0x200001fffff 64bit pref]
[    8.112014] pci 0000:02:01.0: PCI bridge to [bus 04]
[    8.112067] pci 0000:02:01.0:   bridge window [mem 0xc7300000-0xc73fffff]
[    8.112170] pci 0000:02:01.0:   bridge window [mem 0x20000200000-0x200003fffff 64bit pref]
[    8.112344] pci 0000:02:02.0: PCI bridge to [bus 05]
[    8.112508] pci 0000:02:02.0:   bridge window [mem 0x20000400000-0x200005fffff 64bit pref]
